11-06 04:07:05.459  5117  5117 D EventStateReceiver: [c] IS_VISIBLE_WINDOW #1:true, IS_MOVABLE_KEYPAD:false
11-06 04:07:05.459  5117  5117 E EventStateReceiver: mIsOpenIME:true  isOpenIME:true
11-06 04:07:05.462   313  2188 I SurfaceFlinger: id=5150 Removed Starting com.jexapps.bloodhub (4/11)
11-06 04:07:05.466   313  2188 I SurfaceFlinger: id=5150 Removed Starting com.jexapps.bloodhub (-2/11)
11-06 04:07:05.469 30051 30051 E ProxyStatusReceiver: no this type!
11-06 04:07:05.479   313   313 D libEGL  : eglTerminate EGLDisplay = 0xbeddf32c
11-06 04:07:05.499   888  2662 V WindowStateAnimator: Finishing drawing window Window{8935fa3 u0 d0 InputMethod}: mDrawState=DRAW_PENDING
11-06 04:07:05.502 30785 30785 D ViewRootImpl: MSG_RESIZED: ci=Rect(0, 63 - 0, 602) vi=Rect(0, 63 - 0, 602) or=1
11-06 04:07:05.512   313   313 D libEGL  : eglInitialize EGLDisplay = 0xbeddf2cc
11-06 04:07:05.519 30785 30785 W DisplayListCanvas: DisplayListCanvas is started on unbinded RenderNode (without mOwningView)
11-06 04:07:05.519 30785 30785 W DisplayListCanvas: DisplayListCanvas is started on unbinded RenderNode (without mOwningView)
11-06 04:07:05.796  1453  1976 D NetworkController.MobileSignalController(0/1): onSignalStrengthsChanged signalStrength=SignalStrength: 13 99 -120 -160 -120 -1 -1 99 2147483647 2147483647 2147483647 -1 2147483647 0x6 gsm|lte level=4
11-06 04:07:05.796  1453  1976 D NetworkController.MobileSignalController(0/1): getMobileIconGroup(): 10
11-06 04:07:05.952   888  1321 D InputReader: Input event(10): value=1 when=161230509424000
11-06 04:07:05.956   888  1321 I InputReader: Touch event's action is 0x0 (deviceType=0) [pCnt=1, s=0.27262 ] when=161230509454000
11-06 04:07:05.956   888  1320 I InputDispatcher: Delivering touch to (1453): action: 0x4, toolType: 1
11-06 04:07:05.956   888  1320 I InputDispatcher: Delivering touch to (5117): action: 0x4, toolType: 1
11-06 04:07:05.956   888  1320 I InputDispatcher: Delivering touch to (30785): action: 0x0, toolType: 1
11-06 04:07:05.956   888  1321 D InputReader: lastThreadEndTime = 161229439880998, currentThreadStartTime = 161229439884227, diff = 0
11-06 04:07:05.956 30785 30785 D ViewRootImpl: ViewPostImeInputStage processPointer 0
11-06 04:07:05.959  5117  5117 D AutoHideHelper: ###check Single invalid
--------- beginning of system
11-06 04:07:05.976  1521  1521 D Recents : onTaskStackChanged
11-06 04:07:06.029 30848 30848 E Zygote  : v2
11-06 04:07:06.029 30848 30848 I libpersona: KNOX_SDCARD checking this for 1000
11-06 04:07:06.029 30848 30848 I libpersona: KNOX_SDCARD not a persona
11-06 04:07:06.032 30848 30848 W SELinux : Function: selinux_compare_spd_ram, index[1], priority [2], priority version is VE=SEPF_SECMOBILE_6.0.1_0004
11-06 04:07:06.032 30848 30848 E Zygote  : accessInfo : 0
11-06 04:07:06.036   888   954 I ActivityManager: Start proc 30848:com.trustonic.tuiservice/1000 for service com.trustonic.tuiservice/.TuiService
11-06 04:07:06.039   888  1366 I PersonaManager: mKnoxInfo is empty
11-06 04:07:06.046   888  1321 D InputReader: Input event(10): value=0 when=161230600949000
11-06 04:07:06.046   888  1321 I InputReader: Touch event's action is 0x1 (deviceType=0) [pCnt=1, s=] when=161230600950000
11-06 04:07:06.046   888  1320 I InputDispatcher: Delivering touch to (30785): action: 0x1, toolType: 1
11-06 04:07:06.046 30785 30785 D ViewRootImpl: ViewPostImeInputStage processPointer 1
11-06 04:07:06.049   888   888 D InputMethodManagerService: [HARDWARE_KEYBOARD] (refreshImeWindowVis) mImeWindowVis= 3 inputVisible = truehaveHardKeyboard = false hardKeyShown = false
11-06 04:07:06.052   888   954 V BroadcastQueue: [background] Process cur broadcast BroadcastRecord{ebda812 u0 ResponseAxT9Info qIdx=4}, state= (APP_RECEIVE) DELIVERED for app ProcessRecord{ae2c676 5117:com.bst.airmessage/u0a1}
11-06 04:07:06.056  5117  5117 D EventStateReceiver: [c] IS_VISIBLE_WINDOW #1:true, IS_MOVABLE_KEYPAD:false
11-06 04:07:06.056  5117  5117 E EventStateReceiver: mIsOpenIME:true  isOpenIME:true
11-06 04:07:06.066 30051 30051 E ProxyStatusReceiver: no this type!
11-06 04:07:06.066   888  2066 V BroadcastQueue: [background] Process cur broadcast BroadcastRecord{ebda812 u0 ResponseAxT9Info qIdx=4}, state= (APP_RECEIVE) DELIVERED for app ProcessRecord{e90da55 30051:com.bst.floatingmsgproxy/u0a1}
11-06 04:07:06.066   888   977 E AutomaticBrightnessController: [DAB] printLastLightSensorEvent : lastLightSensorEventTime = 161229622 lastLightSensorValue = 0.0
11-06 04:07:06.069 30860 30860 F libc    : page record for 0xb6edf01c was not found (block_size=16)
11-06 04:07:06.082   888   888 D InputMethodManagerService: [HARDWARE_KEYBOARD] (refreshImeWindowVis) mImeWindowVis= 3 inputVisible = truehaveHardKeyboard = false hardKeyShown = false
11-06 04:07:06.086  5117  5117 D EventStateReceiver: [c] IS_VISIBLE_WINDOW #1:true, IS_MOVABLE_KEYPAD:false
11-06 04:07:06.086  5117  5117 E EventStateReceiver: mIsOpenIME:true  isOpenIME:true
11-06 04:07:06.086   888   954 V BroadcastQueue: [background] Process cur broadcast BroadcastRecord{fe23be3 u0 ResponseAxT9Info qIdx=4}, state= (APP_RECEIVE) DELIVERED for app ProcessRecord{ae2c676 5117:com.bst.airmessage/u0a1}
11-06 04:07:06.092 30051 30051 E ProxyStatusReceiver: no this type!
11-06 04:07:06.092 30848 30848 I InjectionManager: Inside getClassLibPath + mLibMap{0=, 1=}
11-06 04:07:06.092   888  2068 V BroadcastQueue: [background] Process cur broadcast BroadcastRecord{fe23be3 u0 ResponseAxT9Info qIdx=4}, state= (APP_RECEIVE) DELIVERED for app ProcessRecord{e90da55 30051:com.bst.floatingmsgproxy/u0a1}
11-06 04:07:06.092 30848 30848 W ResourcesManager: getTopLevelResources: /system/app/TuiService/TuiService.apk / 1.0 running in com.trustonic.tuiservice rsrc of package com.trustonic.tuiservice
11-06 04:07:06.092   888  1366 I InjectionManagerService -AppFeature: getCoreFeaturePkgList :[]
11-06 04:07:06.096 30848 30848 I InjectionManager: Inside getClassLibPath caller 
11-06 04:07:06.096 30848 30848 D ResourcesManager: For user 0 new overlays fetched Null
11-06 04:07:06.102 30848 30848 D InjectionManager: InjectionManager
11-06 04:07:06.102 30848 30848 D InjectionManager: fillFeatureStoreMap com.trustonic.tuiservice
11-06 04:07:06.102 30848 30848 I InjectionManager: Constructor com.trustonic.tuiservice, Feature store :{}
11-06 04:07:06.102 30848 30848 I InjectionManager: featureStore :{}
11-06 04:07:06.109 30848 30848 I TlcTuiJni: JNI_OnLoad;256
11-06 04:07:06.109 30848 30848 I TlcTuiJni: JNI_OnLoad: TuiTlcWrapperClass = 200021;270
11-06 04:07:06.109 30848 30848 I TlcTuiJni: JNI_OnLoad: gVm = B47B4000 vm = B47B4000;283
11-06 04:07:06.109 30848 30848 I TlcTuiJni: calling tlcLaunch();228
11-06 04:07:06.109 30848 30868 I TlcTui  : mainThread: TlcTui start!;76
11-06 04:07:06.109 30848 30868 I TlcTui  : mainThread: open k-tlc device failed with errno No such file or directory.;99
11-06 04:07:06.136   888  2223 I ActivityManager: Process com.trustonic.tuiservice (pid 30848)(adj 5) has died(81,757)
11-06 04:07:06.136   888  2223 D ActivityManager: isAutoRunBlockedApp:: com.trustonic.tuiservice, Auto Run ON
11-06 04:07:06.136   888  2223 I ActivityManager: isWidgetUsingPkg : com.trustonic.tuiservice no widget is using.
11-06 04:07:06.136   888  2223 W ActivityManager: Scheduling restart of crashed service com.trustonic.tuiservice/.TuiService in 1000ms
11-06 04:07:06.146   350   350 I Zygote  : Process 30848 exited cleanly (1)
11-06 04:07:06.652   888  2223 E Sensors : Pressure old sensor_state 8737, new sensor_state : 8705 en : 0
11-06 04:07:06.659  1453  1453 D SensorManager: unregisterListener ::   
11-06 04:07:07.069  1453  1976 D NetworkController.MobileSignalController(0/1): onSignalStrengthsChanged signalStrength=SignalStrength: 12 99 -120 -160 -120 -1 -1 99 2147483647 2147483647 2147483647 -1 2147483647 0x6 gsm|lte level=4
11-06 04:07:07.069  1453  1976 D NetworkController.MobileSignalController(0/1): getMobileIconGroup(): 10
11-06 04:07:07.076   888  1321 D InputReader: Input event(10): value=1 when=161231633173000
11-06 04:07:07.076   888  1321 I InputReader: Touch event's action is 0x0 (deviceType=0) [pCnt=1, s=0.27263 ] when=161231633183000
11-06 04:07:07.079   888  1320 I InputDispatcher: Delivering touch to (1453): action: 0x4, toolType: 1
11-06 04:07:07.079   888  1320 I InputDispatcher: Delivering touch to (5117): action: 0x4, toolType: 1
11-06 04:07:07.079   888  1320 I InputDispatcher: Delivering touch to (10577): action: 0x0, toolType: 1
11-06 04:07:07.079 10577 10577 D ViewRootImpl: ViewPostImeInputStage processPointer 0
11-06 04:07:07.079   888  1321 D InputReader: lastThreadEndTime = 161230601088562, currentThreadStartTime = 161230601091427, diff = 0
11-06 04:07:07.079  5117  5117 D AutoHideHelper: ###check Single invalid
11-06 04:07:07.086 30874 30874 F libc    : page record for 0xb6f3401c was not found (block_size=16)
11-06 04:07:07.089 10577 10577 D TextView: setTypeface with style : 0
11-06 04:07:07.089 10577 10577 D TextView: setTypeface with style : 0
11-06 04:07:07.116   313   313 D libEGL  : eglInitialize EGLDisplay = 0xbeddf2cc
11-06 04:07:07.136   313   313 D libEGL  : eglInitialize EGLDisplay = 0xbeddf2cc
11-06 04:07:07.146 30875 30875 E Zygote  : v2
11-06 04:07:07.146 30875 30875 I libpersona: KNOX_SDCARD checking this for 1000
11-06 04:07:07.146 30875 30875 I libpersona: KNOX_SDCARD not a persona
11-06 04:07:07.149 30875 30875 W SELinux : Function: selinux_compare_spd_ram, index[1], priority [2], priority version is VE=SEPF_SECMOBILE_6.0.1_0004
11-06 04:07:07.149 30875 30875 E Zygote  : accessInfo : 0
11-06 04:07:07.149   888   954 I ActivityManager: Start proc 30875:com.trustonic.tuiservice/1000 for service com.trustonic.tuiservice/.TuiService
11-06 04:07:07.169   888  1321 D InputReader: Input event(10): value=0 when=161231724728000
11-06 04:07:07.169   888  1321 I InputReader: Touch event's action is 0x1 (deviceType=0) [pCnt=1, s=] when=161231724729000
11-06 04:07:07.169   888  1320 I InputDispatcher: Delivering touch to (10577): action: 0x1, toolType: 1
11-06 04:07:07.169 10577 10577 D ViewRootImpl: ViewPostImeInputStage processPointer 1
11-06 04:07:07.186 30785 30785 W DisplayListCanvas: DisplayListCanvas is started on unbinded RenderNode (without mOwningView)
11-06 04:07:07.189 30875 30875 W ResourcesManager: getTopLevelResources: /system/app/TuiService/TuiService.apk / 1.0 running in com.trustonic.tuiservice rsrc of package com.trustonic.tuiservice
11-06 04:07:07.192 30875 30875 I InjectionManager: Inside getClassLibPath + mLibMap{0=, 1=}
11-06 04:07:07.192   888  5685 I InjectionManagerService -AppFeature: getCoreFeaturePkgList :[]
11-06 04:07:07.192 30875 30875 D ResourcesManager: For user 0 new overlays fetched Null
11-06 04:07:07.196 30875 30875 I InjectionManager: Inside getClassLibPath caller 
11-06 04:07:07.206 30875 30875 D InjectionManager: InjectionManager
11-06 04:07:07.206 30875 30875 D InjectionManager: fillFeatureStoreMap com.trustonic.tuiservice
11-06 04:07:07.206 30875 30875 I InjectionManager: Constructor com.trustonic.tuiservice, Feature store :{}
11-06 04:07:07.206 30875 30875 I InjectionManager: featureStore :{}
11-06 04:07:07.209 30875 30875 I TlcTuiJni: JNI_OnLoad;256
11-06 04:07:07.209 30875 30875 I TlcTuiJni: JNI_OnLoad: TuiTlcWrapperClass = 200021;270
11-06 04:07:07.209 30875 30875 I TlcTuiJni: JNI_OnLoad: gVm = B47B4000 vm = B47B4000;283
11-06 04:07:07.209 30875 30875 I TlcTuiJni: calling tlcLaunch();228
11-06 04:07:07.212 30875 30889 I TlcTui  : mainThread: TlcTui start!;76
11-06 04:07:07.212 30875 30889 I TlcTui  : mainThread: open k-tlc device failed with errno No such file or directory.;99
11-06 04:07:07.242   888  2223 I ActivityManager: Process com.trustonic.tuiservice (pid 30875)(adj 5) has died(81,757)
11-06 04:07:07.242   888  2223 D ActivityManager: isAutoRunBlockedApp:: com.trustonic.tuiservice, Auto Run ON
11-06 04:07:07.242   888  2223 I ActivityManager: isWidgetUsingPkg : com.trustonic.tuiservice no widget is using.
11-06 04:07:07.242   888  2223 W ActivityManager: Scheduling restart of crashed service com.trustonic.tuiservice/.TuiService in 1000ms
11-06 04:07:07.252   350   350 I Zygote  : Process 30875 exited cleanly (1)
11-06 04:07:07.416   888  1321 D InputReader: Input event(10): value=1 when=161231972937000
11-06 04:07:07.416   888  1321 I InputReader: Touch event's action is 0x0 (deviceType=0) [pCnt=1, s=0.27264 ] when=161231972950000
11-06 04:07:07.416   888  1320 I InputDispatcher: Delivering touch to (1453): action: 0x4, toolType: 1
11-06 04:07:07.416   888  1320 I InputDispatcher: Delivering touch to (5117): action: 0x4, toolType: 1
11-06 04:07:07.416   888  1320 I InputDispatcher: Delivering touch to (10577): action: 0x0, toolType: 1
11-06 04:07:07.416   888  1321 D InputReader: lastThreadEndTime = 161231724868882, currentThreadStartTime = 161231724871799, diff = 0
11-06 04:07:07.419 10577 10577 D ViewRootImpl: ViewPostImeInputStage processPointer 0
11-06 04:07:07.419  5117  5117 D AutoHideHelper: ###check Single invalid
11-06 04:07:07.506   888  1321 D InputReader: Input event(10): value=0 when=161232062072000
11-06 04:07:07.506   888  1321 I InputReader: Touch event's action is 0x1 (deviceType=0) [pCnt=1, s=] when=161232062073000
11-06 04:07:07.506   888  1320 I InputDispatcher: Delivering touch to (10577): action: 0x1, toolType: 1
11-06 04:07:07.506 10577 10577 D ViewRootImpl: ViewPostImeInputStage processPointer 1
11-06 04:07:07.522 30785 30785 W DisplayListCanvas: DisplayListCanvas is started on unbinded RenderNode (without mOwningView)
11-06 04:07:07.562   888  1321 D InputReader: Input event(10): value=1 when=161232119083000
11-06 04:07:07.562   888  1321 I InputReader: Touch event's action is 0x0 (deviceType=0) [pCnt=1, s=0.27265 ] when=161232119092000
11-06 04:07:07.562   888  1321 D InputReader: lastThreadEndTime = 161232062208604, currentThreadStartTime = 161232062211312, diff = 0
11-06 04:07:07.562   888  1320 I InputDispatcher: Delivering touch to (1453): action: 0x4, toolType: 1
11-06 04:07:07.562   888  1320 I InputDispatcher: Delivering touch to (5117): action: 0x4, toolType: 1
11-06 04:07:07.562   888  1320 I InputDispatcher: Delivering touch to (10577): action: 0x0, toolType: 1
11-06 04:07:07.562  5117  5117 D AutoHideHelper: ###check Single invalid
11-06 04:07:07.566 10577 10577 D ViewRootImpl: ViewPostImeInputStage processPointer 0
11-06 04:07:07.569 10577 10577 D TextView: setTypeface with style : 0
11-06 04:07:07.569 10577 10577 D TextView: setTypeface with style : 0
11-06 04:07:07.599   888  1320 D PowerManagerService: [api] userActivityFromNative : 30 (event: 2 flags: 0) eventTime = 161232152
11-06 04:07:07.649   888   977 E AutomaticBrightnessController: [DAB] printLastLightSensorEvent : lastLightSensorEventTime = 161231206 lastLightSensorValue = 0.0
11-06 04:07:07.652   888  1321 D InputReader: Input event(10): value=0 when=161232208142000
11-06 04:07:07.652   888  1321 I InputReader: Touch event's action is 0x1 (deviceType=0) [pCnt=1, s=] when=161232208144000
11-06 04:07:07.652   888  1320 I InputDispatcher: Delivering touch to (10577): action: 0x1, toolType: 1
11-06 04:07:07.652 10577 10577 D ViewRootImpl: ViewPostImeInputStage processPointer 1
11-06 04:07:07.659 30785 30785 W DisplayListCanvas: DisplayListCanvas is started on unbinded RenderNode (without mOwningView)
11-06 04:07:07.916   888  1432 W System.err: remove failed: ENOENT (No such file or directory) : /data/system/recent_tasks/4654_task.xml.bak
11-06 04:07:08.256   888  1321 D InputReader: Input event(10): value=1 when=161232811544000
11-06 04:07:08.256   888  1321 I InputReader: Touch event's action is 0x0 (deviceType=0) [pCnt=1, s=0.27266 ] when=161232811556000
11-06 04:07:08.256   888  1321 D InputReader: lastThreadEndTime = 161232208290649, currentThreadStartTime = 161232208293930, diff = 0
11-06 04:07:08.256   888  1320 I InputDispatcher: Delivering touch to (1453): action: 0x4, toolType: 1
11-06 04:07:08.256   888  1320 I InputDispatcher: Delivering touch to (5117): action: 0x4, toolType: 1
11-06 04:07:08.256   888  1320 I InputDispatcher: Delivering touch to (10577): action: 0x0, toolType: 1
11-06 04:07:08.256 10577 10577 D ViewRootImpl: ViewPostImeInputStage processPointer 0
11-06 04:07:08.266 30900 30900 E Zygote  : v2
11-06 04:07:08.266 30900 30900 W SELinux : Function: selinux_compare_spd_ram, index[1], priority [2], priority version is VE=SEPF_SECMOBILE_6.0.1_0004
11-06 04:07:08.266   888   954 I ActivityManager: Start proc 30900:com.trustonic.tuiservice/1000 for service com.trustonic.tuiservice/.TuiService
11-06 04:07:08.266 30900 30900 I libpersona: KNOX_SDCARD checking this for 1000
11-06 04:07:08.266 30900 30900 I libpersona: KNOX_SDCARD not a persona
11-06 04:07:08.269  5117  5117 D AutoHideHelper: ###check Single invalid
11-06 04:07:08.269 30900 30900 E Zygote  : accessInfo : 0
11-06 04:07:08.296 30900 30908 E art     : Failed writing handshake bytes (-1 of 14): Broken pipe
11-06 04:07:08.296 30900 30908 I art     : Debugger is no longer active
11-06 04:07:08.312 30900 30900 I InjectionManager: Inside getClassLibPath + mLibMap{0=, 1=}
11-06 04:07:08.312 30900 30900 W ResourcesManager: getTopLevelResources: /system/app/TuiService/TuiService.apk / 1.0 running in com.trustonic.tuiservice rsrc of package com.trustonic.tuiservice
11-06 04:07:08.312   888  2223 I InjectionManagerService -AppFeature: getCoreFeaturePkgList :[]
11-06 04:07:08.316 30900 30900 D ResourcesManager: For user 0 new overlays fetched Null
11-06 04:07:08.319 30900 30900 I InjectionManager: Inside getClassLibPath caller 
11-06 04:07:08.322 30900 30900 D InjectionManager: InjectionManager
11-06 04:07:08.322 30900 30900 D InjectionManager: fillFeatureStoreMap com.trustonic.tuiservice
11-06 04:07:08.326 30900 30900 I InjectionManager: Constructor com.trustonic.tuiservice, Feature store :{}
11-06 04:07:08.326 30900 30900 I InjectionManager: featureStore :{}
11-06 04:07:08.326   888  1321 D InputReader: Input event(10): value=0 when=161232881015000
11-06 04:07:08.326   888  1321 I InputReader: Touch event's action is 0x1 (deviceType=0) [pCnt=1, s=] when=161232881016000
11-06 04:07:08.326   888  1320 I InputDispatcher: Delivering touch to (10577): action: 0x1, toolType: 1
11-06 04:07:08.326 10577 10577 D ViewRootImpl: ViewPostImeInputStage processPointer 1
11-06 04:07:08.332 30785 30785 W DisplayListCanvas: DisplayListCanvas is started on unbinded RenderNode (without mOwningView)
11-06 04:07:08.336 30900 30900 I TlcTuiJni: JNI_OnLoad;256
11-06 04:07:08.336 30900 30900 I TlcTuiJni: JNI_OnLoad: TuiTlcWrapperClass = 200021;270
11-06 04:07:08.336 30900 30900 I TlcTuiJni: JNI_OnLoad: gVm = B47B4000 vm = B47B4000;283
11-06 04:07:08.336 30900 30900 I TlcTuiJni: calling tlcLaunch();228
11-06 04:07:08.336 30900 30915 I TlcTui  : mainThread: TlcTui start!;76
11-06 04:07:08.336 30900 30915 I TlcTui  : mainThread: open k-tlc device failed with errno No such file or directory.;99
11-06 04:07:08.349  1453  1976 D NetworkController.MobileSignalController(0/1): onSignalStrengthsChanged signalStrength=SignalStrength: 12 99 -120 -160 -120 -1 -1 99 2147483647 2147483647 2147483647 -1 2147483647 0x6 gsm|lte level=4
11-06 04:07:08.349  1453  1976 D NetworkController.MobileSignalController(0/1): getMobileIconGroup(): 10
11-06 04:07:08.349  1453  1976 D NetworkController.MobileSignalController(0/1): onSignalStrengthsChanged signalStrength=SignalStrength: 12 99 -120 -160 -120 -1 -1 99 2147483647 2147483647 2147483647 -1 2147483647 0x6 gsm|lte level=4
11-06 04:07:08.349  1453  1976 D NetworkController.MobileSignalController(0/1): getMobileIconGroup(): 10
11-06 04:07:08.369   888  5685 I ActivityManager: Process com.trustonic.tuiservice (pid 30900)(adj 5) has died(80,757)
11-06 04:07:08.369   888  5685 D ActivityManager: isAutoRunBlockedApp:: com.trustonic.tuiservice, Auto Run ON
11-06 04:07:08.369   888  5685 I ActivityManager: isWidgetUsingPkg : com.trustonic.tuiservice no widget is using.
11-06 04:07:08.369   888  5685 W ActivityManager: Scheduling restart of crashed service com.trustonic.tuiservice/.TuiService in 1000ms
11-06 04:07:08.379   350   350 I Zygote  : Process 30900 exited cleanly (1)
11-06 04:07:08.549   888  1385 D ConnectivityService: updateCapabilities: oldCap = [ Transports: WIFI Capabilities: INTERNET&NOT_RESTRICTED&TRUSTED&NOT_VPN&VALIDATED LinkUpBandwidth>=1048576Kbps LinkDnBandwidth>=1048576Kbps SignalStrength: -61], newCap = [ Transports: WIFI Capabilities: INTERNET&NOT_RESTRICTED&TRUSTED&NOT_VPN LinkUpBandwidth>=1048576Kbps LinkDnBandwidth>=1048576Kbps SignalStrength: -74]
11-06 04:07:08.549   888  1385 D ConnectivityService: rematching NetworkAgentInfo [WIFI () - 747]
11-06 04:07:08.549   888  1385 D ConnectivityService:  network has: NetworkAgentInfo{ ni{[type: WIFI[] - WIFI, state: CONNECTED/CONNECTED, reason: (unspecified), extra: "IPHONE", roaming: false, failover: false, isAvailable: true]}  network{747}  lp{{InterfaceName: wlan0 LinkAddresses: [fe80::12a5:d0ff:fe54:4129/64,10.130.6.9/16,]  Routes: [fe80::/64 -> :: wlan0,10.130.0.0/16 -> 0.0.0.0 wlan0,0.0.0.0/0 -> 10.130.0.1 wlan0,] DnsAddresses: [10.99.0.17,10.99.0.1,] Domains: lums.net MTU: 0 TcpBufferSizes: 524288,1048576,4525824,524288,1048576,4525824}}  nc{[ Transports: WIFI Capabilities: INTERNET&NOT_RESTRICTED&TRUSTED&NOT_VPN&VALIDATED LinkUpBandwidth>=1048576Kbps LinkDnBandwidth>=1048576Kbps SignalStrength: -74]}  Score{60}  everValidated{true}  lastValidated{true}  created{true} lingering{false} explicitlySelected{true} acceptUnvalidated{false} everCaptivePortalDetected{false} lastCaptivePortalDetected{false} }
11-06 04:07:08.549   888  1385 D ConnectivityService:   checking if request is: NetworkRequest [ id=270, legacyType=-1, [ Capabilities: INTERNET&NOT_RESTRICTED&TRUSTED&NOT_VPN] ] satisfies: true nri.isRequest: false
11-06 04:07:08.549   888  1385 D ConnectivityService:   checking if request is: NetworkRequest [ id=284, legacyType=-1, [ Capabilities: INTERNET&NOT_RESTRICTED&TRUSTED] ] satisfies: true nri.isRequest: false
11-06 04:07:08.549   888  1385 D ConnectivityService:   checking if request is: NetworkRequest [ id=278, legacyType=-1, [ Capabilities: INTERNET&NOT_RESTRICTED&TRUSTED] ] satisfies: true nri.isRequest: false
11-06 04:07:08.549   888  1385 D ConnectivityService: Network NetworkAgentInfo [WIFI () - 747] was already satisfying request 1. No change.
11-06 04:07:08.552   888  1385 D ConnectivityService:   checking if request is: NetworkRequest [ id=287, legacyType=-1, [ Capabilities: INTERNET&NOT_RESTRICTED&TRUSTED] ] satisfies: true nri.isRequest: false
11-06 04:07:08.552   888  1385 D ConnectivityService:   checking if request is: NetworkRequest [ id=5, legacyType=-1, [] ] satisfies: true nri.isRequest: false
11-06 04:07:08.552   888  1385 D ConnectivityService:   checking if request is: NetworkRequest [ id=4, legacyType=-1, [ Transports: WIFI Capabilities: INTERNET&NOT_RESTRICTED&TRUSTED&NOT_VPN] ] satisfies: true nri.isRequest: false
11-06 04:07:08.552   888  1385 D ConnectivityService:   checking if request is: NetworkRequest [ id=295, legacyType=-1, [ Capabilities: INTERNET&NOT_RESTRICTED&TRUSTED] ] satisfies: true nri.isRequest: false
11-06 04:07:08.552   888  1385 D ConnectivityService:   checking if request is: NetworkRequest [ id=294, legacyType=-1, [ Capabilities: INTERNET&NOT_RESTRICTED&TRUSTED] ] satisfies: true nri.isRequest: false
11-06 04:07:08.552   888  1385 D ConnectivityService:   checking if request is: NetworkRequest [ id=3, legacyType=-1, [ Transports: CELLULAR Capabilities: INTERNET&NOT_RESTRICTED&TRUSTED&NOT_VPN] ] satisfies: false nri.isRequest: false
11-06 04:07:08.552   888  1385 D ConnectivityService:   checking if request is: NetworkRequest [ id=286, legacyType=-1, [ Capabilities: INTERNET&NOT_RESTRICTED&TRUSTED] ] satisfies: true nri.isRequest: false
11-06 04:07:08.552   888  1385 D ConnectivityService:   checking if request is: NetworkRequest [ id=277, legacyType=-1, [ Capabilities: INTERNET&NOT_RESTRICTED&TRUSTED] ] satisfies: true nri.isRequest: false
11-06 04:07:08.552   888  1385 D ConnectivityService:   checking if request is: NetworkRequest [ id=300, legacyType=-1, [ Capabilities: INTERNET&NOT_RESTRICTED&TRUSTED&NOT_VPN] ] satisfies: true nri.isRequest: false
11-06 04:07:08.552   888  1385 D ConnectivityService: notifyType CAP_CHANGED for NetworkAgentInfo [WIFI () - 747]
11-06 04:07:08.552   888  1385 D ConnectivityService:  sending notification for NetworkRequest [ id=1, legacyType=-1, [ Capabilities: INTERNET&NOT_RESTRICTED&TRUSTED&NOT_VPN] ]
11-06 04:07:08.552   888  1385 D ConnectivityService:  sending notification for NetworkRequest [ id=4, legacyType=-1, [ Transports: WIFI Capabilities: INTERNET&NOT_RESTRICTED&TRUSTED&NOT_VPN] ]
11-06 04:07:08.556  1453  1976 D NetworkController: onReceive: intent=Intent { act=android.net.wifi.RSSI_CHANGED flg=0x4000010 bqHint=4 (has extras) }
11-06 04:07:08.556   888  1385 D ConnectivityService: sending notification CAP_CHANGED for NetworkRequest [ id=4, legacyType=-1, [ Transports: WIFI Capabilities: INTERNET&NOT_RESTRICTED&TRUSTED&NOT_VPN] ]
11-06 04:07:08.556   888  1385 D ConnectivityService:  sending notification for NetworkRequest [ id=5, legacyType=-1, [] ]
11-06 04:07:08.556   888  1385 D ConnectivityService: sending notification CAP_CHANGED for NetworkRequest [ id=5, legacyType=-1, [] ]
11-06 04:07:08.556   888  1385 D ConnectivityService:  sending notification for NetworkRequest [ id=270, legacyType=-1, [ Capabilities: INTERNET&NOT_RESTRICTED&TRUSTED&NOT_VPN] ]
11-06 04:07:08.556   888  1385 D ConnectivityService: sending notification CAP_CHANGED for NetworkRequest [ id=270, legacyType=-1, [ Capabilities: INTERNET&NOT_RESTRICTED&TRUSTED&NOT_VPN] ]
11-06 04:07:08.556   888  1385 D ConnectivityService:  sending notification for NetworkRequest [ id=277, legacyType=-1, [ Capabilities: INTERNET&NOT_RESTRICTED&TRUSTED] ]
11-06 04:07:08.556   888  1385 D ConnectivityService: sending notification CAP_CHANGED for NetworkRequest [ id=277, legacyType=-1, [ Capabilities: INTERNET&NOT_RESTRICTED&TRUSTED] ]
11-06 04:07:08.556   888  1385 D ConnectivityService:  sending notification for NetworkRequest [ id=278, legacyType=-1, [ Capabilities: INTERNET&NOT_RESTRICTED&TRUSTED] ]
11-06 04:07:08.559   888  1385 D ConnectivityService: sending notification CAP_CHANGED for NetworkRequest [ id=278, legacyType=-1, [ Capabilities: INTERNET&NOT_RESTRICTED&TRUSTED] ]
11-06 04:07:08.559   888  1385 D ConnectivityService:  sending notification for NetworkRequest [ id=284, legacyType=-1, [ Capabilities: INTERNET&NOT_RESTRICTED&TRUSTED] ]
11-06 04:07:08.559   888  1385 D ConnectivityService: sending notification CAP_CHANGED for NetworkRequest [ id=284, legacyType=-1, [ Capabilities: INTERNET&NOT_RESTRICTED&TRUSTED] ]
11-06 04:07:08.559   888  1385 D ConnectivityService:  sending notification for NetworkRequest [ id=286, legacyType=-1, [ Capabilities: INTERNET&NOT_RESTRICTED&TRUSTED] ]
11-06 04:07:08.559   888  1385 D ConnectivityService: sending notification CAP_CHANGED for NetworkRequest [ id=286, legacyType=-1, [ Capabilities: INTERNET&NOT_RESTRICTED&TRUSTED] ]
11-06 04:07:08.562   888  1385 D ConnectivityService:  sending notification for NetworkRequest [ id=287, legacyType=-1, [ Capabilities: INTERNET&NOT_RESTRICTED&TRUSTED] ]
11-06 04:07:08.562   888  1385 D ConnectivityService: sending notification CAP_CHANGED for NetworkRequest [ id=287, legacyType=-1, [ Capabilities: INTERNET&NOT_RESTRICTED&TRUSTED] ]
11-06 04:07:08.562   888  1385 D ConnectivityService:  sending notification for NetworkRequest [ id=294, legacyType=-1, [ Capabilities: INTERNET&NOT_RESTRICTED&TRUSTED] ]
11-06 04:07:08.562   888  1385 D ConnectivityService: sending notification CAP_CHANGED for NetworkRequest [ id=294, legacyType=-1, [ Capabilities: INTERNET&NOT_RESTRICTED&TRUSTED] ]
11-06 04:07:08.562   888  1385 D ConnectivityService:  sending notification for NetworkRequest [ id=295, legacyType=-1, [ Capabilities: INTERNET&NOT_RESTRICTED&TRUSTED] ]
11-06 04:07:08.562   888  1385 D ConnectivityService: sending notification CAP_CHANGED for NetworkRequest [ id=295, legacyType=-1, [ Capabilities: INTERNET&NOT_RESTRICTED&TRUSTED] ]
11-06 04:07:08.562   888  1385 D ConnectivityService:  sending notification for NetworkRequest [ id=300, legacyType=-1, [ Capabilities: INTERNET&NOT_RESTRICTED&TRUSTED&NOT_VPN] ]
11-06 04:07:08.562   888  1385 D ConnectivityService: sending notification CAP_CHANGED for NetworkRequest [ id=300, legacyType=-1, [ Capabilities: INTERNET&NOT_RESTRICTED&TRUSTED&NOT_VPN] ]
11-06 04:07:08.576  1453  1453 D QSTileView: handleLabelStateChanged() label = Wi-Fi cellWidth 179
11-06 04:07:08.632   888  1321 D InputReader: Input event(10): value=1 when=161233188563000
11-06 04:07:08.632   888  1321 I InputReader: Touch event's action is 0x0 (deviceType=0) [pCnt=1, s=0.27267 ] when=161233188576000
11-06 04:07:08.632   888  1321 D InputReader: lastThreadEndTime = 161232881161132, currentThreadStartTime = 161232881164726, diff = 0
11-06 04:07:08.632   888  1320 I InputDispatcher: Delivering touch to (1453): action: 0x4, toolType: 1
11-06 04:07:08.632   888  1320 I InputDispatcher: Delivering touch to (5117): action: 0x4, toolType: 1
11-06 04:07:08.632   888  1320 I InputDispatcher: Delivering touch to (10577): action: 0x0, toolType: 1
11-06 04:07:08.632 10577 10577 D ViewRootImpl: ViewPostImeInputStage processPointer 0
11-06 04:07:08.636  5117  5117 D AutoHideHelper: ###check Single invalid
11-06 04:07:08.712   888  1321 D InputReader: Input event(10): value=0 when=161233269245000
11-06 04:07:08.712   888  1321 I InputReader: Touch event's action is 0x1 (deviceType=0) [pCnt=1, s=] when=161233269247000
11-06 04:07:08.712   888  1320 I InputDispatcher: Delivering touch to (10577): action: 0x1, toolType: 1
11-06 04:07:08.712 10577 10577 D ViewRootImpl: ViewPostImeInputStage processPointer 1
11-06 04:07:08.722 30785 30785 W DisplayListCanvas: DisplayListCanvas is started on unbinded RenderNode (without mOwningView)
11-06 04:07:09.022   888  1321 D InputReader: Input event(10): value=1 when=161233576877000
11-06 04:07:09.022   888  1321 I InputReader: Touch event's action is 0x0 (deviceType=0) [pCnt=1, s=0.27268 ] when=161233576889000
11-06 04:07:09.022   888  1321 D InputReader: lastThreadEndTime = 161233269385286, currentThreadStartTime = 161233269388411, diff = 0
11-06 04:07:09.022   888  1320 I InputDispatcher: Delivering touch to (1453): action: 0x4, toolType: 1
11-06 04:07:09.022   888  1320 I InputDispatcher: Delivering touch to (5117): action: 0x4, toolType: 1
11-06 04:07:09.022   888  1320 I InputDispatcher: Delivering touch to (10577): action: 0x0, toolType: 1
11-06 04:07:09.022 10577 10577 D ViewRootImpl: ViewPostImeInputStage processPointer 0
11-06 04:07:09.026  5117  5117 D AutoHideHelper: ###check Single invalid
11-06 04:07:09.092   888  1321 D InputReader: Input event(10): value=0 when=161233646354000
11-06 04:07:09.092   888  1321 I InputReader: Touch event's action is 0x1 (deviceType=0) [pCnt=1, s=] when=161233646356000
11-06 04:07:09.092   888  1320 I InputDispatcher: Delivering touch to (10577): action: 0x1, toolType: 1
11-06 04:07:09.092 10577 10577 D ViewRootImpl: ViewPostImeInputStage processPointer 1
11-06 04:07:09.109 30785 30785 W DisplayListCanvas: DisplayListCanvas is started on unbinded RenderNode (without mOwningView)
11-06 04:07:09.379   888   954 I ActivityManager: Start proc 30932:com.trustonic.tuiservice/1000 for service com.trustonic.tuiservice/.TuiService
11-06 04:07:09.382 30932 30932 E Zygote  : v2
11-06 04:07:09.382 30932 30932 W SELinux : Function: selinux_compare_spd_ram, index[1], priority [2], priority version is VE=SEPF_SECMOBILE_6.0.1_0004
11-06 04:07:09.382 30932 30932 I libpersona: KNOX_SDCARD checking this for 1000
11-06 04:07:09.382 30932 30932 I libpersona: KNOX_SDCARD not a persona
11-06 04:07:09.386 30932 30932 E Zygote  : accessInfo : 0
11-06 04:07:09.432 30932 30932 W ResourcesManager: getTopLevelResources: /system/app/TuiService/TuiService.apk / 1.0 running in com.trustonic.tuiservice rsrc of package com.trustonic.tuiservice
11-06 04:07:09.436 30932 30932 I InjectionManager: Inside getClassLibPath + mLibMap{0=, 1=}
11-06 04:07:09.436   888  2662 I InjectionManagerService -AppFeature: getCoreFeaturePkgList :[]
11-06 04:07:09.436 30932 30932 D ResourcesManager: For user 0 new overlays fetched Null
11-06 04:07:09.439 30932 30932 I InjectionManager: Inside getClassLibPath caller 
11-06 04:07:09.446 30932 30932 D InjectionManager: InjectionManager
11-06 04:07:09.446 30932 30932 D InjectionManager: fillFeatureStoreMap com.trustonic.tuiservice
11-06 04:07:09.452 30932 30932 I InjectionManager: Constructor com.trustonic.tuiservice, Feature store :{}
11-06 04:07:09.452 30932 30932 I InjectionManager: featureStore :{}
11-06 04:07:09.456 30932 30932 I TlcTuiJni: JNI_OnLoad;256
11-06 04:07:09.456 30932 30932 I TlcTuiJni: JNI_OnLoad: TuiTlcWrapperClass = 200021;270
11-06 04:07:09.456 30932 30932 I TlcTuiJni: JNI_OnLoad: gVm = B47B4000 vm = B47B4000;283
11-06 04:07:09.456 30932 30932 I TlcTuiJni: calling tlcLaunch();228
11-06 04:07:09.456 30932 30946 I TlcTui  : mainThread: TlcTui start!;76
11-06 04:07:09.456 30932 30946 I TlcTui  : mainThread: open k-tlc device failed with errno No such file or directory.;99
11-06 04:07:09.482   888  2662 I ActivityManager: Process com.trustonic.tuiservice (pid 30932)(adj 5) has died(81,757)
11-06 04:07:09.482   888  2662 D ActivityManager: isAutoRunBlockedApp:: com.trustonic.tuiservice, Auto Run ON
11-06 04:07:09.482   888  2662 I ActivityManager: isWidgetUsingPkg : com.trustonic.tuiservice no widget is using.
11-06 04:07:09.482   888  2662 W ActivityManager: Scheduling restart of crashed service com.trustonic.tuiservice/.TuiService in 1000ms
11-06 04:07:09.496   350   350 I Zygote  : Process 30932 exited cleanly (1)
11-06 04:07:09.612   888  1321 D InputReader: Input event(10): value=1 when=161234170296000
11-06 04:07:09.616   888  1321 I InputReader: Touch event's action is 0x0 (deviceType=0) [pCnt=1, s=0.27269 ] when=161234170307000
11-06 04:07:09.616   888  1321 D InputReader: lastThreadEndTime = 161233646475532, currentThreadStartTime = 161233646478813, diff = 0
11-06 04:07:09.616   888  1320 I InputDispatcher: Delivering touch to (1453): action: 0x4, toolType: 1
11-06 04:07:09.616   888  1320 I InputDispatcher: Delivering touch to (5117): action: 0x4, toolType: 1
11-06 04:07:09.616   888  1320 I InputDispatcher: Delivering touch to (10577): action: 0x0, toolType: 1
11-06 04:07:09.616  5117  5117 D AutoHideHelper: ###check Single invalid
11-06 04:07:09.616 10577 10577 D ViewRootImpl: ViewPostImeInputStage processPointer 0
11-06 04:07:09.626  1453  1976 D NetworkController.MobileSignalController(0/1): onSignalStrengthsChanged signalStrength=SignalStrength: 11 99 -120 -160 -120 -1 -1 99 2147483647 2147483647 2147483647 -1 2147483647 0x5 gsm|lte level=4
11-06 04:07:09.629  1453  1976 D NetworkController.MobileSignalController(0/1): getMobileIconGroup(): 10
11-06 04:07:09.726   888  1321 D InputReader: Input event(10): value=0 when=161234282028000
11-06 04:07:09.726   888  1321 I InputReader: Touch event's action is 0x1 (deviceType=0) [pCnt=1, s=] when=161234282030000
11-06 04:07:09.726   888  1320 I InputDispatcher: Delivering touch to (10577): action: 0x1, toolType: 1
11-06 04:07:09.726 10577 10577 D ViewRootImpl: ViewPostImeInputStage processPointer 1
11-06 04:07:09.736 30785 30785 W DisplayListCanvas: DisplayListCanvas is started on unbinded RenderNode (without mOwningView)
11-06 04:07:09.756   888   977 E AutomaticBrightnessController: [DAB] printLastLightSensorEvent : lastLightSensorEventTime = 161233313 lastLightSensorValue = 0.0
11-06 04:07:09.929   888  1321 D InputReader: Input event(10): value=1 when=161234485113000
11-06 04:07:09.929   888  1321 I InputReader: Touch event's action is 0x0 (deviceType=0) [pCnt=1, s=0.27270 ] when=161234485122000
11-06 04:07:09.929   888  1320 I InputDispatcher: Delivering touch to (1453): action: 0x4, toolType: 1
11-06 04:07:09.929   888  1320 I InputDispatcher: Delivering touch to (5117): action: 0x4, toolType: 1
11-06 04:07:09.929   888  1320 I InputDispatcher: Delivering touch to (10577): action: 0x0, toolType: 1
11-06 04:07:09.929   888  1321 D InputReader: lastThreadEndTime = 161234282168980, currentThreadStartTime = 161234282171741, diff = 0
11-06 04:07:09.929 10577 10577 D ViewRootImpl: ViewPostImeInputStage processPointer 0
11-06 04:07:09.932  5117  5117 D AutoHideHelper: ###check Single invalid
11-06 04:07:09.986   888  1321 D InputReader: Input event(10): value=0 when=161234540445000
11-06 04:07:09.986   888  1321 I InputReader: Touch event's action is 0x1 (deviceType=0) [pCnt=1, s=] when=161234540446000
11-06 04:07:09.986   888  1320 I InputDispatcher: Delivering touch to (10577): action: 0x1, toolType: 1
11-06 04:07:09.986 10577 10577 D ViewRootImpl: ViewPostImeInputStage processPointer 1
11-06 04:07:10.006 30785 30785 W DisplayListCanvas: DisplayListCanvas is started on unbinded RenderNode (without mOwningView)
11-06 04:07:10.352   888  1321 D InputReader: Input event(10): value=1 when=161234907048000
11-06 04:07:10.352   888  1321 I InputReader: Touch event's action is 0x0 (deviceType=0) [pCnt=1, s=0.27271 ] when=161234907061000
11-06 04:07:10.352   888  1321 D InputReader: lastThreadEndTime = 161234540624317, currentThreadStartTime = 161234540627442, diff = 0
11-06 04:07:10.352   888  1320 I InputDispatcher: Delivering touch to (1453): action: 0x4, toolType: 1
11-06 04:07:10.352   888  1320 I InputDispatcher: Delivering touch to (5117): action: 0x4, toolType: 1
11-06 04:07:10.352   888  1320 I InputDispatcher: Delivering touch to (10577): action: 0x0, toolType: 1
11-06 04:07:10.352 10577 10577 D ViewRootImpl: ViewPostImeInputStage processPointer 0
11-06 04:07:10.352  5117  5117 D AutoHideHelper: ###check Single invalid
11-06 04:07:10.429   888  1321 D InputReader: Input event(10): value=0 when=161234985089000
11-06 04:07:10.429   888  1321 I InputReader: Touch event's action is 0x1 (deviceType=0) [pCnt=1, s=] when=161234985090000
11-06 04:07:10.429   888  1320 I InputDispatcher: Delivering touch to (10577): action: 0x1, toolType: 1
11-06 04:07:10.429 10577 10577 D ViewRootImpl: ViewPostImeInputStage processPointer 1
11-06 04:07:10.436   888  5684 D SensorService: SensorEventConnection::SocketBufferSize, SystemSocketBufferSize - 102400, 2097152
11-06 04:07:10.436   888  2223 E Sensors : Pressure old sensor_state 8705, new sensor_state : 8737 en : 1
11-06 04:07:10.442  1453  1453 D SensorManager: registerListener :: 4, Barometer Sensor, 200000, 0,  
11-06 04:07:10.446 30785 30785 W DisplayListCanvas: DisplayListCanvas is started on unbinded RenderNode (without mOwningView)
11-06 04:07:10.492 30964 30964 E Zygote  : v2
11-06 04:07:10.492   888   954 I ActivityManager: Start proc 30964:com.trustonic.tuiservice/1000 for service com.trustonic.tuiservice/.TuiService
11-06 04:07:10.492 30964 30964 I libpersona: KNOX_SDCARD checking this for 1000
11-06 04:07:10.492 30964 30964 I libpersona: KNOX_SDCARD not a persona
11-06 04:07:10.496 30964 30964 W SELinux : Function: selinux_compare_spd_ram, index[1], priority [2], priority version is VE=SEPF_SECMOBILE_6.0.1_0004
11-06 04:07:10.496 30964 30964 E Zygote  : accessInfo : 0
11-06 04:07:10.512 30964 30970 E art     : Failed writing handshake bytes (-1 of 14): Broken pipe
11-06 04:07:10.512 30964 30970 I art     : Debugger is no longer active
11-06 04:07:10.529 30964 30964 I InjectionManager: Inside getClassLibPath + mLibMap{0=, 1=}
11-06 04:07:10.529 30964 30964 W ResourcesManager: getTopLevelResources: /system/app/TuiService/TuiService.apk / 1.0 running in com.trustonic.tuiservice rsrc of package com.trustonic.tuiservice
11-06 04:07:10.529   888   903 I InjectionManagerService -AppFeature: getCoreFeaturePkgList :[]
11-06 04:07:10.536 30964 30964 D ResourcesManager: For user 0 new overlays fetched Null
11-06 04:07:10.539 30964 30964 I InjectionManager: Inside getClassLibPath caller 
11-06 04:07:10.549 30964 30964 D InjectionManager: InjectionManager
11-06 04:07:10.549 30964 30964 D InjectionManager: fillFeatureStoreMap com.trustonic.tuiservice
11-06 04:07:10.549 30964 30964 I InjectionManager: Constructor com.trustonic.tuiservice, Feature store :{}
11-06 04:07:10.549 30964 30964 I InjectionManager: featureStore :{}
11-06 04:07:10.552 30964 30964 I TlcTuiJni: JNI_OnLoad;256
11-06 04:07:10.552 30964 30964 I TlcTuiJni: JNI_OnLoad: TuiTlcWrapperClass = 200021;270
11-06 04:07:10.552 30964 30964 I TlcTuiJni: JNI_OnLoad: gVm = B47B4000 vm = B47B4000;283
11-06 04:07:10.556 30964 30964 I TlcTuiJni: calling tlcLaunch();228
11-06 04:07:10.556 30964 30984 I TlcTui  : mainThread: TlcTui start!;76
11-06 04:07:10.556 30964 30984 I TlcTui  : mainThread: open k-tlc device failed with errno No such file or directory.;99
11-06 04:07:10.566   888  1321 D InputReader: Input event(10): value=1 when=161235120673000
11-06 04:07:10.566   888  1321 I InputReader: Touch event's action is 0x0 (deviceType=0) [pCnt=1, s=0.27272 ] when=161235120680000
11-06 04:07:10.566   888  1321 D InputReader: lastThreadEndTime = 161234985234050, currentThreadStartTime = 161234985236602, diff = 0
11-06 04:07:10.566   888  1320 I InputDispatcher: Delivering touch to (1453): action: 0x4, toolType: 1
11-06 04:07:10.566   888  1320 I InputDispatcher: Delivering touch to (5117): action: 0x4, toolType: 1
11-06 04:07:10.566   888  1320 I InputDispatcher: Delivering touch to (10577): action: 0x0, toolType: 1
11-06 04:07:10.566  5117  5117 D AutoHideHelper: ###check Single invalid
11-06 04:07:10.569 10577 10577 D ViewRootImpl: ViewPostImeInputStage processPointer 0
11-06 04:07:10.606   888  2661 I ActivityManager: Process com.trustonic.tuiservice (pid 30964)(adj 5) has died(82,757)
11-06 04:07:10.606   888  2661 D ActivityManager: isAutoRunBlockedApp:: com.trustonic.tuiservice, Auto Run ON
11-06 04:07:10.606   888  2661 I ActivityManager: isWidgetUsingPkg : com.trustonic.tuiservice no widget is using.
11-06 04:07:10.606   888  2661 W ActivityManager: Scheduling restart of crashed service com.trustonic.tuiservice/.TuiService in 1000ms
11-06 04:07:10.616   350   350 I Zygote  : Process 30964 exited cleanly (1)
11-06 04:07:10.632   888  1321 D InputReader: Input event(10): value=0 when=161235187327000
11-06 04:07:10.632   888  1321 I InputReader: Touch event's action is 0x1 (deviceType=0) [pCnt=1, s=] when=161235187328000
11-06 04:07:10.632   888  1320 I InputDispatcher: Delivering touch to (10577): action: 0x1, toolType: 1
11-06 04:07:10.632 10577 10577 D ViewRootImpl: ViewPostImeInputStage processPointer 1
11-06 04:07:10.646 30785 30785 W DisplayListCanvas: DisplayListCanvas is started on unbinded RenderNode (without mOwningView)
11-06 04:07:10.712   888  1321 D InputReader: Input event(10): value=1 when=161235266951000
11-06 04:07:10.712   888  1321 I InputReader: Touch event's action is 0x0 (deviceType=0) [pCnt=1, s=0.27273 ] when=161235266959000
11-06 04:07:10.712   888  1321 D InputReader: lastThreadEndTime = 161235187455945, currentThreadStartTime = 161235187458810, diff = 0
11-06 04:07:10.712   888  1320 I InputDispatcher: Delivering touch to (1453): action: 0x4, toolType: 1
11-06 04:07:10.712   888  1320 I InputDispatcher: Delivering touch to (5117): action: 0x4, toolType: 1
11-06 04:07:10.712   888  1320 I InputDispatcher: Delivering touch to (10577): action: 0x0, toolType: 1
11-06 04:07:10.712 10577 10577 D ViewRootImpl: ViewPostImeInputStage processPointer 0
11-06 04:07:10.712  5117  5117 D AutoHideHelper: ###check Single invalid
11-06 04:07:10.812   888  1321 D InputReader: Input event(10): value=0 when=161235367342000
11-06 04:07:10.812   888  1321 I InputReader: Touch event's action is 0x1 (deviceType=0) [pCnt=1, s=] when=161235367344000
11-06 04:07:10.812   888  1320 I InputDispatcher: Delivering touch to (10577): action: 0x1, toolType: 1
11-06 04:07:10.812 10577 10577 D ViewRootImpl: ViewPostImeInputStage processPointer 1
11-06 04:07:10.816 30785 30785 W DisplayListCanvas: DisplayListCanvas is started on unbinded RenderNode (without mOwningView)
11-06 04:07:10.946   888  1321 D InputReader: Input event(10): value=1 when=161235502971000
11-06 04:07:10.946   888  1321 I InputReader: Touch event's action is 0x0 (deviceType=0) [pCnt=1, s=0.27274 ] when=161235502982000
11-06 04:07:10.946   888  1321 D InputReader: lastThreadEndTime = 161235367466693, currentThreadStartTime = 161235367469766, diff = 0
11-06 04:07:10.946   888  1320 I InputDispatcher: Delivering touch to (1453): action: 0x4, toolType: 1
11-06 04:07:10.946   888  1320 I InputDispatcher: Delivering touch to (5117): action: 0x4, toolType: 1
11-06 04:07:10.946   888  1320 I InputDispatcher: Delivering touch to (10577): action: 0x0, toolType: 1
11-06 04:07:10.949  5117  5117 D AutoHideHelper: ###check Single invalid
11-06 04:07:10.949 10577 10577 D ViewRootImpl: ViewPostImeInputStage processPointer 0
11-06 04:07:11.002   888  1321 D InputReader: Input event(10): value=0 when=161235558467000
11-06 04:07:11.002   888  1321 I InputReader: Touch event's action is 0x1 (deviceType=0) [pCnt=1, s=] when=161235558469000
11-06 04:07:11.002   888  1320 I InputDispatcher: Delivering touch to (10577): action: 0x1, toolType: 1
11-06 04:07:11.002 10577 10577 D ViewRootImpl: ViewPostImeInputStage processPointer 1
11-06 04:07:11.019 30785 30785 W DisplayListCanvas: DisplayListCanvas is started on unbinded RenderNode (without mOwningView)
11-06 04:07:11.059 31001 31001 F libc    : page record for 0xb6f1301c was not found (block_size=16)
11-06 04:07:11.062   888  4878 D ConnectivityService: returning getNetworkInfo for network type 1 : [type: WIFI[] - WIFI, state: CONNECTED/CONNECTED, reason: (unspecified), extra: "IPHONE", roaming: false, failover: false, isAvailable: true]
11-06 04:07:11.549   888  1321 D InputReader: Input event(10): value=1 when=161236104943000
11-06 04:07:11.549   888  1321 I InputReader: Touch event's action is 0x0 (deviceType=0) [pCnt=1, s=0.27275 ] when=161236104954000
11-06 04:07:11.549   888  1321 D InputReader: lastThreadEndTime = 161235558591815, currentThreadStartTime = 161235558594680, diff = 0
11-06 04:07:11.549   888  1320 I InputDispatcher: Delivering touch to (1453): action: 0x4, toolType: 1
11-06 04:07:11.549   888  1320 I InputDispatcher: Delivering touch to (5117): action: 0x4, toolType: 1
11-06 04:07:11.549   888  1320 I InputDispatcher: Delivering touch to (10577): action: 0x0, toolType: 1
11-06 04:07:11.552 10577 10577 D ViewRootImpl: ViewPostImeInputStage processPointer 0
11-06 04:07:11.556  5117  5117 D AutoHideHelper: ###check Single invalid
11-06 04:07:11.616 31003 31003 E Zygote  : v2
11-06 04:07:11.616 31003 31003 W SELinux : Function: selinux_compare_spd_ram, index[1], priority [2], priority version is VE=SEPF_SECMOBILE_6.0.1_0004
11-06 04:07:11.616   888   954 I ActivityManager: Start proc 31003:com.trustonic.tuiservice/1000 for service com.trustonic.tuiservice/.TuiService
11-06 04:07:11.616 31003 31003 I libpersona: KNOX_SDCARD checking this for 1000
11-06 04:07:11.616 31003 31003 I libpersona: KNOX_SDCARD not a persona
11-06 04:07:11.619 31003 31003 E Zygote  : accessInfo : 0
11-06 04:07:11.626   888  1321 D InputReader: Input event(10): value=0 when=161236182772000
11-06 04:07:11.626   888  1321 I InputReader: Touch event's action is 0x1 (deviceType=0) [pCnt=1, s=] when=161236182774000
11-06 04:07:11.626   888  1320 I InputDispatcher: Delivering touch to (10577): action: 0x1, toolType: 1
11-06 04:07:11.626 10577 10577 D ViewRootImpl: ViewPostImeInputStage processPointer 1
11-06 04:07:11.642 30785 30785 W DisplayListCanvas: DisplayListCanvas is started on unbinded RenderNode (without mOwningView)
11-06 04:07:11.656 31003 31003 I InjectionManager: Inside getClassLibPath + mLibMap{0=, 1=}
11-06 04:07:11.656 31003 31003 W ResourcesManager: getTopLevelResources: /system/app/TuiService/TuiService.apk / 1.0 running in com.trustonic.tuiservice rsrc of package com.trustonic.tuiservice
11-06 04:07:11.656   888  2662 I InjectionManagerService -AppFeature: getCoreFeaturePkgList :[]
11-06 04:07:11.659 31003 31003 D ResourcesManager: For user 0 new overlays fetched Null
11-06 04:07:11.662   888  1321 D InputReader: Input event(10): value=1 when=161236217331000
11-06 04:07:11.662   888  1321 I InputReader: Touch event's action is 0x0 (deviceType=0) [pCnt=1, s=0.27276 ] when=161236217342000
11-06 04:07:11.662   888  1321 D InputReader: lastThreadEndTime = 161236182901617, currentThreadStartTime = 161236182904169, diff = 0
11-06 04:07:11.662   888  1320 I InputDispatcher: Delivering touch to (1453): action: 0x4, toolType: 1
11-06 04:07:11.662   888  1320 I InputDispatcher: Delivering touch to (5117): action: 0x4, toolType: 1
11-06 04:07:11.662   888  1320 I InputDispatcher: Delivering touch to (10577): action: 0x0, toolType: 1
11-06 04:07:11.662 10577 10577 D ViewRootImpl: ViewPostImeInputStage processPointer 0
11-06 04:07:11.666  5117  5117 D AutoHideHelper: ###check Single invalid
11-06 04:07:11.666 31003 31003 I InjectionManager: Inside getClassLibPath caller 
11-06 04:07:11.672 31003 31003 D InjectionManager: InjectionManager
11-06 04:07:11.672 31003 31003 D InjectionManager: fillFeatureStoreMap com.trustonic.tuiservice
11-06 04:07:11.672 31003 31003 I InjectionManager: Constructor com.trustonic.tuiservice, Feature store :{}
11-06 04:07:11.672 31003 31003 I InjectionManager: featureStore :{}
11-06 04:07:11.679 31003 31003 I TlcTuiJni: JNI_OnLoad;256
11-06 04:07:11.679 31003 31003 I TlcTuiJni: JNI_OnLoad: TuiTlcWrapperClass = 200021;270
11-06 04:07:11.679 31003 31003 I TlcTuiJni: JNI_OnLoad: gVm = B47B4000 vm = B47B4000;283
11-06 04:07:11.679 31003 31003 I TlcTuiJni: calling tlcLaunch();228
11-06 04:07:11.679 31003 31016 I TlcTui  : mainThread: TlcTui start!;76
11-06 04:07:11.679 31003 31016 I TlcTui  : mainThread: open k-tlc device failed with errno No such file or directory.;99
