11-06 04:07:45.492  2968  2991 E MP-Decision: Error(-22) changing core 1 status to offline
11-06 04:07:45.492  2968  2991 E MP-Decision: Error(-22) changing core 2 status to offline
11-06 04:07:45.492  2968  2991 E MP-Decision: Error(-22) changing core 3 status to offline
11-06 04:07:45.536   888  2662 D SensorService: SensorEventConnection::SocketBufferSize, SystemSocketBufferSize - 102400, 2097152
11-06 04:07:45.536   888   902 E Sensors : Pressure old sensor_state 8705, new sensor_state : 8737 en : 1
11-06 04:07:45.542  2968  2991 E MP-Decision: Error(-22) changing core 1 status to offline
11-06 04:07:45.542  2968  2991 E MP-Decision: Error(-22) changing core 2 status to offline
11-06 04:07:45.542  2968  2991 E MP-Decision: Error(-22) changing core 3 status to offline
11-06 04:07:45.542  1453  1453 D SensorManager: registerListener :: 4, Barometer Sensor, 200000, 0,  
11-06 04:07:45.596  2968  2991 E MP-Decision: Error(-22) changing core 1 status to offline
11-06 04:07:45.596  2968  2991 E MP-Decision: Error(-22) changing core 2 status to offline
11-06 04:07:45.596  2968  2991 E MP-Decision: Error(-22) changing core 3 status to offline
11-06 04:07:45.646  2968  2991 E MP-Decision: Error(-22) changing core 1 status to offline
11-06 04:07:45.646  2968  2991 E MP-Decision: Error(-22) changing core 2 status to offline
11-06 04:07:45.646  2968  2991 E MP-Decision: Error(-22) changing core 3 status to offline
11-06 04:07:45.699  2968  2991 E MP-Decision: Error(-22) changing core 1 status to offline
11-06 04:07:45.699  2968  2991 E MP-Decision: Error(-22) changing core 2 status to offline
11-06 04:07:45.699  2968  2991 E MP-Decision: Error(-22) changing core 3 status to offline
11-06 04:07:45.749  2968  2991 E MP-Decision: Error(-22) changing core 1 status to offline
11-06 04:07:45.749  2968  2991 E MP-Decision: Error(-22) changing core 2 status to offline
11-06 04:07:45.749  2968  2991 E MP-Decision: Error(-22) changing core 3 status to offline
11-06 04:07:45.799  2968  2991 E MP-Decision: Error(-22) changing core 1 status to offline
11-06 04:07:45.799  2968  2991 E MP-Decision: Error(-22) changing core 2 status to offline
11-06 04:07:45.799  2968  2991 E MP-Decision: Error(-22) changing core 3 status to offline
11-06 04:07:45.849  2968  2991 E MP-Decision: Error(-22) changing core 1 status to offline
11-06 04:07:45.849  2968  2991 E MP-Decision: Error(-22) changing core 2 status to offline
11-06 04:07:45.849  2968  2991 E MP-Decision: Error(-22) changing core 3 status to offline
11-06 04:07:45.899  2968  2991 E MP-Decision: Error(-22) changing core 1 status to offline
11-06 04:07:45.899  2968  2991 E MP-Decision: Error(-22) changing core 2 status to offline
11-06 04:07:45.899  2968  2991 E MP-Decision: Error(-22) changing core 3 status to offline
11-06 04:07:45.952  2968  2991 E MP-Decision: Error(-22) changing core 1 status to offline
11-06 04:07:45.952  2968  2991 E MP-Decision: Error(-22) changing core 2 status to offline
11-06 04:07:45.952  2968  2991 E MP-Decision: Error(-22) changing core 3 status to offline
11-06 04:07:45.952 31770 31770 E Zygote  : v2
11-06 04:07:45.952 31770 31770 W SELinux : Function: selinux_compare_spd_ram, index[1], priority [2], priority version is VE=SEPF_SECMOBILE_6.0.1_0004
11-06 04:07:45.952 31770 31770 I libpersona: KNOX_SDCARD checking this for 1000
11-06 04:07:45.952 31770 31770 I libpersona: KNOX_SDCARD not a persona
11-06 04:07:45.959 31770 31770 E Zygote  : accessInfo : 0
11-06 04:07:45.959   888   954 I ActivityManager: Start proc 31770:com.trustonic.tuiservice/1000 for service com.trustonic.tuiservice/.TuiService
11-06 04:07:46.002  2968  2991 E MP-Decision: Error(-22) changing core 1 status to offline
11-06 04:07:46.002  2968  2991 E MP-Decision: Error(-22) changing core 2 status to offline
11-06 04:07:46.002  2968  2991 E MP-Decision: Error(-22) changing core 3 status to offline
11-06 04:07:46.002   888  4878 D ConnectivityService: returning getNetworkInfo for network type 1 : [type: WIFI[] - WIFI, state: CONNECTED/CONNECTED, reason: (unspecified), extra: "IPHONE", roaming: false, failover: false, isAvailable: true]
11-06 04:07:46.026 31782 31782 F libc    : page record for 0xb6eb201c was not found (block_size=16)
11-06 04:07:46.052  2968  2991 E MP-Decision: Error(-22) changing core 1 status to offline
11-06 04:07:46.052  2968  2991 E MP-Decision: Error(-22) changing core 2 status to offline
11-06 04:07:46.052  2968  2991 E MP-Decision: Error(-22) changing core 3 status to offline
11-06 04:07:46.069 31770 31770 W ResourcesManager: getTopLevelResources: /system/app/TuiService/TuiService.apk / 1.0 running in com.trustonic.tuiservice rsrc of package com.trustonic.tuiservice
11-06 04:07:46.072 31770 31770 I InjectionManager: Inside getClassLibPath + mLibMap{0=, 1=}
11-06 04:07:46.072   888  1496 I InjectionManagerService -AppFeature: getCoreFeaturePkgList :[]
11-06 04:07:46.072 31770 31770 D ResourcesManager: For user 0 new overlays fetched Null
11-06 04:07:46.076 31770 31770 I InjectionManager: Inside getClassLibPath caller 
11-06 04:07:46.082 31770 31770 D InjectionManager: InjectionManager
11-06 04:07:46.082 31770 31770 D InjectionManager: fillFeatureStoreMap com.trustonic.tuiservice
11-06 04:07:46.086 31770 31770 I InjectionManager: Constructor com.trustonic.tuiservice, Feature store :{}
11-06 04:07:46.086 31770 31770 I InjectionManager: featureStore :{}
11-06 04:07:46.089 31770 31770 I TlcTuiJni: JNI_OnLoad;256
11-06 04:07:46.089 31770 31770 I TlcTuiJni: JNI_OnLoad: TuiTlcWrapperClass = 200021;270
11-06 04:07:46.089 31770 31770 I TlcTuiJni: JNI_OnLoad: gVm = B47B4000 vm = B47B4000;283
11-06 04:07:46.089 31770 31770 I TlcTuiJni: calling tlcLaunch();228
11-06 04:07:46.092 31770 31784 I TlcTui  : mainThread: TlcTui start!;76
11-06 04:07:46.092 31770 31784 I TlcTui  : mainThread: open k-tlc device failed with errno No such file or directory.;99
11-06 04:07:46.102  2968  2991 E MP-Decision: Error(-22) changing core 1 status to offline
11-06 04:07:46.102  2968  2991 E MP-Decision: Error(-22) changing core 2 status to offline
11-06 04:07:46.102  2968  2991 E MP-Decision: Error(-22) changing core 3 status to offline
11-06 04:07:46.126   888  2084 I ActivityManager: Process com.trustonic.tuiservice (pid 31770)(adj 5) has died(73,770)
11-06 04:07:46.129   888  2084 D ActivityManager: isAutoRunBlockedApp:: com.trustonic.tuiservice, Auto Run ON
11-06 04:07:46.129   888  2084 I ActivityManager: isWidgetUsingPkg : com.trustonic.tuiservice no widget is using.
11-06 04:07:46.129   888  2084 W ActivityManager: Scheduling restart of crashed service com.trustonic.tuiservice/.TuiService in 1000ms
11-06 04:07:46.136   350   350 I Zygote  : Process 31770 exited cleanly (1)
11-06 04:07:46.136   888   977 E AutomaticBrightnessController: [DAB] printLastLightSensorEvent : lastLightSensorEventTime = 161269689 lastLightSensorValue = 0.0
11-06 04:07:46.152  2968  2991 E MP-Decision: Error(-22) changing core 1 status to offline
11-06 04:07:46.152  2968  2991 E MP-Decision: Error(-22) changing core 2 status to offline
11-06 04:07:46.152  2968  2991 E MP-Decision: Error(-22) changing core 3 status to offline
11-06 04:07:46.206  2968  2991 E MP-Decision: Error(-22) changing core 1 status to offline
11-06 04:07:46.206  2968  2991 E MP-Decision: Error(-22) changing core 2 status to offline
11-06 04:07:46.206  2968  2991 E MP-Decision: Error(-22) changing core 3 status to offline
11-06 04:07:46.256  2968  2991 E MP-Decision: Error(-22) changing core 1 status to offline
11-06 04:07:46.256  2968  2991 E MP-Decision: Error(-22) changing core 2 status to offline
11-06 04:07:46.256  2968  2991 E MP-Decision: Error(-22) changing core 3 status to offline
11-06 04:07:46.306  2968  2991 E MP-Decision: Error(-22) changing core 1 status to offline
11-06 04:07:46.306  2968  2991 E MP-Decision: Error(-22) changing core 2 status to offline
11-06 04:07:46.306  2968  2991 E MP-Decision: Error(-22) changing core 3 status to offline
11-06 04:07:46.356  2968  2991 E MP-Decision: Error(-22) changing core 1 status to offline
11-06 04:07:46.356  2968  2991 E MP-Decision: Error(-22) changing core 2 status to offline
11-06 04:07:46.356  2968  2991 E MP-Decision: Error(-22) changing core 3 status to offline
11-06 04:07:46.366   888  5685 E Sensors : Pressure old sensor_state 8737, new sensor_state : 8705 en : 0
11-06 04:07:46.372  1453  1453 D SensorManager: unregisterListener ::   
11-06 04:07:46.406  2968  2991 E MP-Decision: Error(-22) changing core 1 status to offline
11-06 04:07:46.406  2968  2991 E MP-Decision: Error(-22) changing core 2 status to offline
11-06 04:07:46.406  2968  2991 E MP-Decision: Error(-22) changing core 3 status to offline
11-06 04:07:46.459  2968  2991 E MP-Decision: Error(-22) changing core 1 status to offline
11-06 04:07:46.459  2968  2991 E MP-Decision: Error(-22) changing core 2 status to offline
11-06 04:07:46.459  2968  2991 E MP-Decision: Error(-22) changing core 3 status to offline
11-06 04:07:46.509  2968  2991 E MP-Decision: Error(-22) changing core 1 status to offline
11-06 04:07:46.509  2968  2991 E MP-Decision: Error(-22) changing core 2 status to offline
11-06 04:07:46.509  2968  2991 E MP-Decision: Error(-22) changing core 3 status to offline
11-06 04:07:46.562  2968  2991 E MP-Decision: Error(-22) changing core 1 status to offline
11-06 04:07:46.562  2968  2991 E MP-Decision: Error(-22) changing core 2 status to offline
11-06 04:07:46.562  2968  2991 E MP-Decision: Error(-22) changing core 3 status to offline
11-06 04:07:46.612  2968  2991 E MP-Decision: Error(-22) changing core 1 status to offline
11-06 04:07:46.612  2968  2991 E MP-Decision: Error(-22) changing core 2 status to offline
11-06 04:07:46.612  2968  2991 E MP-Decision: Error(-22) changing core 3 status to offline
11-06 04:07:46.662  2968  2991 E MP-Decision: Error(-22) changing core 1 status to offline
11-06 04:07:46.662  2968  2991 E MP-Decision: Error(-22) changing core 2 status to offline
11-06 04:07:46.662  2968  2991 E MP-Decision: Error(-22) changing core 3 status to offline
11-06 04:07:46.716  2968  2991 E MP-Decision: Error(-22) changing core 1 status to offline
11-06 04:07:46.716  2968  2991 E MP-Decision: Error(-22) changing core 2 status to offline
11-06 04:07:46.716  2968  2991 E MP-Decision: Error(-22) changing core 3 status to offline
11-06 04:07:46.766  2968  2991 E MP-Decision: Error(-22) changing core 1 status to offline
11-06 04:07:46.766  2968  2991 E MP-Decision: Error(-22) changing core 2 status to offline
11-06 04:07:46.766  2968  2991 E MP-Decision: Error(-22) changing core 3 status to offline
11-06 04:07:46.779  1453  1976 D NetworkController.MobileSignalController(0/1): onSignalStrengthsChanged signalStrength=SignalStrength: 10 99 -120 -160 -120 -1 -1 99 2147483647 2147483647 2147483647 -1 2147483647 0x5 gsm|lte level=4
11-06 04:07:46.779  1453  1976 D NetworkController.MobileSignalController(0/1): getMobileIconGroup(): 10
11-06 04:07:46.819  2968  2991 E MP-Decision: Error(-22) changing core 1 status to offline
11-06 04:07:46.819  2968  2991 E MP-Decision: Error(-22) changing core 2 status to offline
11-06 04:07:46.819  2968  2991 E MP-Decision: Error(-22) changing core 3 status to offline
11-06 04:07:46.869  2968  2991 E MP-Decision: Error(-22) changing core 1 status to offline
11-06 04:07:46.869  2968  2991 E MP-Decision: Error(-22) changing core 2 status to offline
11-06 04:07:46.869  2968  2991 E MP-Decision: Error(-22) changing core 3 status to offline
11-06 04:07:46.922  2968  2991 E MP-Decision: Error(-22) changing core 1 status to offline
11-06 04:07:46.922  2968  2991 E MP-Decision: Error(-22) changing core 2 status to offline
11-06 04:07:46.922  2968  2991 E MP-Decision: Error(-22) changing core 3 status to offline
11-06 04:07:46.972  2968  2991 E MP-Decision: Error(-22) changing core 1 status to offline
11-06 04:07:46.972  2968  2991 E MP-Decision: Error(-22) changing core 2 status to offline
11-06 04:07:46.972  2968  2991 E MP-Decision: Error(-22) changing core 3 status to offline
11-06 04:07:47.022  2968  2991 E MP-Decision: Error(-22) changing core 1 status to offline
11-06 04:07:47.022  2968  2991 E MP-Decision: Error(-22) changing core 2 status to offline
11-06 04:07:47.026  2968  2991 E MP-Decision: Error(-22) changing core 3 status to offline
11-06 04:07:47.069 31785 31785 F libc    : page record for 0xb6fa601c was not found (block_size=16)
11-06 04:07:47.076  2968  2991 E MP-Decision: Error(-22) changing core 1 status to offline
11-06 04:07:47.076  2968  2991 E MP-Decision: Error(-22) changing core 2 status to offline
11-06 04:07:47.076  2968  2991 E MP-Decision: Error(-22) changing core 3 status to offline
11-06 04:07:47.126  2968  2991 E MP-Decision: Error(-22) changing core 1 status to offline
11-06 04:07:47.126  2968  2991 E MP-Decision: Error(-22) changing core 2 status to offline
11-06 04:07:47.126  2968  2991 E MP-Decision: Error(-22) changing core 3 status to offline
11-06 04:07:47.152   888   954 I ActivityManager: Start proc 31786:com.trustonic.tuiservice/1000 for service com.trustonic.tuiservice/.TuiService
11-06 04:07:47.156 31786 31786 E Zygote  : v2
11-06 04:07:47.156 31786 31786 W SELinux : Function: selinux_compare_spd_ram, index[1], priority [2], priority version is VE=SEPF_SECMOBILE_6.0.1_0004
11-06 04:07:47.156 31786 31786 I libpersona: KNOX_SDCARD checking this for 1000
11-06 04:07:47.156 31786 31786 I libpersona: KNOX_SDCARD not a persona
11-06 04:07:47.162 31786 31786 E Zygote  : accessInfo : 0
11-06 04:07:47.176  2968  2991 E MP-Decision: Error(-22) changing core 1 status to offline
11-06 04:07:47.176  2968  2991 E MP-Decision: Error(-22) changing core 2 status to offline
11-06 04:07:47.176  2968  2991 E MP-Decision: Error(-22) changing core 3 status to offline
11-06 04:07:47.226  2968  2991 E MP-Decision: Error(-22) changing core 1 status to offline
11-06 04:07:47.226  2968  2991 E MP-Decision: Error(-22) changing core 2 status to offline
11-06 04:07:47.226  2968  2991 E MP-Decision: Error(-22) changing core 3 status to offline
11-06 04:07:47.256 31786 31786 W ResourcesManager: getTopLevelResources: /system/app/TuiService/TuiService.apk / 1.0 running in com.trustonic.tuiservice rsrc of package com.trustonic.tuiservice
11-06 04:07:47.259 31786 31786 I InjectionManager: Inside getClassLibPath + mLibMap{0=, 1=}
11-06 04:07:47.259   888  2066 I InjectionManagerService -AppFeature: getCoreFeaturePkgList :[]
11-06 04:07:47.262 31786 31786 D ResourcesManager: For user 0 new overlays fetched Null
11-06 04:07:47.266 31786 31786 I InjectionManager: Inside getClassLibPath caller 
11-06 04:07:47.276 31786 31786 D InjectionManager: InjectionManager
11-06 04:07:47.276 31786 31786 D InjectionManager: fillFeatureStoreMap com.trustonic.tuiservice
11-06 04:07:47.276  2968  2991 E MP-Decision: Error(-22) changing core 1 status to offline
11-06 04:07:47.276  2968  2991 E MP-Decision: Error(-22) changing core 2 status to offline
11-06 04:07:47.276  2968  2991 E MP-Decision: Error(-22) changing core 3 status to offline
11-06 04:07:47.279 31786 31786 I InjectionManager: Constructor com.trustonic.tuiservice, Feature store :{}
11-06 04:07:47.279 31786 31786 I InjectionManager: featureStore :{}
11-06 04:07:47.286 31786 31786 I TlcTuiJni: JNI_OnLoad;256
11-06 04:07:47.286 31786 31786 I TlcTuiJni: JNI_OnLoad: TuiTlcWrapperClass = 200021;270
11-06 04:07:47.286 31786 31786 I TlcTuiJni: JNI_OnLoad: gVm = B47B4000 vm = B47B4000;283
11-06 04:07:47.286 31786 31786 I TlcTuiJni: calling tlcLaunch();228
11-06 04:07:47.289 31786 31799 I TlcTui  : mainThread: TlcTui start!;76
11-06 04:07:47.289 31786 31799 I TlcTui  : mainThread: open k-tlc device failed with errno No such file or directory.;99
11-06 04:07:47.329  2968  2991 E MP-Decision: Error(-22) changing core 1 status to offline
11-06 04:07:47.329  2968  2991 E MP-Decision: Error(-22) changing core 2 status to offline
11-06 04:07:47.329  2968  2991 E MP-Decision: Error(-22) changing core 3 status to offline
11-06 04:07:47.329   888  2661 I ActivityManager: Process com.trustonic.tuiservice (pid 31786)(adj 5) has died(73,770)
11-06 04:07:47.329   888  2661 D ActivityManager: isAutoRunBlockedApp:: com.trustonic.tuiservice, Auto Run ON
11-06 04:07:47.329   888  2661 I ActivityManager: isWidgetUsingPkg : com.trustonic.tuiservice no widget is using.
11-06 04:07:47.329   888  2661 W ActivityManager: Scheduling restart of crashed service com.trustonic.tuiservice/.TuiService in 1000ms
11-06 04:07:47.349   350   350 I Zygote  : Process 31786 exited cleanly (1)
11-06 04:07:47.379  2968  2991 E MP-Decision: Error(-22) changing core 1 status to offline
11-06 04:07:47.379  2968  2991 E MP-Decision: Error(-22) changing core 2 status to offline
11-06 04:07:47.379  2968  2991 E MP-Decision: Error(-22) changing core 3 status to offline
11-06 04:07:47.432  2968  2991 E MP-Decision: Error(-22) changing core 1 status to offline
11-06 04:07:47.432  2968  2991 E MP-Decision: Error(-22) changing core 2 status to offline
11-06 04:07:47.432  2968  2991 E MP-Decision: Error(-22) changing core 3 status to offline
11-06 04:07:47.432   888  1321 D InputReader: Input event(10): value=1 when=161271987845000
11-06 04:07:47.432   888  1321 I InputReader: Touch event's action is 0x0 (deviceType=0) [pCnt=1, s=0.27286 ] when=161271987855000
11-06 04:07:47.432   888  1321 D InputReader: lastThreadEndTime = 161250572996539, currentThreadStartTime = 161250573013362, diff = 0
11-06 04:07:47.432   888  1320 I InputDispatcher: Delivering touch to (1453): action: 0x4, toolType: 1
11-06 04:07:47.432   888  1320 I InputDispatcher: Delivering touch to (5117): action: 0x4, toolType: 1
11-06 04:07:47.432   888  1320 I InputDispatcher: Delivering touch to (31673): action: 0x0, toolType: 1
11-06 04:07:47.436 31673 31673 D ViewRootImpl: ViewPostImeInputStage processPointer 0
11-06 04:07:47.442  5117  5117 D AutoHideHelper: ###check Single invalid
11-06 04:07:47.512   888  1321 D InputReader: Input event(10): value=0 when=161272068535000
11-06 04:07:47.512   888  1321 I InputReader: Touch event's action is 0x1 (deviceType=0) [pCnt=1, s=] when=161272068536000
11-06 04:07:47.512   888  1320 I InputDispatcher: Delivering touch to (31673): action: 0x1, toolType: 1
11-06 04:07:47.512 31673 31673 D ViewRootImpl: ViewPostImeInputStage processPointer 1
11-06 04:07:47.536 31673 31673 D ViewRootImpl: #1 mView = android.widget.PopupWindow$PopupDecorView{b3ee8d0 V.E...... ......I. 0,0-0,0}
11-06 04:07:47.536  2968  2991 E MP-Decision: Error(-22) changing core 2 status to offline
11-06 04:07:47.536  2968  2991 E MP-Decision: Error(-22) changing core 3 status to offline
11-06 04:07:47.539   888   977 E AutomaticBrightnessController: [DAB] printLastLightSensorEvent : lastLightSensorEventTime = 161271096 lastLightSensorValue = 0.0
11-06 04:07:47.542   888  2662 D ISSUE_DEBUG: InputChannelName : b5f770a PopupWindow:a507093
11-06 04:07:47.549 31673 31673 W DisplayListCanvas: DisplayListCanvas is started on unbinded RenderNode (without mOwningView)
11-06 04:07:47.549 31673 31673 W DisplayListCanvas: DisplayListCanvas is started on unbinded RenderNode (without mOwningView)
11-06 04:07:47.582   313   313 I SurfaceFlinger: id=5158 createSurf (1x1),1 flag=4, PopupWindow:a507093
11-06 04:07:47.586  2968  2991 E MP-Decision: Error(-22) changing core 2 status to offline
11-06 04:07:47.586  2968  2991 E MP-Decision: Error(-22) changing core 3 status to offline
11-06 04:07:47.592   888  1428 D AutomaticBrightnessController: applyLightSensorMeasurementSEC : mIsLockZone = true
11-06 04:07:47.602 31673 31673 W DisplayListCanvas: DisplayListCanvas is started on unbinded RenderNode (without mOwningView)
11-06 04:07:47.619   888   902 V WindowStateAnimator: Finishing drawing window Window{b5f770a u0 d0 PopupWindow:a507093}: mDrawState=DRAW_PENDING
11-06 04:07:47.622   313   313 D libEGL  : eglInitialize EGLDisplay = 0xbeddf2cc
11-06 04:07:47.626 31673 31673 D ViewRootImpl: MSG_RESIZED_REPORT: ci=Rect(0, 0 - 0, 0) vi=Rect(0, 0 - 0, 0) or=1
11-06 04:07:47.639   888  2067 V WindowStateAnimator: Finishing drawing window Window{b5f770a u0 d0 PopupWindow:a507093}: mDrawState=HAS_DRAWN
11-06 04:07:47.639  2968  2991 E MP-Decision: Error(-22) changing core 2 status to offline
11-06 04:07:47.639  2968  2991 E MP-Decision: Error(-22) changing core 3 status to offline
11-06 04:07:47.686  2968  2991 E MP-Decision: Error(-22) changing core 2 status to offline
11-06 04:07:47.686  2968  2991 E MP-Decision: Error(-22) changing core 3 status to offline
11-06 04:07:47.739  2968  2991 E MP-Decision: Error(-22) changing core 2 status to offline
11-06 04:07:47.739  2968  2991 E MP-Decision: Error(-22) changing core 3 status to offline
11-06 04:07:47.789  2968  2991 E MP-Decision: Error(-22) changing core 2 status to offline
11-06 04:07:47.789  2968  2991 E MP-Decision: Error(-22) changing core 3 status to offline
11-06 04:07:47.839  2968  2991 E MP-Decision: Error(-22) changing core 2 status to offline
11-06 04:07:47.839  2968  2991 E MP-Decision: Error(-22) changing core 3 status to offline
11-06 04:07:47.889  2968  2991 E MP-Decision: Error(-22) changing core 2 status to offline
11-06 04:07:47.889  2968  2991 E MP-Decision: Error(-22) changing core 3 status to offline
11-06 04:07:47.942  2968  2991 E MP-Decision: Error(-22) changing core 2 status to offline
11-06 04:07:47.942  2968  2991 E MP-Decision: Error(-22) changing core 3 status to offline
11-06 04:07:47.992  2968  2991 E MP-Decision: Error(-22) changing core 2 status to offline
11-06 04:07:47.992  2968  2991 E MP-Decision: Error(-22) changing core 3 status to offline
11-06 04:07:48.036  1453  1976 D NetworkController.MobileSignalController(0/1): onSignalStrengthsChanged signalStrength=SignalStrength: 10 99 -120 -160 -120 -1 -1 99 2147483647 2147483647 2147483647 -1 2147483647 0x5 gsm|lte level=4
11-06 04:07:48.036  1453  1976 D NetworkController.MobileSignalController(0/1): getMobileIconGroup(): 10
11-06 04:07:48.042  2968  2991 E MP-Decision: Error(-22) changing core 2 status to offline
11-06 04:07:48.042  2968  2991 E MP-Decision: Error(-22) changing core 3 status to offline
11-06 04:07:48.092  2968  2991 E MP-Decision: Error(-22) changing core 2 status to offline
11-06 04:07:48.092  2968  2991 E MP-Decision: Error(-22) changing core 3 status to offline
11-06 04:07:48.142  2968  2991 E MP-Decision: Error(-22) changing core 2 status to offline
11-06 04:07:48.142  2968  2991 E MP-Decision: Error(-22) changing core 3 status to offline
11-06 04:07:48.192  2968  2991 E MP-Decision: Error(-22) changing core 2 status to offline
11-06 04:07:48.192  2968  2991 E MP-Decision: Error(-22) changing core 3 status to offline
11-06 04:07:48.242  2968  2991 E MP-Decision: Error(-22) changing core 2 status to offline
11-06 04:07:48.242  2968  2991 E MP-Decision: Error(-22) changing core 3 status to offline
11-06 04:07:48.296  2968  2991 E MP-Decision: Error(-22) changing core 2 status to offline
11-06 04:07:48.296  2968  2991 E MP-Decision: Error(-22) changing core 3 status to offline
11-06 04:07:48.342  2968  2991 E MP-Decision: Error(-22) changing core 2 status to offline
11-06 04:07:48.342  2968  2991 E MP-Decision: Error(-22) changing core 3 status to offline
11-06 04:07:48.389   888   954 I ActivityManager: Start proc 31809:com.trustonic.tuiservice/1000 for service com.trustonic.tuiservice/.TuiService
11-06 04:07:48.392 31809 31809 E Zygote  : v2
11-06 04:07:48.392 31809 31809 I libpersona: KNOX_SDCARD checking this for 1000
11-06 04:07:48.392 31809 31809 I libpersona: KNOX_SDCARD not a persona
11-06 04:07:48.396  2968  2991 E MP-Decision: Error(-22) changing core 2 status to offline
11-06 04:07:48.396  2968  2991 E MP-Decision: Error(-22) changing core 3 status to offline
11-06 04:07:48.399 31809 31809 W SELinux : Function: selinux_compare_spd_ram, index[1], priority [2], priority version is VE=SEPF_SECMOBILE_6.0.1_0004
11-06 04:07:48.406 31809 31809 E Zygote  : accessInfo : 0
11-06 04:07:48.446  2968  2991 E MP-Decision: Error(-22) changing core 2 status to offline
11-06 04:07:48.446  2968  2991 E MP-Decision: Error(-22) changing core 3 status to offline
11-06 04:07:48.479 31809 31809 I InjectionManager: Inside getClassLibPath + mLibMap{0=, 1=}
11-06 04:07:48.479 31809 31809 W ResourcesManager: getTopLevelResources: /system/app/TuiService/TuiService.apk / 1.0 running in com.trustonic.tuiservice rsrc of package com.trustonic.tuiservice
11-06 04:07:48.479   888   902 I InjectionManagerService -AppFeature: getCoreFeaturePkgList :[]
11-06 04:07:48.482 31809 31809 D ResourcesManager: For user 0 new overlays fetched Null
11-06 04:07:48.486 31809 31809 I InjectionManager: Inside getClassLibPath caller 
11-06 04:07:48.496  2968  2991 E MP-Decision: Error(-22) changing core 2 status to offline
11-06 04:07:48.496  2968  2991 E MP-Decision: Error(-22) changing core 3 status to offline
11-06 04:07:48.496 31809 31809 D InjectionManager: InjectionManager
11-06 04:07:48.496 31809 31809 D InjectionManager: fillFeatureStoreMap com.trustonic.tuiservice
11-06 04:07:48.496 31809 31809 I InjectionManager: Constructor com.trustonic.tuiservice, Feature store :{}
11-06 04:07:48.496 31809 31809 I InjectionManager: featureStore :{}
11-06 04:07:48.502 31809 31809 I TlcTuiJni: JNI_OnLoad;256
11-06 04:07:48.502 31809 31809 I TlcTuiJni: JNI_OnLoad: TuiTlcWrapperClass = 200021;270
11-06 04:07:48.502 31809 31809 I TlcTuiJni: JNI_OnLoad: gVm = B47B4000 vm = B47B4000;283
11-06 04:07:48.502 31809 31809 I TlcTuiJni: calling tlcLaunch();228
11-06 04:07:48.506 31809 31822 I TlcTui  : mainThread: TlcTui start!;76
11-06 04:07:48.506 31809 31822 I TlcTui  : mainThread: open k-tlc device failed with errno No such file or directory.;99
11-06 04:07:48.539   888  2084 I ActivityManager: Process com.trustonic.tuiservice (pid 31809)(adj 5) has died(72,770)
11-06 04:07:48.539   888  2084 D ActivityManager: isAutoRunBlockedApp:: com.trustonic.tuiservice, Auto Run ON
11-06 04:07:48.539   888  2084 I ActivityManager: isWidgetUsingPkg : com.trustonic.tuiservice no widget is using.
11-06 04:07:48.539   888  2084 W ActivityManager: Scheduling restart of crashed service com.trustonic.tuiservice/.TuiService in 1000ms
11-06 04:07:48.546   350   350 I Zygote  : Process 31809 exited cleanly (1)
11-06 04:07:48.546  2968  2991 E MP-Decision: Error(-22) changing core 2 status to offline
11-06 04:07:48.546  2968  2991 E MP-Decision: Error(-22) changing core 3 status to offline
11-06 04:07:48.599  2968  2991 E MP-Decision: Error(-22) changing core 2 status to offline
11-06 04:07:48.599  2968  2991 E MP-Decision: Error(-22) changing core 3 status to offline
11-06 04:07:48.649  2968  2991 E MP-Decision: Error(-22) changing core 2 status to offline
11-06 04:07:48.649  2968  2991 E MP-Decision: Error(-22) changing core 3 status to offline
11-06 04:07:48.696  2968  2991 E MP-Decision: Error(-22) changing core 2 status to offline
11-06 04:07:48.696  2968  2991 E MP-Decision: Error(-22) changing core 3 status to offline
11-06 04:07:48.702 16503 16587 W com.facebook.orca:m: onError=errType=READ_ERRORerrMsg=READ_ERROR Connection reset by peer
11-06 04:07:48.726  1880 22617 D PeopleNotiListenerService: onEdgeNotificationRemoved() : pkg com.facebook.orca,id=908140028,extra=Bundle[mParcelledData.dataSize=84]
11-06 04:07:48.726  1880  1880 D PeopleNotiListenerService: removeEdgeNotification:Bundle[{samsung.notification.id=908140028, samsung.notification.type=normal, samsung.people.package_name=com.facebook.orca}]
11-06 04:07:48.726  1880  1880 I PeopleStripeService: PeopleNotificationReceiver:3
11-06 04:07:48.726  1880  1880 I PeopleStripeService: sendEdgeNotification  peopleEnabled false lightingEnabled true edgeEnabled false
11-06 04:07:48.726  1880  1880 I PeopleStripeService: Edge Off
11-06 04:07:48.739  1880 27076 D PeopleNotiListenerService: onEdgeNotificationRemoved() : pkg com.facebook.orca,id=908140028,extra=Bundle[mParcelledData.dataSize=84]
11-06 04:07:48.739  1880  1880 D PeopleNotiListenerService: removeEdgeNotification:Bundle[{samsung.notification.id=908140028, samsung.notification.type=normal, samsung.people.package_name=com.facebook.orca}]
11-06 04:07:48.739  1880  1880 I PeopleStripeService: PeopleNotificationReceiver:3
11-06 04:07:48.739  1880  1880 I PeopleStripeService: sendEdgeNotification  peopleEnabled false lightingEnabled true edgeEnabled false
11-06 04:07:48.739  1880  1880 I PeopleStripeService: Edge Off
11-06 04:07:48.746 20385 20911 D EnterpriseController: netId is 0
11-06 04:07:48.746 20385 20911 D Netd    : getNetworkForDns: using netid 747 for uid 10252
11-06 04:07:48.749  2968  2991 E MP-Decision: Error(-22) changing core 2 status to offline
11-06 04:07:48.749  2968  2991 E MP-Decision: Error(-22) changing core 3 status to offline
11-06 04:07:48.762  1880 21870 D PeopleNotiListenerService: onEdgeNotificationRemoved() : pkg com.facebook.orca,id=908140028,extra=Bundle[mParcelledData.dataSize=84]
11-06 04:07:48.762  1880  1880 D PeopleNotiListenerService: removeEdgeNotification:Bundle[{samsung.notification.id=908140028, samsung.notification.type=normal, samsung.people.package_name=com.facebook.orca}]
11-06 04:07:48.762  1880  1880 I PeopleStripeService: PeopleNotificationReceiver:3
11-06 04:07:48.762  1880  1880 I PeopleStripeService: sendEdgeNotification  peopleEnabled false lightingEnabled true edgeEnabled false
11-06 04:07:48.762  1880  1880 I PeopleStripeService: Edge Off
11-06 04:07:48.769   888   977 E AutomaticBrightnessController: [DAB] printLastLightSensorEvent : lastLightSensorEventTime = 161272324 lastLightSensorValue = 0.0
11-06 04:07:48.799  2968  2991 E MP-Decision: Error(-22) changing core 2 status to offline
11-06 04:07:48.799  2968  2991 E MP-Decision: Error(-22) changing core 3 status to offline
11-06 04:07:48.852  2968  2991 E MP-Decision: Error(-22) changing core 2 status to offline
11-06 04:07:48.852  2968  2991 E MP-Decision: Error(-22) changing core 3 status to offline
11-06 04:07:48.899  2968  2991 E MP-Decision: Error(-22) changing core 2 status to offline
11-06 04:07:48.899  2968  2991 E MP-Decision: Error(-22) changing core 3 status to offline
11-06 04:07:48.952  2968  2991 E MP-Decision: Error(-22) changing core 2 status to offline
11-06 04:07:48.952  2968  2991 E MP-Decision: Error(-22) changing core 3 status to offline
11-06 04:07:48.999  2968  2991 E MP-Decision: Error(-22) changing core 2 status to offline
11-06 04:07:48.999  2968  2991 E MP-Decision: Error(-22) changing core 3 status to offline
11-06 04:07:49.039  1453  1976 D NetworkController.MobileSignalController(0/1): onSignalStrengthsChanged signalStrength=SignalStrength: 10 99 -120 -160 -120 -1 -1 99 2147483647 2147483647 2147483647 -1 2147483647 0x5 gsm|lte level=4
11-06 04:07:49.039  1453  1976 D NetworkController.MobileSignalController(0/1): getMobileIconGroup(): 10
11-06 04:07:49.052  2968  2991 E MP-Decision: Error(-22) changing core 2 status to offline
11-06 04:07:49.052  2968  2991 E MP-Decision: Error(-22) changing core 3 status to offline
11-06 04:07:49.102  2968  2991 E MP-Decision: Error(-22) changing core 2 status to offline
11-06 04:07:49.102  2968  2991 E MP-Decision: Error(-22) changing core 3 status to offline
11-06 04:07:49.152  2968  2991 E MP-Decision: Error(-22) changing core 2 status to offline
11-06 04:07:49.152  2968  2991 E MP-Decision: Error(-22) changing core 3 status to offline
11-06 04:07:49.206  2968  2991 E MP-Decision: Error(-22) changing core 2 status to offline
11-06 04:07:49.206  2968  2991 E MP-Decision: Error(-22) changing core 3 status to offline
11-06 04:07:49.256  2968  2991 E MP-Decision: Error(-22) changing core 2 status to offline
11-06 04:07:49.256  2968  2991 E MP-Decision: Error(-22) changing core 3 status to offline
11-06 04:07:49.286   888  1321 D InputReader: Input event(10): value=1 when=161273840777000
11-06 04:07:49.286   888  1321 I InputReader: Touch event's action is 0x0 (deviceType=0) [pCnt=1, s=0.27287 ] when=161273840801000
11-06 04:07:49.286   888  1321 D InputReader: lastThreadEndTime = 161272068663161, currentThreadStartTime = 161272068665765, diff = 0
11-06 04:07:49.289   888  1320 I InputDispatcher: Delivering touch to (1453): action: 0x4, toolType: 1
11-06 04:07:49.289   888  1320 I InputDispatcher: Delivering touch to (5117): action: 0x4, toolType: 1
11-06 04:07:49.289   888  1320 I InputDispatcher: Delivering touch to (10577): action: 0x0, toolType: 1
11-06 04:07:49.289 10577 10577 D ViewRootImpl: ViewPostImeInputStage processPointer 0
11-06 04:07:49.296 10577 10577 D TextView: setTypeface with style : 0
11-06 04:07:49.296 10577 10577 D TextView: setTypeface with style : 0
11-06 04:07:49.302  5117  5117 D AutoHideHelper: ###check Single invalid
11-06 04:07:49.309   313   313 D libEGL  : eglInitialize EGLDisplay = 0xbeddf2cc
11-06 04:07:49.326   313   313 D libEGL  : eglInitialize EGLDisplay = 0xbeddf2cc
11-06 04:07:49.332   888  1321 D InputReader: Input event(10): value=0 when=161273887447000
11-06 04:07:49.332   888  1321 I InputReader: Touch event's action is 0x1 (deviceType=0) [pCnt=1, s=] when=161273887449000
11-06 04:07:49.332   888  1320 I InputDispatcher: Delivering touch to (10577): action: 0x1, toolType: 1
11-06 04:07:49.332 10577 10577 D ViewRootImpl: ViewPostImeInputStage processPointer 1
11-06 04:07:49.352 31673 31673 D ViewRootImpl: #3 mView = null
11-06 04:07:49.362 31673 31673 W DisplayListCanvas: DisplayListCanvas is started on unbinded RenderNode (without mOwningView)
11-06 04:07:49.499   313   387 I SurfaceFlinger: id=5158 Removed PopupWindow:a507093 (4/11)
11-06 04:07:49.499   313  2188 I SurfaceFlinger: id=5158 Removed PopupWindow:a507093 (-2/11)
11-06 04:07:49.512   313   313 D libEGL  : eglTerminate EGLDisplay = 0xbeddf32c
11-06 04:07:49.542   888  5685 V AlarmManager:  remove PendingIntent] PendingIntent{e064b44: PendingIntentRecord{80984a8 com.facebook.orca broadcastIntent}}
11-06 04:07:49.546   888   903 V AlarmManager:  remove PendingIntent] PendingIntent{e34f42d: PendingIntentRecord{297ef4 com.facebook.orca broadcastIntent}}
11-06 04:07:49.556   888   954 I ActivityManager: Start proc 31830:com.trustonic.tuiservice/1000 for service com.trustonic.tuiservice/.TuiService
11-06 04:07:49.559 31830 31830 E Zygote  : v2
11-06 04:07:49.559  1880  1920 D PeopleNotiListenerService: onEdgeNotificationRemoved() : pkg com.facebook.orca,id=908140028,extra=Bundle[mParcelledData.dataSize=84]
11-06 04:07:49.559  1880  1880 D PeopleNotiListenerService: removeEdgeNotification:Bundle[{samsung.notification.id=908140028, samsung.notification.type=normal, samsung.people.package_name=com.facebook.orca}]
11-06 04:07:49.559  1880  1880 I PeopleStripeService: PeopleNotificationReceiver:3
11-06 04:07:49.559  1880  1880 I PeopleStripeService: sendEdgeNotification  peopleEnabled false lightingEnabled true edgeEnabled false
11-06 04:07:49.559  1880  1880 I PeopleStripeService: Edge Off
11-06 04:07:49.559 31830 31830 W SELinux : Function: selinux_compare_spd_ram, index[1], priority [2], priority version is VE=SEPF_SECMOBILE_6.0.1_0004
11-06 04:07:49.559 31830 31830 I libpersona: KNOX_SDCARD checking this for 1000
11-06 04:07:49.559 31830 31830 I libpersona: KNOX_SDCARD not a persona
11-06 04:07:49.562 31830 31830 E Zygote  : accessInfo : 0
11-06 04:07:49.566   888  5684 I PersonaManager: mKnoxInfo is empty
11-06 04:07:49.579 16503 16638 D omnistore: DebouncingRateLimiter attempting event SyncProtocol::onConnectionEstablished
11-06 04:07:49.579 16503 16638 D omnistore: Event not rate limited: SyncProtocol::onConnectionEstablished
11-06 04:07:49.582 16503 16638 D omnistore: SendQueue::onConnectionEstablished: sending 0 transaction(s)
11-06 04:07:49.582 16503 16638 D omnistore: Start integrity check process
11-06 04:07:49.582 16503 16638 D omnistore: SubscriptionManager::onConnectionEstablished is called back
11-06 04:07:49.602 16503 16638 I omnistore: Connect message: collectionName: tincan_msg:1497866732_AVH4BT5FK3U47XZUKB6Z2MOXIIPWRCTZGAO6CRD5AZYK7AIAQD5QW, gvid: 0
11-06 04:07:49.609 16503 16638 I omnistore: Connect message: collectionName: messenger_user_prefs:1497866732, gvid: 0
11-06 04:07:49.612  1880  3584 D PeopleNotiListenerService: onEdgeNotificationRemoved() : pkg com.facebook.orca,id=908140028,extra=Bundle[mParcelledData.dataSize=84]
11-06 04:07:49.612  1880  1880 D PeopleNotiListenerService: removeEdgeNotification:Bundle[{samsung.notification.id=908140028, samsung.notification.type=normal, samsung.people.package_name=com.facebook.orca}]
11-06 04:07:49.612  1880  1880 I PeopleStripeService: PeopleNotificationReceiver:3
11-06 04:07:49.612  1880  1880 I PeopleStripeService: sendEdgeNotification  peopleEnabled false lightingEnabled true edgeEnabled false
11-06 04:07:49.612  1880  1880 I PeopleStripeService: Edge Off
11-06 04:07:49.612 16503 16638 I omnistore: Connect message: collectionName: messenger_contacts_android:1497866732_amqcTxs0Arp48, gvid: 2309
11-06 04:07:49.612 16503 16638 I omnistore: Client sent connect message
11-06 04:07:49.612 31830 31830 W ResourcesManager: getTopLevelResources: /system/app/TuiService/TuiService.apk / 1.0 running in com.trustonic.tuiservice rsrc of package com.trustonic.tuiservice
11-06 04:07:49.612   888  1538 I InjectionManagerService -AppFeature: getCoreFeaturePkgList :[]
11-06 04:07:49.616 31830 31830 I InjectionManager: Inside getClassLibPath + mLibMap{0=, 1=}
11-06 04:07:49.619 31830 31830 D ResourcesManager: For user 0 new overlays fetched Null
11-06 04:07:49.622   888  2066 V AlarmManager:  remove PendingIntent] PendingIntent{fbed7b0: PendingIntentRecord{80984a8 com.facebook.orca broadcastIntent}}
11-06 04:07:49.622   888  1980 V AlarmManager:  remove PendingIntent] PendingIntent{c19a629: PendingIntentRecord{297ef4 com.facebook.orca broadcastIntent}}
11-06 04:07:49.629 31830 31830 I InjectionManager: Inside getClassLibPath caller 
11-06 04:07:49.632  1880 13383 D PeopleNotiListenerService: onEdgeNotificationRemoved() : pkg com.facebook.orca,id=908140028,extra=Bundle[mParcelledData.dataSize=84]
11-06 04:07:49.632  1880  1880 D PeopleNotiListenerService: removeEdgeNotification:Bundle[{samsung.notification.id=908140028, samsung.notification.type=normal, samsung.people.package_name=com.facebook.orca}]
11-06 04:07:49.632  1880  1880 I PeopleStripeService: PeopleNotificationReceiver:3
11-06 04:07:49.632  1880  1880 I PeopleStripeService: sendEdgeNotification  peopleEnabled false lightingEnabled true edgeEnabled false
11-06 04:07:49.632  1880  1880 I PeopleStripeService: Edge Off
11-06 04:07:49.636   888  2068 V AlarmManager:  remove PendingIntent] PendingIntent{4426dae: PendingIntentRecord{80984a8 com.facebook.orca broadcastIntent}}
11-06 04:07:49.639  1880 30034 D PeopleNotiListenerService: onEdgeNotificationRemoved() : pkg com.facebook.orca,id=908140028,extra=Bundle[mParcelledData.dataSize=84]
11-06 04:07:49.639  1880  1880 D PeopleNotiListenerService: removeEdgeNotification:Bundle[{samsung.notification.id=908140028, samsung.notification.type=normal, samsung.people.package_name=com.facebook.orca}]
11-06 04:07:49.639  1880  1880 I PeopleStripeService: PeopleNotificationReceiver:3
11-06 04:07:49.639  1880  1880 I PeopleStripeService: sendEdgeNotification  peopleEnabled false lightingEnabled true edgeEnabled false
11-06 04:07:49.639  1880  1880 I PeopleStripeService: Edge Off
11-06 04:07:49.639 31830 31830 D InjectionManager: InjectionManager
11-06 04:07:49.639 31830 31830 D InjectionManager: fillFeatureStoreMap com.trustonic.tuiservice
11-06 04:07:49.639 31830 31830 I InjectionManager: Constructor com.trustonic.tuiservice, Feature store :{}
11-06 04:07:49.639 31830 31830 I InjectionManager: featureStore :{}
11-06 04:07:49.639   888  1980 V AlarmManager:  remove PendingIntent] PendingIntent{47e74f: PendingIntentRecord{297ef4 com.facebook.orca broadcastIntent}}
11-06 04:07:49.646 31830 31830 I TlcTuiJni: JNI_OnLoad;256
11-06 04:07:49.646 31830 31830 I TlcTuiJni: JNI_OnLoad: TuiTlcWrapperClass = 200021;270
11-06 04:07:49.646 31830 31830 I TlcTuiJni: JNI_OnLoad: gVm = B47B4000 vm = B47B4000;283
11-06 04:07:49.646 31830 31830 I TlcTuiJni: calling tlcLaunch();228
11-06 04:07:49.646 31830 31854 I TlcTui  : mainThread: TlcTui start!;76
11-06 04:07:49.646 31830 31854 I TlcTui  : mainThread: open k-tlc device failed with errno No such file or directory.;99
11-06 04:07:49.676   888  5685 I ActivityManager: Process com.trustonic.tuiservice (pid 31830)(adj 5) has died(69,770)
11-06 04:07:49.676   888  5685 D ActivityManager: isAutoRunBlockedApp:: com.trustonic.tuiservice, Auto Run ON
11-06 04:07:49.676   888  5685 I ActivityManager: isWidgetUsingPkg : com.trustonic.tuiservice no widget is using.
11-06 04:07:49.676   888  5685 W ActivityManager: Scheduling restart of crashed service com.trustonic.tuiservice/.TuiService in 1000ms
11-06 04:07:49.689   350   350 I Zygote  : Process 31830 exited cleanly (1)
11-06 04:07:49.749   888   899 I art     : Background partial concurrent mark sweep GC freed 100633(5MB) AllocSpace objects, 13(256KB) LOS objects, 21% free, 58MB/74MB, paused 2.479ms total 183.639ms
11-06 04:07:49.752 24969 25087 D com.facebook.a.a: Got unexpected exception: java.io.WriteAbortedException: Read an exception; java.io.NotSerializableException: org.json.JSONObject
11-06 04:07:50.066  1880 15914 D PeopleNotiListenerService: onEdgeNotificationRemoved() : pkg com.facebook.orca,id=908140028,extra=Bundle[mParcelledData.dataSize=84]
11-06 04:07:50.066  1880  1880 D PeopleNotiListenerService: removeEdgeNotification:Bundle[{samsung.notification.id=908140028, samsung.notification.type=normal, samsung.people.package_name=com.facebook.orca}]
11-06 04:07:50.066  1880  1880 I PeopleStripeService: PeopleNotificationReceiver:3
11-06 04:07:50.066  1880  1880 I PeopleStripeService: sendEdgeNotification  peopleEnabled false lightingEnabled true edgeEnabled false
11-06 04:07:50.066  1880  1880 I PeopleStripeService: Edge Off
11-06 04:07:50.069  1880 26475 D PeopleNotiListenerService: onEdgeNotificationRemoved() : pkg com.facebook.orca,id=908140028,extra=Bundle[mParcelledData.dataSize=84]
11-06 04:07:50.069  1880  1880 D PeopleNotiListenerService: removeEdgeNotification:Bundle[{samsung.notification.id=908140028, samsung.notification.type=normal, samsung.people.package_name=com.facebook.orca}]
11-06 04:07:50.069  1880  1880 I PeopleStripeService: PeopleNotificationReceiver:3
11-06 04:07:50.072  1880  1880 I PeopleStripeService: sendEdgeNotification  peopleEnabled false lightingEnabled true edgeEnabled false
11-06 04:07:50.072  1880  1880 I PeopleStripeService: Edge Off
11-06 04:07:50.072   888  2084 V AlarmManager:  remove PendingIntent] PendingIntent{4c5a96b: PendingIntentRecord{2a00249 com.facebook.orca broadcastIntent}}
11-06 04:07:50.076 16503 16631 D omnistore: Publish acked for callback 0x970e9070
11-06 04:07:50.136   888  1321 D InputReader: Input event(10): value=1 when=161274691250000
11-06 04:07:50.136   888  1321 I InputReader: Touch event's action is 0x0 (deviceType=0) [pCnt=1, s=0.27288 ] when=161274691276000
11-06 04:07:50.136   888  1321 D InputReader: lastThreadEndTime = 161273887585998, currentThreadStartTime = 161273887589123, diff = 0
11-06 04:07:50.136   888  1320 I InputDispatcher: Delivering touch to (1453): action: 0x4, toolType: 1
11-06 04:07:50.136   888  1320 I InputDispatcher: Delivering touch to (5117): action: 0x4, toolType: 1
11-06 04:07:50.136   888  1320 I InputDispatcher: Delivering touch to (10577): action: 0x0, toolType: 1
11-06 04:07:50.136  5117  5117 D AutoHideHelper: ###check Single invalid
11-06 04:07:50.136 10577 10577 D ViewRootImpl: ViewPostImeInputStage processPointer 0
11-06 04:07:50.169   888   903 I PersonaManager: mKnoxInfo is empty
11-06 04:07:50.172   888  2084 I PersonaManager: mKnoxInfo is empty
11-06 04:07:50.176   888  5685 I PersonaManager: mKnoxInfo is empty
11-06 04:07:50.179   888  1980 I PersonaManager: mKnoxInfo is empty
11-06 04:07:50.179   888  5684 I PersonaManager: mKnoxInfo is empty
11-06 04:07:50.179   888  1496 I PersonaManager: mKnoxInfo is empty
11-06 04:07:50.179   888   902 I PersonaManager: mKnoxInfo is empty
11-06 04:07:50.182   888  5503 I PersonaManager: mKnoxInfo is empty
11-06 04:07:50.182   888   903 I PersonaManager: mKnoxInfo is empty
11-06 04:07:50.182   888  2084 I PersonaManager: mKnoxInfo is empty
11-06 04:07:50.182   888  5685 I PersonaManager: mKnoxInfo is empty
11-06 04:07:50.182   888  1980 I PersonaManager: mKnoxInfo is empty
11-06 04:07:50.186   888  5684 I PersonaManager: mKnoxInfo is empty
11-06 04:07:50.186   888  1496 I PersonaManager: mKnoxInfo is empty
11-06 04:07:50.186   888  1538 I PersonaManager: mKnoxInfo is empty
11-06 04:07:50.186   888  1366 I PersonaManager: mKnoxInfo is empty
11-06 04:07:50.186   888  2068 I PersonaManager: mKnoxInfo is empty
11-06 04:07:50.189   888  2066 I PersonaManager: mKnoxInfo is empty
11-06 04:07:50.189   888  2223 I PersonaManager: mKnoxInfo is empty
11-06 04:07:50.189   888  2661 I PersonaManager: mKnoxInfo is empty
11-06 04:07:50.192   888  1496 I PersonaManager: mKnoxInfo is empty
11-06 04:07:50.192   888  5503 I PersonaManager: mKnoxInfo is empty
11-06 04:07:50.192   888  1538 I PersonaManager: mKnoxInfo is empty
11-06 04:07:50.192   888  1366 I PersonaManager: mKnoxInfo is empty
11-06 04:07:50.192   888  2068 I PersonaManager: mKnoxInfo is empty
11-06 04:07:50.196   888  2066 I PersonaManager: mKnoxInfo is empty
11-06 04:07:50.196   888  2223 I PersonaManager: mKnoxInfo is empty
11-06 04:07:50.196   888  2661 I PersonaManager: mKnoxInfo is empty
11-06 04:07:50.196   888  1496 I PersonaManager: mKnoxInfo is empty
11-06 04:07:50.196   888  5503 I PersonaManager: mKnoxInfo is empty
11-06 04:07:50.199   888  1538 I PersonaManager: mKnoxInfo is empty
11-06 04:07:50.199   888  1366 I PersonaManager: mKnoxInfo is empty
11-06 04:07:50.199   888  2068 I PersonaManager: mKnoxInfo is empty
11-06 04:07:50.199   888  2066 I PersonaManager: mKnoxInfo is empty
11-06 04:07:50.199   888  2223 I PersonaManager: mKnoxInfo is empty
11-06 04:07:50.199   888  2661 I PersonaManager: mKnoxInfo is empty
11-06 04:07:50.202   888  1496 I PersonaManager: mKnoxInfo is empty
11-06 04:07:50.202   888  5503 I PersonaManager: mKnoxInfo is empty
11-06 04:07:50.202   888  1538 I PersonaManager: mKnoxInfo is empty
11-06 04:07:50.202   888  1366 I PersonaManager: mKnoxInfo is empty
11-06 04:07:50.202   888  2068 I PersonaManager: mKnoxInfo is empty
11-06 04:07:50.202   888  2066 I PersonaManager: mKnoxInfo is empty
11-06 04:07:50.206   888  2223 I PersonaManager: mKnoxInfo is empty
11-06 04:07:50.206   888  2661 I PersonaManager: mKnoxInfo is empty
11-06 04:07:50.206   888  1496 I PersonaManager: mKnoxInfo is empty
11-06 04:07:50.209   888  5503 I PersonaManager: mKnoxInfo is empty
11-06 04:07:50.209   888  1538 I PersonaManager: mKnoxInfo is empty
11-06 04:07:50.209   888  1366 I PersonaManager: mKnoxInfo is empty
11-06 04:07:50.209   888  2068 I PersonaManager: mKnoxInfo is empty
11-06 04:07:50.209   888  2066 I PersonaManager: mKnoxInfo is empty
11-06 04:07:50.209   888  2223 I PersonaManager: mKnoxInfo is empty
11-06 04:07:50.212   888  2661 I PersonaManager: mKnoxInfo is empty
11-06 04:07:50.212   888  1496 I PersonaManager: mKnoxInfo is empty
11-06 04:07:50.212   888  5503 I PersonaManager: mKnoxInfo is empty
11-06 04:07:50.212   888  1538 I PersonaManager: mKnoxInfo is empty
11-06 04:07:50.212   888  1366 I PersonaManager: mKnoxInfo is empty
11-06 04:07:50.212   888  2068 I PersonaManager: mKnoxInfo is empty
11-06 04:07:50.216   888  2066 I PersonaManager: mKnoxInfo is empty
11-06 04:07:50.216   888  2223 I PersonaManager: mKnoxInfo is empty
11-06 04:07:50.216   888  2661 I PersonaManager: mKnoxInfo is empty
11-06 04:07:50.219   888  2067 I PersonaManager: mKnoxInfo is empty
11-06 04:07:50.219   888   902 I PersonaManager: mKnoxInfo is empty
11-06 04:07:50.219   888   903 I PersonaManager: mKnoxInfo is empty
11-06 04:07:50.239   888  1321 D InputReader: Input event(10): value=0 when=161274794390000
11-06 04:07:50.239   888  1321 I InputReader: Touch event's action is 0x1 (deviceType=0) [pCnt=1, s=] when=161274794392000
11-06 04:07:50.239   888  1320 I InputDispatcher: Delivering touch to (10577): action: 0x1, toolType: 1
11-06 04:07:50.239 10577 10577 D ViewRootImpl: ViewPostImeInputStage processPointer 1
11-06 04:07:50.256 31673 31673 W DisplayListCanvas: DisplayListCanvas is started on unbinded RenderNode (without mOwningView)
11-06 04:07:50.476   888  1321 D InputReader: Input event(10): value=1 when=161275031458000
11-06 04:07:50.476   888  1321 I InputReader: Touch event's action is 0x0 (deviceType=0) [pCnt=1, s=0.27289 ] when=161275031467000
11-06 04:07:50.476   888  1321 D InputReader: lastThreadEndTime = 161274794527600, currentThreadStartTime = 161274794530777, diff = 0
11-06 04:07:50.476   888  1320 I InputDispatcher: Delivering touch to (1453): action: 0x4, toolType: 1
11-06 04:07:50.476   888  1320 I InputDispatcher: Delivering touch to (5117): action: 0x4, toolType: 1
11-06 04:07:50.476   888  1320 I InputDispatcher: Delivering touch to (10577): action: 0x0, toolType: 1
11-06 04:07:50.479 10577 10577 D ViewRootImpl: ViewPostImeInputStage processPointer 0
11-06 04:07:50.482  5117  5117 D AutoHideHelper: ###check Single invalid
11-06 04:07:50.546   888  1980 D SensorService: SensorEventConnection::SocketBufferSize, SystemSocketBufferSize - 102400, 2097152
11-06 04:07:50.549   888  5684 E Sensors : Pressure old sensor_state 8705, new sensor_state : 8737 en : 1
11-06 04:07:50.556  1453  1453 D SensorManager: registerListener :: 4, Barometer Sensor, 200000, 0,  
11-06 04:07:50.586   888  1321 D InputReader: Input event(10): value=0 when=161275142992000
11-06 04:07:50.586   888  1321 I InputReader: Touch event's action is 0x1 (deviceType=0) [pCnt=1, s=] when=161275142993000
11-06 04:07:50.586   888  1320 I InputDispatcher: Delivering touch to (10577): action: 0x1, toolType: 1
11-06 04:07:50.589 10577 10577 D ViewRootImpl: ViewPostImeInputStage processPointer 1
