11-06 04:07:50.589  1453  1976 D NetworkController.MobileSignalController(0/1): onSignalStrengthsChanged signalStrength=SignalStrength: 10 99 -120 -160 -120 -1 -1 99 2147483647 2147483647 2147483647 -1 2147483647 0x5 gsm|lte level=4
11-06 04:07:50.589  1453  1976 D NetworkController.MobileSignalController(0/1): getMobileIconGroup(): 10
11-06 04:07:50.596 31673 31673 W DisplayListCanvas: DisplayListCanvas is started on unbinded RenderNode (without mOwningView)
11-06 04:07:50.689 31862 31862 E Zygote  : v2
11-06 04:07:50.689 31862 31862 W SELinux : Function: selinux_compare_spd_ram, index[1], priority [2], priority version is VE=SEPF_SECMOBILE_6.0.1_0004
11-06 04:07:50.689   888   954 I ActivityManager: Start proc 31862:com.trustonic.tuiservice/1000 for service com.trustonic.tuiservice/.TuiService
11-06 04:07:50.689 31862 31862 I libpersona: KNOX_SDCARD checking this for 1000
11-06 04:07:50.689 31862 31862 I libpersona: KNOX_SDCARD not a persona
11-06 04:07:50.692 31862 31862 E Zygote  : accessInfo : 0
11-06 04:07:50.742 31862 31862 W ResourcesManager: getTopLevelResources: /system/app/TuiService/TuiService.apk / 1.0 running in com.trustonic.tuiservice rsrc of package com.trustonic.tuiservice
11-06 04:07:50.746 31862 31862 I InjectionManager: Inside getClassLibPath + mLibMap{0=, 1=}
11-06 04:07:50.746   888  1366 I InjectionManagerService -AppFeature: getCoreFeaturePkgList :[]
11-06 04:07:50.746 31862 31862 D ResourcesManager: For user 0 new overlays fetched Null
11-06 04:07:50.749 31862 31862 I InjectionManager: Inside getClassLibPath caller 
11-06 04:07:50.756 31862 31862 D InjectionManager: InjectionManager
11-06 04:07:50.756 31862 31862 D InjectionManager: fillFeatureStoreMap com.trustonic.tuiservice
11-06 04:07:50.756 31862 31862 I InjectionManager: Constructor com.trustonic.tuiservice, Feature store :{}
11-06 04:07:50.756 31862 31862 I InjectionManager: featureStore :{}
11-06 04:07:50.762 31862 31862 I TlcTuiJni: JNI_OnLoad;256
11-06 04:07:50.762 31862 31862 I TlcTuiJni: JNI_OnLoad: TuiTlcWrapperClass = 200021;270
11-06 04:07:50.762 31862 31862 I TlcTuiJni: JNI_OnLoad: gVm = B47B4000 vm = B47B4000;283
11-06 04:07:50.766 31862 31862 I TlcTuiJni: calling tlcLaunch();228
11-06 04:07:50.766 31862 31875 I TlcTui  : mainThread: TlcTui start!;76
11-06 04:07:50.766 31862 31875 I TlcTui  : mainThread: open k-tlc device failed with errno No such file or directory.;99
11-06 04:07:50.796   888   903 I ActivityManager: Process com.trustonic.tuiservice (pid 31862)(adj 5) has died(71,770)
11-06 04:07:50.796   888   903 D ActivityManager: isAutoRunBlockedApp:: com.trustonic.tuiservice, Auto Run ON
11-06 04:07:50.796   888   903 I ActivityManager: isWidgetUsingPkg : com.trustonic.tuiservice no widget is using.
11-06 04:07:50.796   888   903 W ActivityManager: Scheduling restart of crashed service com.trustonic.tuiservice/.TuiService in 1000ms
11-06 04:07:50.799   350   350 I Zygote  : Process 31862 exited cleanly (1)
11-06 04:07:51.086 31892 31892 F libc    : page record for 0xb6e3201c was not found (block_size=16)
11-06 04:07:51.356   888  1321 D InputReader: Input event(10): value=1 when=161275909116000
11-06 04:07:51.356   888  1321 I InputReader: Touch event's action is 0x0 (deviceType=0) [pCnt=1, s=0.27290 ] when=161275909139000
11-06 04:07:51.356   888  1320 I InputDispatcher: Delivering touch to (1453): action: 0x4, toolType: 1
11-06 04:07:51.356   888  1320 I InputDispatcher: Delivering touch to (5117): action: 0x4, toolType: 1
11-06 04:07:51.356   888  1320 I InputDispatcher: Delivering touch to (10577): action: 0x0, toolType: 1
11-06 04:07:51.356 10577 10577 D ViewRootImpl: ViewPostImeInputStage processPointer 0
11-06 04:07:51.356   888  1321 D InputReader: lastThreadEndTime = 161275143132947, currentThreadStartTime = 161275143136593, diff = 0
11-06 04:07:51.356  5117  5117 D AutoHideHelper: ###check Single invalid
11-06 04:07:51.469   888  1321 D InputReader: Input event(10): value=0 when=161276023512000
11-06 04:07:51.469   888  1321 I InputReader: Touch event's action is 0x1 (deviceType=0) [pCnt=1, s=] when=161276023514000
11-06 04:07:51.469   888  1320 I InputDispatcher: Delivering touch to (10577): action: 0x1, toolType: 1
11-06 04:07:51.469 10577 10577 D ViewRootImpl: ViewPostImeInputStage processPointer 1
11-06 04:07:51.472 31673 31673 W DisplayListCanvas: DisplayListCanvas is started on unbinded RenderNode (without mOwningView)
11-06 04:07:51.749   888  1321 D InputReader: Input event(10): value=1 when=161276305390000
11-06 04:07:51.749   888  1321 I InputReader: Touch event's action is 0x0 (deviceType=0) [pCnt=1, s=0.27291 ] when=161276305400000
11-06 04:07:51.749   888  1321 D InputReader: lastThreadEndTime = 161276023636264, currentThreadStartTime = 161276023638972, diff = 0
11-06 04:07:51.749   888  1320 I InputDispatcher: Delivering touch to (1453): action: 0x4, toolType: 1
11-06 04:07:51.749   888  1320 I InputDispatcher: Delivering touch to (5117): action: 0x4, toolType: 1
11-06 04:07:51.749   888  1320 I InputDispatcher: Delivering touch to (10577): action: 0x0, toolType: 1
11-06 04:07:51.749  5117  5117 D AutoHideHelper: ###check Single invalid
11-06 04:07:51.752 10577 10577 D ViewRootImpl: ViewPostImeInputStage processPointer 0
11-06 04:07:51.806 31894 31894 E Zygote  : v2
11-06 04:07:51.806 31894 31894 W SELinux : Function: selinux_compare_spd_ram, index[1], priority [2], priority version is VE=SEPF_SECMOBILE_6.0.1_0004
11-06 04:07:51.806   888   954 I ActivityManager: Start proc 31894:com.trustonic.tuiservice/1000 for service com.trustonic.tuiservice/.TuiService
11-06 04:07:51.806 31894 31894 I libpersona: KNOX_SDCARD checking this for 1000
11-06 04:07:51.806 31894 31894 I libpersona: KNOX_SDCARD not a persona
11-06 04:07:51.809 31894 31894 E Zygote  : accessInfo : 0
11-06 04:07:51.846 31894 31894 W ResourcesManager: getTopLevelResources: /system/app/TuiService/TuiService.apk / 1.0 running in com.trustonic.tuiservice rsrc of package com.trustonic.tuiservice
11-06 04:07:51.849 31894 31894 I InjectionManager: Inside getClassLibPath + mLibMap{0=, 1=}
11-06 04:07:51.849   888  1321 D InputReader: Input event(10): value=0 when=161276405685000
11-06 04:07:51.849   888  1321 I InputReader: Touch event's action is 0x1 (deviceType=0) [pCnt=1, s=] when=161276405686000
11-06 04:07:51.849   888  1320 I InputDispatcher: Delivering touch to (10577): action: 0x1, toolType: 1
11-06 04:07:51.849 10577 10577 D ViewRootImpl: ViewPostImeInputStage processPointer 1
11-06 04:07:51.849   888  2661 I InjectionManagerService -AppFeature: getCoreFeaturePkgList :[]
11-06 04:07:51.849 31894 31894 D ResourcesManager: For user 0 new overlays fetched Null
11-06 04:07:51.852 31894 31894 I InjectionManager: Inside getClassLibPath caller 
11-06 04:07:51.859 31894 31894 D InjectionManager: InjectionManager
11-06 04:07:51.859 31894 31894 D InjectionManager: fillFeatureStoreMap com.trustonic.tuiservice
11-06 04:07:51.859 31894 31894 I InjectionManager: Constructor com.trustonic.tuiservice, Feature store :{}
11-06 04:07:51.859 31894 31894 I InjectionManager: featureStore :{}
11-06 04:07:51.862 31673 31673 W DisplayListCanvas: DisplayListCanvas is started on unbinded RenderNode (without mOwningView)
11-06 04:07:51.866 31894 31894 I TlcTuiJni: JNI_OnLoad;256
11-06 04:07:51.866 31894 31894 I TlcTuiJni: JNI_OnLoad: TuiTlcWrapperClass = 200021;270
11-06 04:07:51.866 31894 31894 I TlcTuiJni: JNI_OnLoad: gVm = B47B4000 vm = B47B4000;283
11-06 04:07:51.869 31894 31894 I TlcTuiJni: calling tlcLaunch();228
11-06 04:07:51.869 31894 31907 I TlcTui  : mainThread: TlcTui start!;76
11-06 04:07:51.869 31894 31907 I TlcTui  : mainThread: open k-tlc device failed with errno No such file or directory.;99
11-06 04:07:51.899   888  5684 I ActivityManager: Process com.trustonic.tuiservice (pid 31894)(adj 5) has died(71,770)
11-06 04:07:51.899   888  5684 D ActivityManager: isAutoRunBlockedApp:: com.trustonic.tuiservice, Auto Run ON
11-06 04:07:51.899   888  5684 I ActivityManager: isWidgetUsingPkg : com.trustonic.tuiservice no widget is using.
11-06 04:07:51.899   888  5684 W ActivityManager: Scheduling restart of crashed service com.trustonic.tuiservice/.TuiService in 1000ms
11-06 04:07:51.906   350   350 I Zygote  : Process 31894 exited cleanly (1)
11-06 04:07:51.942   888  1221 E TemperatureHumiditySensor: mCompEngine is NULL
11-06 04:07:51.986   888  1366 E Sensors : Pressure old sensor_state 8737, new sensor_state : 8705 en : 0
11-06 04:07:51.986   888  1428 D AutomaticBrightnessController: applyLightSensorMeasurementSEC : mIsLockZone = false
11-06 04:07:51.992  1453  1453 D SensorManager: unregisterListener ::   
11-06 04:07:52.099 31908 31908 F libc    : page record for 0xb6f4801c was not found (block_size=16)
11-06 04:07:52.159   888  1321 D InputReader: Input event(10): value=1 when=161276713387000
11-06 04:07:52.159   888  1321 I InputReader: Touch event's action is 0x0 (deviceType=0) [pCnt=1, s=0.27292 ] when=161276713398000
11-06 04:07:52.159   888  1321 D InputReader: lastThreadEndTime = 161276405820676, currentThreadStartTime = 161276405824270, diff = 0
11-06 04:07:52.159   888  1320 I InputDispatcher: Delivering touch to (1453): action: 0x4, toolType: 1
11-06 04:07:52.159   888  1320 I InputDispatcher: Delivering touch to (5117): action: 0x4, toolType: 1
11-06 04:07:52.159   888  1320 I InputDispatcher: Delivering touch to (10577): action: 0x0, toolType: 1
11-06 04:07:52.159 10577 10577 D ViewRootImpl: ViewPostImeInputStage processPointer 0
11-06 04:07:52.159  5117  5117 D AutoHideHelper: ###check Single invalid
11-06 04:07:52.239   888  1321 D InputReader: Input event(10): value=0 when=161276794021000
11-06 04:07:52.239   888  1321 I InputReader: Touch event's action is 0x1 (deviceType=0) [pCnt=1, s=] when=161276794022000
11-06 04:07:52.239   888  1320 I InputDispatcher: Delivering touch to (10577): action: 0x1, toolType: 1
11-06 04:07:52.239 10577 10577 D ViewRootImpl: ViewPostImeInputStage processPointer 1
11-06 04:07:52.249 31673 31673 W DisplayListCanvas: DisplayListCanvas is started on unbinded RenderNode (without mOwningView)
11-06 04:07:52.922   888   954 I ActivityManager: Start proc 31909:com.trustonic.tuiservice/1000 for service com.trustonic.tuiservice/.TuiService
11-06 04:07:52.926 31909 31909 E Zygote  : v2
11-06 04:07:52.926 31909 31909 W SELinux : Function: selinux_compare_spd_ram, index[1], priority [2], priority version is VE=SEPF_SECMOBILE_6.0.1_0004
11-06 04:07:52.926 31909 31909 I libpersona: KNOX_SDCARD checking this for 1000
11-06 04:07:52.926 31909 31909 I libpersona: KNOX_SDCARD not a persona
11-06 04:07:52.929 31909 31909 E Zygote  : accessInfo : 0
11-06 04:07:52.976   888  1321 D InputReader: Input event(10): value=1 when=161277531404000
11-06 04:07:52.976   888  1321 I InputReader: Touch event's action is 0x0 (deviceType=0) [pCnt=1, s=0.27293 ] when=161277531414000
11-06 04:07:52.976   888  1321 D InputReader: lastThreadEndTime = 161276794152641, currentThreadStartTime = 161276794155506, diff = 0
11-06 04:07:52.976   888  1320 I InputDispatcher: Delivering touch to (1453): action: 0x4, toolType: 1
11-06 04:07:52.976   888  1320 I InputDispatcher: Delivering touch to (5117): action: 0x4, toolType: 1
11-06 04:07:52.976   888  1320 I InputDispatcher: Delivering touch to (31673): action: 0x0, toolType: 1
11-06 04:07:52.976 31673 31673 D ViewRootImpl: ViewPostImeInputStage processPointer 0
11-06 04:07:52.976  5117  5117 D AutoHideHelper: ###check Single invalid
11-06 04:07:52.976 31909 31909 W ResourcesManager: getTopLevelResources: /system/app/TuiService/TuiService.apk / 1.0 running in com.trustonic.tuiservice rsrc of package com.trustonic.tuiservice
11-06 04:07:52.979 31909 31909 I InjectionManager: Inside getClassLibPath + mLibMap{0=, 1=}
11-06 04:07:52.979   888  5685 I InjectionManagerService -AppFeature: getCoreFeaturePkgList :[]
11-06 04:07:52.982 31909 31909 I InjectionManager: Inside getClassLibPath caller 
11-06 04:07:52.982 31909 31909 D ResourcesManager: For user 0 new overlays fetched Null
11-06 04:07:52.986   888   977 E AutomaticBrightnessController: [DAB] printLastLightSensorEvent : lastLightSensorEventTime = 161276542 lastLightSensorValue = 0.0
11-06 04:07:52.992 31909 31909 D InjectionManager: InjectionManager
11-06 04:07:52.992 31909 31909 D InjectionManager: fillFeatureStoreMap com.trustonic.tuiservice
11-06 04:07:52.992 31909 31909 I InjectionManager: Constructor com.trustonic.tuiservice, Feature store :{}
11-06 04:07:52.992 31909 31909 I InjectionManager: featureStore :{}
11-06 04:07:52.996 31909 31909 I TlcTuiJni: JNI_OnLoad;256
11-06 04:07:52.996 31909 31909 I TlcTuiJni: JNI_OnLoad: TuiTlcWrapperClass = 200021;270
11-06 04:07:52.996 31909 31909 I TlcTuiJni: JNI_OnLoad: gVm = B47B4000 vm = B47B4000;283
11-06 04:07:52.999 31909 31909 I TlcTuiJni: calling tlcLaunch();228
11-06 04:07:52.999 31909 31922 I TlcTui  : mainThread: TlcTui start!;76
11-06 04:07:52.999 31909 31922 I TlcTui  : mainThread: open k-tlc device failed with errno No such file or directory.;99
11-06 04:07:53.029   888  2084 I ActivityManager: Process com.trustonic.tuiservice (pid 31909)(adj 5) has died(71,770)
11-06 04:07:53.029   888  2084 D ActivityManager: isAutoRunBlockedApp:: com.trustonic.tuiservice, Auto Run ON
11-06 04:07:53.029   888  2084 I ActivityManager: isWidgetUsingPkg : com.trustonic.tuiservice no widget is using.
11-06 04:07:53.029   888  2084 W ActivityManager: Scheduling restart of crashed service com.trustonic.tuiservice/.TuiService in 1000ms
11-06 04:07:53.036   350   350 I Zygote  : Process 31909 exited cleanly (1)
11-06 04:07:53.069   888  1321 D InputReader: Input event(10): value=0 when=161277623475000
11-06 04:07:53.069   888  1321 I InputReader: Touch event's action is 0x1 (deviceType=0) [pCnt=1, s=] when=161277623476000
11-06 04:07:53.069   888  1320 I InputDispatcher: Delivering touch to (31673): action: 0x1, toolType: 1
11-06 04:07:53.069 31673 31673 D ViewRootImpl: ViewPostImeInputStage processPointer 1
11-06 04:07:53.072 10577 10577 I LatinIme: abortComposing()
11-06 04:07:53.079 31673 31673 W IInputConnectionWrapper: beginBatchEdit on inactive InputConnection
11-06 04:07:53.079 31673 31673 W IInputConnectionWrapper: getSelectedText on inactive InputConnection
11-06 04:07:53.079 31673 31673 W IInputConnectionWrapper: endBatchEdit on inactive InputConnection
11-06 04:07:53.079 31673 31673 W IInputConnectionWrapper: getTextBeforeCursor on inactive InputConnection
11-06 04:07:53.079 31673 31673 W IInputConnectionWrapper: getTextAfterCursor on inactive InputConnection
11-06 04:07:53.082 10577 10577 I LatinIme: onDeactivate()
11-06 04:07:53.082 10577 10577 I ClearcutLoggerManager: onFinishInput()
11-06 04:07:53.086 10577 10577 I ClearcutLoggerManager: onStartInput()
11-06 04:07:53.086 10577 10577 D TextView: setTypeface with style : 0
11-06 04:07:53.089 10577 10577 D TextView: setTypeface with style : 0
11-06 04:07:53.089 10577 10577 D TextView: setTypeface with style : 0
11-06 04:07:53.089 10577 10577 D TextView: setTypeface with style : 0
11-06 04:07:53.089 10577 10577 D TextView: setTypeface with style : 0
11-06 04:07:53.092 10577 10577 D TextView: setTypeface with style : 0
11-06 04:07:53.092 10577 10577 D TextView: setTypeface with style : 0
11-06 04:07:53.092 10577 10577 D TextView: setTypeface with style : 0
11-06 04:07:53.092 10577 10577 D TextView: setTypeface with style : 0
11-06 04:07:53.096 10577 10577 D TextView: setTypeface with style : 0
11-06 04:07:53.096 10577 10577 D TextView: setTypeface with style : 0
11-06 04:07:53.106   888  5685 V AlarmManager:  remove PendingIntent] PendingIntent{f8b6b99: PendingIntentRecord{a7b9e5e com.google.android.inputmethod.latin startService}}
11-06 04:07:53.109   888   888 D InputMethodManagerService: [HARDWARE_KEYBOARD] (refreshImeWindowVis) mImeWindowVis= 3 inputVisible = truehaveHardKeyboard = false hardKeyShown = false
11-06 04:07:53.116  5117  5117 D EventStateReceiver: [c] IS_VISIBLE_WINDOW #1:true, IS_MOVABLE_KEYPAD:false
11-06 04:07:53.116  5117  5117 E EventStateReceiver: mIsOpenIME:true  isOpenIME:true
11-06 04:07:53.116   888   954 V BroadcastQueue: [background] Process cur broadcast BroadcastRecord{b97423f u0 ResponseAxT9Info qIdx=4}, state= (APP_RECEIVE) DELIVERED for app ProcessRecord{ae2c676 5117:com.bst.airmessage/u0a1}
11-06 04:07:53.116   888   888 D InputMethodManagerService: [HARDWARE_KEYBOARD] (refreshImeWindowVis) mImeWindowVis= 3 inputVisible = truehaveHardKeyboard = false hardKeyShown = false
11-06 04:07:53.122 31673 31673 D ViewRootImpl: MSG_RESIZED: ci=Rect(0, 63 - 0, 696) vi=Rect(0, 63 - 0, 696) or=1
11-06 04:07:53.126 30051 30051 E ProxyStatusReceiver: no this type!
11-06 04:07:53.126   888  2662 V BroadcastQueue: [background] Process cur broadcast BroadcastRecord{b97423f u0 ResponseAxT9Info qIdx=4}, state= (APP_RECEIVE) DELIVERED for app ProcessRecord{e90da55 30051:com.bst.floatingmsgproxy/u0a1}
11-06 04:07:53.136 31673 31673 W DisplayListCanvas: DisplayListCanvas is started on unbinded RenderNode (without mOwningView)
11-06 04:07:53.136 31673 31673 W DisplayListCanvas: DisplayListCanvas is started on unbinded RenderNode (without mOwningView)
11-06 04:07:53.139   888  1538 V BroadcastQueue: [background] Process cur broadcast BroadcastRecord{150970c u0 ResponseAxT9Info qIdx=4}, state= (APP_RECEIVE) DELIVERED for app ProcessRecord{ae2c676 5117:com.bst.airmessage/u0a1}
11-06 04:07:53.142  5117  5117 D EventStateReceiver: [c] IS_VISIBLE_WINDOW #1:true, IS_MOVABLE_KEYPAD:false
11-06 04:07:53.142  5117  5117 E EventStateReceiver: mIsOpenIME:true  isOpenIME:true
11-06 04:07:53.149   888   903 V BroadcastQueue: [background] Process cur broadcast BroadcastRecord{150970c u0 ResponseAxT9Info qIdx=4}, state= (APP_RECEIVE) DELIVERED for app ProcessRecord{e90da55 30051:com.bst.floatingmsgproxy/u0a1}
11-06 04:07:53.152 30051 30051 E ProxyStatusReceiver: no this type!
11-06 04:07:53.349   888  1321 D InputReader: Input event(10): value=1 when=161277905587000
11-06 04:07:53.349   888  1321 I InputReader: Touch event's action is 0x0 (deviceType=0) [pCnt=1, s=0.27294 ] when=161277905595000
11-06 04:07:53.349   888  1321 D InputReader: lastThreadEndTime = 161277623596891, currentThreadStartTime = 161277623599287, diff = 0
11-06 04:07:53.349   888  1320 I InputDispatcher: Delivering touch to (1453): action: 0x4, toolType: 1
11-06 04:07:53.349   888  1320 I InputDispatcher: Delivering touch to (5117): action: 0x4, toolType: 1
11-06 04:07:53.349   888  1320 I InputDispatcher: Delivering touch to (10577): action: 0x0, toolType: 1
11-06 04:07:53.352 10577 10577 D ViewRootImpl: ViewPostImeInputStage processPointer 0
11-06 04:07:53.356 10577 10577 D TextView: setTypeface with style : 0
11-06 04:07:53.356 10577 10577 D TextView: setTypeface with style : 0
11-06 04:07:53.359  5117  5117 D AutoHideHelper: ###check Single invalid
11-06 04:07:53.416   888  1366 D BatteryService: !@BatteryListener : batteryPropertiesChanged!
11-06 04:07:53.416   888  1366 D BatteryService: level:100, scale:100, status:5, health:2, present:true, voltage: 4332, temperature: 297, technology: Li-ion, AC powered:false, USB powered:true, POGO powered:false, Wireless powered:false, icon:17303444, invalid charger:0, maxChargingCurrent:0
11-06 04:07:53.416   888  1366 D BatteryService: online:4, current avg:450, charge type:1, power sharing:false, high voltage charger:false, capacity:280000, batterySWSelfDischarging:false, current_now:450
11-06 04:07:53.416   888   888 D BatteryService: Sending ACTION_BATTERY_CHANGED.
11-06 04:07:53.419   888   888 I MotionRecognitionService: Plugged
11-06 04:07:53.419   888   888 D MotionRecognitionService:   cableConnection= 1
11-06 04:07:53.419   888   888 D MotionRecognitionService: setPowerConnected | current backoffstate  = 1024 , state =1024
11-06 04:07:53.419   888   888 D MotionRecognitionService: skip setTransmitPower. 
11-06 04:07:53.426   888  1321 D InputReader: Input event(10): value=0 when=161277983653000
11-06 04:07:53.429   888  1321 I InputReader: Touch event's action is 0x1 (deviceType=0) [pCnt=1, s=] when=161277983655000
11-06 04:07:53.429   888  1320 I InputDispatcher: Delivering touch to (10577): action: 0x1, toolType: 1
11-06 04:07:53.429  1453  1453 D KeyguardUpdateMonitor: received broadcast android.intent.action.BATTERY_CHANGED
11-06 04:07:53.429  1453  1453 D battbar : stop anim
11-06 04:07:53.429  1453  1453 D battbar : stop anim
11-06 04:07:53.429  1453  1453 D PowerUI : priorPlugType = 2 mPlugType =  2
11-06 04:07:53.432 10577 10577 D ViewRootImpl: ViewPostImeInputStage processPointer 1
11-06 04:07:53.432 10577 10577 I DownloadManagerWrapper: onReceive() : Charging = true
11-06 04:07:53.446  1453  1453 D KeyguardUpdateMonitor: handleBatteryUpdate
11-06 04:07:53.446  1453  1453 D BatteryMeterView: ACTION_BATTERY_CHANGED : level:100 status:5 health:2
11-06 04:07:53.446  1453  1453 D BatteryMeterView: ACTION_BATTERY_CHANGED : level:100 status:5 health:2
11-06 04:07:53.449 31673 31673 W DisplayListCanvas: DisplayListCanvas is started on unbinded RenderNode (without mOwningView)
11-06 04:07:53.609   888  1321 D InputReader: Input event(10): value=1 when=161278163912000
11-06 04:07:53.609   888  1321 I InputReader: Touch event's action is 0x0 (deviceType=0) [pCnt=1, s=0.27295 ] when=161278163921000
11-06 04:07:53.609   888  1321 D InputReader: lastThreadEndTime = 161277983978490, currentThreadStartTime = 161277983981772, diff = 0
11-06 04:07:53.609   888  1320 I InputDispatcher: Delivering touch to (1453): action: 0x4, toolType: 1
11-06 04:07:53.609   888  1320 I InputDispatcher: Delivering touch to (5117): action: 0x4, toolType: 1
11-06 04:07:53.609   888  1320 I InputDispatcher: Delivering touch to (10577): action: 0x0, toolType: 1
11-06 04:07:53.609  5117  5117 D AutoHideHelper: ###check Single invalid
11-06 04:07:53.609 10577 10577 D ViewRootImpl: ViewPostImeInputStage processPointer 0
11-06 04:07:53.722   888  1321 I InputReader: Touch event's action (MT) is 0x105 (deviceType=0) [pCnt=2, s=0.27295 1.27296 ] when=161278277275000
11-06 04:07:53.722   888  1320 I InputDispatcher: Delivering touch to (10577): action: 0x105, toolType: 1
11-06 04:07:53.726 10577 10577 D TextView: setTypeface with style : 0
11-06 04:07:53.726 10577 10577 D TextView: setTypeface with style : 0
11-06 04:07:53.732   888  1321 I InputReader: Touch event's action (MT) is 0x6 (deviceType=0) [pCnt=2, s=1.27296 ] when=161278287979000
11-06 04:07:53.732   888  1320 I InputDispatcher: Delivering touch to (10577): action: 0x6, toolType: 1
11-06 04:07:53.739 31673 31673 W DisplayListCanvas: DisplayListCanvas is started on unbinded RenderNode (without mOwningView)
11-06 04:07:53.799   888  1321 D InputReader: Input event(10): value=0 when=161278354428000
11-06 04:07:53.799   888  1321 I InputReader: Touch event's action is 0x1 (deviceType=0) [pCnt=1, s=] when=161278354429000
11-06 04:07:53.799   888  1320 I InputDispatcher: Delivering touch to (10577): action: 0x1, toolType: 1
11-06 04:07:53.799 10577 10577 D ViewRootImpl: ViewPostImeInputStage processPointer 1
11-06 04:07:53.802 31673 31673 W DisplayListCanvas: DisplayListCanvas is started on unbinded RenderNode (without mOwningView)
11-06 04:07:53.922   888  1321 D InputReader: Input event(10): value=1 when=161278478670000
11-06 04:07:53.922   888  1321 I InputReader: Touch event's action is 0x0 (deviceType=0) [pCnt=1, s=0.27297 ] when=161278478681000
11-06 04:07:53.922   888  1321 D InputReader: lastThreadEndTime = 161278354558423, currentThreadStartTime = 161278354561548, diff = 0
11-06 04:07:53.922   888  1320 I InputDispatcher: Delivering touch to (1453): action: 0x4, toolType: 1
11-06 04:07:53.922   888  1320 I InputDispatcher: Delivering touch to (5117): action: 0x4, toolType: 1
11-06 04:07:53.922   888  1320 I InputDispatcher: Delivering touch to (10577): action: 0x0, toolType: 1
11-06 04:07:53.922  5117  5117 D AutoHideHelper: ###check Single invalid
11-06 04:07:53.926 10577 10577 D ViewRootImpl: ViewPostImeInputStage processPointer 0
11-06 04:07:54.012   888  1321 I InputReader: Touch event's action (MT) is 0x105 (deviceType=0) [pCnt=2, s=0.27297 1.27298 ] when=161278569490000
11-06 04:07:54.012   888  1320 I InputDispatcher: Delivering touch to (10577): action: 0x105, toolType: 1
11-06 04:07:54.022 31673 31673 W DisplayListCanvas: DisplayListCanvas is started on unbinded RenderNode (without mOwningView)
11-06 04:07:54.022   888  1321 I InputReader: Touch event's action (MT) is 0x6 (deviceType=0) [pCnt=2, s=1.27298 ] when=161278580217000
11-06 04:07:54.022   888  1320 I InputDispatcher: Delivering touch to (10577): action: 0x6, toolType: 1
11-06 04:07:54.039 31931 31931 E Zygote  : v2
11-06 04:07:54.039   888   954 I ActivityManager: Start proc 31931:com.trustonic.tuiservice/1000 for service com.trustonic.tuiservice/.TuiService
11-06 04:07:54.039 31931 31931 I libpersona: KNOX_SDCARD checking this for 1000
11-06 04:07:54.039 31931 31931 I libpersona: KNOX_SDCARD not a persona
11-06 04:07:54.042 31931 31931 W SELinux : Function: selinux_compare_spd_ram, index[1], priority [2], priority version is VE=SEPF_SECMOBILE_6.0.1_0004
11-06 04:07:54.042 31931 31931 E Zygote  : accessInfo : 0
11-06 04:07:54.079 31931 31931 I InjectionManager: Inside getClassLibPath + mLibMap{0=, 1=}
11-06 04:07:54.079 31931 31931 W ResourcesManager: getTopLevelResources: /system/app/TuiService/TuiService.apk / 1.0 running in com.trustonic.tuiservice rsrc of package com.trustonic.tuiservice
11-06 04:07:54.079   888  2223 I InjectionManagerService -AppFeature: getCoreFeaturePkgList :[]
11-06 04:07:54.079 31931 31931 D ResourcesManager: For user 0 new overlays fetched Null
11-06 04:07:54.082 31931 31931 I InjectionManager: Inside getClassLibPath caller 
11-06 04:07:54.089 31931 31931 D InjectionManager: InjectionManager
11-06 04:07:54.089 31931 31931 D InjectionManager: fillFeatureStoreMap com.trustonic.tuiservice
11-06 04:07:54.089 31931 31931 I InjectionManager: Constructor com.trustonic.tuiservice, Feature store :{}
11-06 04:07:54.089 31931 31931 I InjectionManager: featureStore :{}
11-06 04:07:54.096 31931 31931 I TlcTuiJni: JNI_OnLoad;256
11-06 04:07:54.096 31931 31931 I TlcTuiJni: JNI_OnLoad: TuiTlcWrapperClass = 200021;270
11-06 04:07:54.096 31931 31931 I TlcTuiJni: JNI_OnLoad: gVm = B47B4000 vm = B47B4000;283
11-06 04:07:54.096 31931 31931 I TlcTuiJni: calling tlcLaunch();228
11-06 04:07:54.096 31931 31944 I TlcTui  : mainThread: TlcTui start!;76
11-06 04:07:54.096 31931 31944 I TlcTui  : mainThread: open k-tlc device failed with errno No such file or directory.;99
11-06 04:07:54.102   888  1321 D InputReader: Input event(10): value=0 when=161278657912000
11-06 04:07:54.102   888  1321 I InputReader: Touch event's action is 0x1 (deviceType=0) [pCnt=1, s=] when=161278657914000
11-06 04:07:54.102   888  1320 I InputDispatcher: Delivering touch to (10577): action: 0x1, toolType: 1
11-06 04:07:54.102 10577 10577 D ViewRootImpl: ViewPostImeInputStage processPointer 1
11-06 04:07:54.109 31673 31673 W DisplayListCanvas: DisplayListCanvas is started on unbinded RenderNode (without mOwningView)
11-06 04:07:54.129   888  1980 I ActivityManager: Process com.trustonic.tuiservice (pid 31931)(adj 5) has died(70,770)
11-06 04:07:54.129   888  1980 D ActivityManager: isAutoRunBlockedApp:: com.trustonic.tuiservice, Auto Run ON
11-06 04:07:54.129   888  1980 I ActivityManager: isWidgetUsingPkg : com.trustonic.tuiservice no widget is using.
11-06 04:07:54.129   888  1980 W ActivityManager: Scheduling restart of crashed service com.trustonic.tuiservice/.TuiService in 1000ms
11-06 04:07:54.136   350   350 I Zygote  : Process 31931 exited cleanly (1)
11-06 04:07:54.182   888  1321 D InputReader: Input event(10): value=1 when=161278737284000
11-06 04:07:54.182   888  1321 I InputReader: Touch event's action is 0x0 (deviceType=0) [pCnt=1, s=0.27299 ] when=161278737293000
11-06 04:07:54.182   888  1321 D InputReader: lastThreadEndTime = 161278658075173, currentThreadStartTime = 161278658077985, diff = 0
11-06 04:07:54.182   888  1320 I InputDispatcher: Delivering touch to (1453): action: 0x4, toolType: 1
11-06 04:07:54.182   888  1320 I InputDispatcher: Delivering touch to (5117): action: 0x4, toolType: 1
11-06 04:07:54.182  5117  5117 D AutoHideHelper: ###check Single invalid
11-06 04:07:54.182   888  1320 I InputDispatcher: Delivering touch to (10577): action: 0x0, toolType: 1
11-06 04:07:54.182 10577 10577 D ViewRootImpl: ViewPostImeInputStage processPointer 0
11-06 04:07:54.259   888  1321 D InputReader: Input event(10): value=0 when=161278815210000
11-06 04:07:54.259   888  1321 I InputReader: Touch event's action is 0x1 (deviceType=0) [pCnt=1, s=] when=161278815211000
11-06 04:07:54.259   888  1320 I InputDispatcher: Delivering touch to (10577): action: 0x1, toolType: 1
11-06 04:07:54.259 10577 10577 D ViewRootImpl: ViewPostImeInputStage processPointer 1
11-06 04:07:54.276 31673 31673 W DisplayListCanvas: DisplayListCanvas is started on unbinded RenderNode (without mOwningView)
11-06 04:07:54.296   888  1321 D InputReader: Input event(10): value=1 when=161278849689000
11-06 04:07:54.296   888  1321 I InputReader: Touch event's action is 0x0 (deviceType=0) [pCnt=1, s=0.27300 ] when=161278849695000
11-06 04:07:54.296   888  1321 D InputReader: lastThreadEndTime = 161278815361854, currentThreadStartTime = 161278815364719, diff = 0
11-06 04:07:54.296   888  1320 I InputDispatcher: Delivering touch to (1453): action: 0x4, toolType: 1
11-06 04:07:54.296   888  1320 I InputDispatcher: Delivering touch to (5117): action: 0x4, toolType: 1
11-06 04:07:54.296   888  1320 I InputDispatcher: Delivering touch to (10577): action: 0x0, toolType: 1
11-06 04:07:54.296 10577 10577 D ViewRootImpl: ViewPostImeInputStage processPointer 0
11-06 04:07:54.296  5117  5117 D AutoHideHelper: ###check Single invalid
11-06 04:07:54.362   888  1321 D InputReader: Input event(10): value=0 when=161278916270000
11-06 04:07:54.362   888  1321 I InputReader: Touch event's action is 0x1 (deviceType=0) [pCnt=1, s=] when=161278916271000
11-06 04:07:54.362   888  1320 I InputDispatcher: Delivering touch to (10577): action: 0x1, toolType: 1
11-06 04:07:54.366 10577 10577 D ViewRootImpl: ViewPostImeInputStage processPointer 1
11-06 04:07:54.379 31673 31673 W DisplayListCanvas: DisplayListCanvas is started on unbinded RenderNode (without mOwningView)
11-06 04:07:54.426  1453  1976 D NetworkController.MobileSignalController(0/1): onSignalStrengthsChanged signalStrength=SignalStrength: 9 99 -120 -160 -120 -1 -1 99 2147483647 2147483647 2147483647 -1 2147483647 0x5 gsm|lte level=4
11-06 04:07:54.429  1453  1976 D NetworkController.MobileSignalController(0/1): getMobileIconGroup(): 10
11-06 04:07:54.429  1453  1976 D NetworkController.MobileSignalController(0/1): onSignalStrengthsChanged signalStrength=SignalStrength: 9 99 -120 -160 -120 -1 -1 99 2147483647 2147483647 2147483647 -1 2147483647 0x5 gsm|lte level=4
11-06 04:07:54.429  1453  1976 D NetworkController.MobileSignalController(0/1): getMobileIconGroup(): 10
11-06 04:07:54.446   888  1428 D AutomaticBrightnessController: applyLightSensorMeasurementSEC : mIsLockZone = true
11-06 04:07:55.156   888   954 I ActivityManager: Start proc 31952:com.trustonic.tuiservice/1000 for service com.trustonic.tuiservice/.TuiService
11-06 04:07:55.159 31952 31952 E Zygote  : v2
11-06 04:07:55.159 31952 31952 I libpersona: KNOX_SDCARD checking this for 1000
11-06 04:07:55.159 31952 31952 I libpersona: KNOX_SDCARD not a persona
11-06 04:07:55.162 31952 31952 W SELinux : Function: selinux_compare_spd_ram, index[1], priority [2], priority version is VE=SEPF_SECMOBILE_6.0.1_0004
11-06 04:07:55.162 31952 31952 E Zygote  : accessInfo : 0
11-06 04:07:55.186 31952 31958 E art     : Failed sending reply to debugger: Broken pipe
11-06 04:07:55.186 31952 31958 I art     : Debugger is no longer active
11-06 04:07:55.196 31952 31952 I InjectionManager: Inside getClassLibPath + mLibMap{0=, 1=}
11-06 04:07:55.196 31952 31952 W ResourcesManager: getTopLevelResources: /system/app/TuiService/TuiService.apk / 1.0 running in com.trustonic.tuiservice rsrc of package com.trustonic.tuiservice
11-06 04:07:55.196   888  1538 I InjectionManagerService -AppFeature: getCoreFeaturePkgList :[]
11-06 04:07:55.196 31952 31952 D ResourcesManager: For user 0 new overlays fetched Null
11-06 04:07:55.199 31952 31952 I InjectionManager: Inside getClassLibPath caller 
11-06 04:07:55.206 31952 31952 D InjectionManager: InjectionManager
11-06 04:07:55.206 31952 31952 D InjectionManager: fillFeatureStoreMap com.trustonic.tuiservice
11-06 04:07:55.206 31952 31952 I InjectionManager: Constructor com.trustonic.tuiservice, Feature store :{}
11-06 04:07:55.206 31952 31952 I InjectionManager: featureStore :{}
11-06 04:07:55.209 31952 31952 I TlcTuiJni: JNI_OnLoad;256
11-06 04:07:55.209 31952 31952 I TlcTuiJni: JNI_OnLoad: TuiTlcWrapperClass = 200021;270
11-06 04:07:55.209 31952 31952 I TlcTuiJni: JNI_OnLoad: gVm = B47B4000 vm = B47B4000;283
11-06 04:07:55.209 31952 31952 I TlcTuiJni: calling tlcLaunch();228
11-06 04:07:55.209 31952 31965 I TlcTui  : mainThread: TlcTui start!;76
11-06 04:07:55.209 31952 31965 I TlcTui  : mainThread: open k-tlc device failed with errno No such file or directory.;99
11-06 04:07:55.246   888  5684 I ActivityManager: Process com.trustonic.tuiservice (pid 31952)(adj 5) has died(71,770)
11-06 04:07:55.246   888  5684 D ActivityManager: isAutoRunBlockedApp:: com.trustonic.tuiservice, Auto Run ON
11-06 04:07:55.246   888  5684 I ActivityManager: isWidgetUsingPkg : com.trustonic.tuiservice no widget is using.
11-06 04:07:55.246   888  5684 W ActivityManager: Scheduling restart of crashed service com.trustonic.tuiservice/.TuiService in 1000ms
11-06 04:07:55.252   350   350 I Zygote  : Process 31952 exited cleanly (1)
11-06 04:07:55.559   888  2067 D SensorService: SensorEventConnection::SocketBufferSize, SystemSocketBufferSize - 102400, 2097152
11-06 04:07:55.562   888  5685 E Sensors : Pressure old sensor_state 8705, new sensor_state : 8737 en : 1
11-06 04:07:55.569  1453  1453 D SensorManager: registerListener :: 4, Barometer Sensor, 200000, 0,  
11-06 04:07:55.619   888  1321 D InputReader: Input event(10): value=1 when=161280176277000
11-06 04:07:55.619   888  1321 I InputReader: Touch event's action is 0x0 (deviceType=0) [pCnt=1, s=0.27301 ] when=161280176312000
11-06 04:07:55.622   888  1321 D InputReader: lastThreadEndTime = 161278916414156, currentThreadStartTime = 161278916417072, diff = 0
11-06 04:07:55.622   888  1320 I InputDispatcher: Delivering touch to (1453): action: 0x4, toolType: 1
11-06 04:07:55.622   888  1320 I InputDispatcher: Delivering touch to (5117): action: 0x4, toolType: 1
11-06 04:07:55.622   888  1320 I InputDispatcher: Delivering touch to (31673): action: 0x0, toolType: 1
11-06 04:07:55.622 31673 31673 D ViewRootImpl: ViewPostImeInputStage processPointer 0
11-06 04:07:55.622  5117  5117 D AutoHideHelper: ###check Single invalid
11-06 04:07:55.622   888  1320 D PowerManagerService: [api] userActivityFromNative : 50 (event: 2 flags: 0) eventTime = 161280176
11-06 04:07:55.622   888   977 E AutomaticBrightnessController: [DAB] printLastLightSensorEvent : lastLightSensorEventTime = 161279178 lastLightSensorValue = 0.0
11-06 04:07:55.709  1453  1976 D NetworkController.MobileSignalController(0/1): onSignalStrengthsChanged signalStrength=SignalStrength: 9 99 -120 -160 -120 -1 -1 99 2147483647 2147483647 2147483647 -1 2147483647 0x5 gsm|lte level=4
11-06 04:07:55.709  1453  1976 D NetworkController.MobileSignalController(0/1): getMobileIconGroup(): 10
11-06 04:07:55.722   888  1321 D InputReader: Input event(10): value=0 when=161280279220000
11-06 04:07:55.722   888  1321 I InputReader: Touch event's action is 0x1 (deviceType=0) [pCnt=1, s=] when=161280279222000
11-06 04:07:55.722   888  1320 I InputDispatcher: Delivering touch to (31673): action: 0x1, toolType: 1
11-06 04:07:55.722 31673 31673 D ViewRootImpl: ViewPostImeInputStage processPointer 1
11-06 04:07:56.019   888  1855 E Watchdog: !@Sync 5373 [11-06 04:07:56.021]
11-06 04:07:56.116 31967 31967 F libc    : page record for 0xb6eab01c was not found (block_size=16)
11-06 04:07:56.266   888   954 I ActivityManager: Start proc 31968:com.trustonic.tuiservice/1000 for service com.trustonic.tuiservice/.TuiService
11-06 04:07:56.269 31968 31968 E Zygote  : v2
11-06 04:07:56.269 31968 31968 W SELinux : Function: selinux_compare_spd_ram, index[1], priority [2], priority version is VE=SEPF_SECMOBILE_6.0.1_0004
11-06 04:07:56.269 31968 31968 I libpersona: KNOX_SDCARD checking this for 1000
11-06 04:07:56.269 31968 31968 I libpersona: KNOX_SDCARD not a persona
11-06 04:07:56.272 31968 31968 E Zygote  : accessInfo : 0
11-06 04:07:56.319 31968 31968 I InjectionManager: Inside getClassLibPath + mLibMap{0=, 1=}
11-06 04:07:56.319 31968 31968 W ResourcesManager: getTopLevelResources: /system/app/TuiService/TuiService.apk / 1.0 running in com.trustonic.tuiservice rsrc of package com.trustonic.tuiservice
11-06 04:07:56.319   888   902 I InjectionManagerService -AppFeature: getCoreFeaturePkgList :[]
11-06 04:07:56.322 31968 31968 D ResourcesManager: For user 0 new overlays fetched Null
11-06 04:07:56.326 31968 31968 I InjectionManager: Inside getClassLibPath caller 
11-06 04:07:56.332 31968 31968 D InjectionManager: InjectionManager
11-06 04:07:56.332 31968 31968 D InjectionManager: fillFeatureStoreMap com.trustonic.tuiservice
11-06 04:07:56.332 31968 31968 I InjectionManager: Constructor com.trustonic.tuiservice, Feature store :{}
11-06 04:07:56.332 31968 31968 I InjectionManager: featureStore :{}
11-06 04:07:56.336 31968 31968 I TlcTuiJni: JNI_OnLoad;256
11-06 04:07:56.336 31968 31968 I TlcTuiJni: JNI_OnLoad: TuiTlcWrapperClass = 200021;270
11-06 04:07:56.336 31968 31968 I TlcTuiJni: JNI_OnLoad: gVm = B47B4000 vm = B47B4000;283
11-06 04:07:56.336 31968 31968 I TlcTuiJni: calling tlcLaunch();228
11-06 04:07:56.339 31968 31981 I TlcTui  : mainThread: TlcTui start!;76
11-06 04:07:56.339 31968 31981 I TlcTui  : mainThread: open k-tlc device failed with errno No such file or directory.;99
11-06 04:07:56.366   888  2067 I ActivityManager: Process com.trustonic.tuiservice (pid 31968)(adj 5) has died(69,771)
11-06 04:07:56.366   888  2067 D ActivityManager: isAutoRunBlockedApp:: com.trustonic.tuiservice, Auto Run ON
11-06 04:07:56.366   888  2067 I ActivityManager: isWidgetUsingPkg : com.trustonic.tuiservice no widget is using.
11-06 04:07:56.366   888  2067 W ActivityManager: Scheduling restart of crashed service com.trustonic.tuiservice/.TuiService in 1000ms
11-06 04:07:56.372   350   350 I Zygote  : Process 31968 exited cleanly (1)
11-06 04:07:56.906   888  1428 D AutomaticBrightnessController: applyLightSensorMeasurementSEC : mIsLockZone = false
11-06 04:07:56.909   888  1980 E Sensors : Pressure old sensor_state 8737, new sensor_state : 8705 en : 0
11-06 04:07:56.916  1453  1453 D SensorManager: unregisterListener ::   
11-06 04:07:56.986  1453  1976 D NetworkController.MobileSignalController(0/1): onSignalStrengthsChanged signalStrength=SignalStrength: 8 99 -120 -160 -120 -1 -1 99 2147483647 2147483647 2147483647 -1 2147483647 0x5 gsm|lte level=4
11-06 04:07:56.986  1453  1976 D NetworkController.MobileSignalController(0/1): getMobileIconGroup(): 10
11-06 04:07:57.136 31982 31982 F libc    : page record for 0xb6efc01c was not found (block_size=16)
11-06 04:07:57.379 31983 31983 E Zygote  : v2
11-06 04:07:57.379   888   954 I ActivityManager: Start proc 31983:com.trustonic.tuiservice/1000 for service com.trustonic.tuiservice/.TuiService
11-06 04:07:57.379 31983 31983 I libpersona: KNOX_SDCARD checking this for 1000
11-06 04:07:57.379 31983 31983 I libpersona: KNOX_SDCARD not a persona
11-06 04:07:57.382 31983 31983 W SELinux : Function: selinux_compare_spd_ram, index[1], priority [2], priority version is VE=SEPF_SECMOBILE_6.0.1_0004
11-06 04:07:57.386 31983 31983 E Zygote  : accessInfo : 0
11-06 04:07:57.436 31983 31983 W ResourcesManager: getTopLevelResources: /system/app/TuiService/TuiService.apk / 1.0 running in com.trustonic.tuiservice rsrc of package com.trustonic.tuiservice
11-06 04:07:57.439 31983 31983 I InjectionManager: Inside getClassLibPath + mLibMap{0=, 1=}
11-06 04:07:57.439   888  2067 I InjectionManagerService -AppFeature: getCoreFeaturePkgList :[]
11-06 04:07:57.439 31983 31983 D ResourcesManager: For user 0 new overlays fetched Null
11-06 04:07:57.442 31983 31983 I InjectionManager: Inside getClassLibPath caller 
11-06 04:07:57.449 31983 31983 D InjectionManager: InjectionManager
11-06 04:07:57.449 31983 31983 D InjectionManager: fillFeatureStoreMap com.trustonic.tuiservice
11-06 04:07:57.449 31983 31983 I InjectionManager: Constructor com.trustonic.tuiservice, Feature store :{}
11-06 04:07:57.449 31983 31983 I InjectionManager: featureStore :{}
11-06 04:07:57.456 31983 31983 I TlcTuiJni: JNI_OnLoad;256
11-06 04:07:57.456 31983 31983 I TlcTuiJni: JNI_OnLoad: TuiTlcWrapperClass = 200021;270
11-06 04:07:57.456 31983 31983 I TlcTuiJni: JNI_OnLoad: gVm = B47B4000 vm = B47B4000;283
11-06 04:07:57.456 31983 31983 I TlcTuiJni: calling tlcLaunch();228
11-06 04:07:57.456 31983 31996 I TlcTui  : mainThread: TlcTui start!;76
11-06 04:07:57.456 31983 31996 I TlcTui  : mainThread: open k-tlc device failed with errno No such file or directory.;99
11-06 04:07:57.496   350   350 I Zygote  : Process 31983 exited cleanly (1)
11-06 04:07:57.496   888  1538 I ActivityManager: Process com.trustonic.tuiservice (pid 31983)(adj 5) has died(69,771)
11-06 04:07:57.496   888  1538 D ActivityManager: isAutoRunBlockedApp:: com.trustonic.tuiservice, Auto Run ON
11-06 04:07:57.496   888  1538 I ActivityManager: isWidgetUsingPkg : com.trustonic.tuiservice no widget is using.
11-06 04:07:57.496   888  1538 W ActivityManager: Scheduling restart of crashed service com.trustonic.tuiservice/.TuiService in 1000ms
11-06 04:07:57.746 31673 31673 I Timeline: Timeline: Activity_launch_request id:com.jexapps.bloodhub time:161282302
11-06 04:07:57.749   888  2661 I PersonaManager: mKnoxInfo is empty
11-06 04:07:57.752   888  2661 D ActivityManager: AppLocked getMultiWindowStyle:null
11-06 04:07:57.752   888  2661 D ActivityManager: AppLocked isLaunchedFromRecents:false hasMultiWindowStyle:false not normal : false
11-06 04:07:57.752   888  2661 D GameManagerService: identifyGamePackage. com.jexapps.bloodhub
11-06 04:07:57.752   888  2661 D MultiWindowPolicy: Gamemode - return 0,  when calling  identifyForegroundApp(com.jexapps.bloodhub)
11-06 04:07:57.752   888  2661 D CustomFrequencyManagerService: acquireDVFSLockLocked : type : DVFS_MIN_LIMIT  frequency : 1804800  uid : 1000  pid : 888  pkgName : ACTIVITY_RESUME_BOOSTER@7
11-06 04:07:57.762   888  2661 D ActivityManager: mDVFSHelper.acquire()
11-06 04:07:57.766   888  2661 D ConnectivityService: returning getNetworkInfo for network type 1 : [type: WIFI[] - WIFI, state: CONNECTED/CONNECTED, reason: (unspecified), extra: "IPHONE", roaming: false, failover: false, isAvailable: true]
11-06 04:07:57.769   888  2661 V WindowManager: addAppToken: AppWindowToken{bab392f token=Token{97a5b0e ActivityRecord{c716d09 u0 com.jexapps.bloodhub/.MainActivity t4655}}} to stack=1 task=4655 at 1
11-06 04:07:57.779   888  2661 D InputDispatcher: Focused application set to: xxxx
11-06 04:07:57.779   888  2661 D InputDispatcher: Focus left window: 31673
11-06 04:07:57.782   888   974 D PointerIcon: setMouseIconStyle1 pointerType: 1001 iconType:101 flag:0 pid:888 uid:1000
11-06 04:07:57.782   888   974 D PointerIcon: setMouseCustomIcon IconType is same.101
11-06 04:07:57.782   888   974 D PointerIcon: setHoveringSpenIconStyle1 pointerType: 10001 iconType:1 flag:0 pid:888 uid:1000
11-06 04:07:57.782   888   974 D PointerIcon: setHoveringSpenCustomIcon IconType is same.1
11-06 04:07:57.792 10577 10577 I ClearcutLoggerManager: onFinishInput()
11-06 04:07:57.792 31673 31673 W DisplayListCanvas: DisplayListCanvas is started on unbinded RenderNode (without mOwningView)
11-06 04:07:57.792 31673 31673 W DisplayListCanvas: DisplayListCanvas is started on unbinded RenderNode (without mOwningView)
11-06 04:07:57.792 10577 10577 I ClearcutLoggerManager: onStartInput()
11-06 04:07:57.792 10577 10577 I LatinIme: initialize() : Language = en-US
11-06 04:07:57.802 10577 10577 I LatinIme: onActivate() : EditorInfo = Package = com.jexapps.bloodhub : Type = Email : Learning = Disable : Suggestion = Hide : AutoCorrection = Disable : Microphone = Hide
11-06 04:07:57.806   888   888 D GameManagerService: NotifyRunnable. pkg: com.jexapps.bloodhub, type: 4, isMinimized: false, isTunableApp: false
11-06 04:07:57.819 31673 31673 W ResourcesManager: getTopLevelResources: /data/app/com.jexapps.bloodhub-1/base.apk / 1.0 running in com.jexapps.bloodhub rsrc of package com.jexapps.bloodhub
11-06 04:07:57.819 31673 31673 W ResourcesManager: getTopLevelResources: /data/app/com.jexapps.bloodhub-1/base.apk / 1.0 running in com.jexapps.bloodhub rsrc of package com.jexapps.bloodhub
11-06 04:07:57.826 31673 32016 V MediaPlayer: decode(37, 10111638, 5795)
11-06 04:07:57.826   327 16263 D OggExtractor:  correct time not found. Let's use approximate value
11-06 04:07:57.826   327 16263 I OggExtractor: OggSource::OggSource() mExtractor ref count = 4
11-06 04:07:57.826   327 16263 I OMXCodec: Attempting to allocate OMX node 'OMX.google.vorbis.decoder'
11-06 04:07:57.829   327 16263 I OMXCodec: Successfully allocated OMX node 'OMX.google.vorbis.decoder'
11-06 04:07:57.829   327 16263 I OMXCodec: >>>UHQA initOutputFormat 16
11-06 04:07:57.829   327 16263 I OMXCodec: [OMX.google.vorbis.decoder] OMXCodec::start mState=1
11-06 04:07:57.829   327 16263 I OMXCodec: [OMX.google.vorbis.decoder] allocating 4 buffers of size 8192 on input port
11-06 04:07:57.829   327 16263 I OMXCodec: [OMX.google.vorbis.decoder] allocating 4 buffers of size 32768 on output port
11-06 04:07:57.829   327 32018 I OMXCodec: [OMX.google.vorbis.decoder] Now Idle. Component sends idle done Event 
11-06 04:07:57.836   327 32018 I OMXCodec: [OMX.google.vorbis.decoder] 0onCmdComplete  mState =  7
11-06 04:07:57.836   327 32018 I OMXCodec: [OMX.google.vorbis.decoder] PORT_DISABLED(1)
11-06 04:07:57.836   327 32018 I OMXCodec: >>>UHQA initOutputFormat 16
11-06 04:07:57.836   327 32018 I OMXCodec: [OMX.google.vorbis.decoder] allocating 4 buffers of size 32768 on output port
11-06 04:07:57.836   327 32018 I OMXCodec: [OMX.google.vorbis.decoder] End Of Stream
11-06 04:07:57.839   327 16263 I SoundExtractor: extract() reached EOS
11-06 04:07:57.839   327 16263 I OMXCodec: [OMX.google.vorbis.decoder] stop mState=4
11-06 04:07:57.839   327 16263 I OMXCodec: [OMX.google.vorbis.decoder] stop() sendCommand(2931, OMX_CommandStateSet, OMX_StateIdle)
11-06 04:07:57.839   327 32018 I OMXCodec: [OMX.google.vorbis.decoder] Now Idle. Component sends idle done Event 
11-06 04:07:57.839   327 16263 I OMXCodec: [OMX.google.vorbis.decoder] stopOmxComponent_l() mstate = 1
11-06 04:07:57.839   327 16263 I OggExtractor: OggSource::stop() mExtractor ref count = 1
11-06 04:07:57.839   327 16263 I OggExtractor: OggSource::~OggSource() mExtractor !mStarted ref count = 1
11-06 04:07:57.839   327 16263 I OggExtractor: ~OggSource --
11-06 04:07:57.839   327 16263 I OggExtractor: ~OggExtractor ++
11-06 04:07:57.839   327 16263 I OggExtractor: ~MyOggExtractor ++ 
11-06 04:07:57.839   327 16263 I OggExtractor: ~MyOggExtractor --
11-06 04:07:57.839   327 16263 I OggExtractor: ~OggExtractor --
11-06 04:07:57.846 31673 31673 D AndroidRuntime: Shutting down VM
11-06 04:07:57.849 31673 31673 E AndroidRuntime: FATAL EXCEPTION: main
11-06 04:07:57.849 31673 31673 E AndroidRuntime: Process: com.jexapps.bloodhub, PID: 31673
11-06 04:07:57.849 31673 31673 E AndroidRuntime: java.lang.RuntimeException: Unable to start activity ComponentInfo{com.jexapps.bloodhub/com.jexapps.bloodhub.MainActivity}: java.lang.NullPointerException: Attempt to invoke virtual method 'void android.widget.TextView.setText(java.lang.CharSequence)' on a null object reference
11-06 04:07:57.849 31673 31673 E AndroidRuntime: 	at android.app.ActivityThread.performLaunchActivity(ActivityThread.java)
11-06 04:07:57.849 31673 31673 E AndroidRuntime: 	at android.app.ActivityThread.handleLaunchActivity(ActivityThread.java)
11-06 04:07:57.849 31673 31673 E AndroidRuntime: 	at android.app.ActivityThread.access$1100(ActivityThread.java)
11-06 04:07:57.849 31673 31673 E AndroidRuntime: 	at android.app.ActivityThread$H.handleMessage(ActivityThread.java)
11-06 04:07:57.849 31673 31673 E AndroidRuntime: 	at android.os.Handler.dispatchMessage(Handler.java)
11-06 04:07:57.849 31673 31673 E AndroidRuntime: 	at android.os.Looper.loop(Looper.java)
11-06 04:07:57.849 31673 31673 E AndroidRuntime: 	at android.app.ActivityThread.main(ActivityThread.java)
11-06 04:07:57.849 31673 31673 E AndroidRuntime: 	at java.lang.reflect.Method.invoke(Native Method)
11-06 04:07:57.849 31673 31673 E AndroidRuntime: 	at com.android.internal.os.ZygoteInit$MethodAndArgsCaller.run(ZygoteInit.java)
11-06 04:07:57.849 31673 31673 E AndroidRuntime: 	at com.android.internal.os.ZygoteInit.main(ZygoteInit.java)
11-06 04:07:57.849 31673 31673 E AndroidRuntime: Caused by: java.lang.NullPointerException: Attempt to invoke virtual method 'void android.widget.TextView.setText(java.lang.CharSequence)' on a null object reference
11-06 04:07:57.849 31673 31673 E AndroidRuntime: 	at com.jexapps.bloodhub.MainActivity.onCreate(MainActivity.java:35)
11-06 04:07:57.849 31673 31673 E AndroidRuntime: 	at android.app.Activity.performCreate(Activity.java)
11-06 04:07:57.849 31673 31673 E AndroidRuntime: 	at android.app.Instrumentation.callActivityOnCreate(Instrumentation.java)
11-06 04:07:57.849 31673 31673 E AndroidRuntime: 	... 10 more
11-06 04:07:57.849   888  5685 I PersonaManager: mKnoxInfo is empty
11-06 04:07:57.849   888  5685 W ActivityManager:   Force finishing activity com.jexapps.bloodhub/.MainActivity
