11-06 04:07:26.282  1453  1976 D NetworkController.MobileSignalController(0/1): getMobileIconGroup(): 10
11-06 04:07:26.329  2968  2991 E MP-Decision: Error(-22) changing core 3 status to offline
11-06 04:07:26.379  2968  2991 E MP-Decision: Error(-22) changing core 3 status to offline
11-06 04:07:26.426  2968  2991 E MP-Decision: Error(-22) changing core 3 status to offline
11-06 04:07:26.476  2968  2991 E MP-Decision: Error(-22) changing core 3 status to offline
11-06 04:07:26.529  2968  2991 E MP-Decision: Error(-22) changing core 3 status to offline
11-06 04:07:26.579  2968  2991 E MP-Decision: Error(-22) changing core 3 status to offline
11-06 04:07:26.596   888   954 I ActivityManager: Start proc 31393:com.trustonic.tuiservice/1000 for service com.trustonic.tuiservice/.TuiService
11-06 04:07:26.609 31393 31393 E Zygote  : v2
11-06 04:07:26.609 31393 31393 I libpersona: KNOX_SDCARD checking this for 1000
11-06 04:07:26.609 31393 31393 I libpersona: KNOX_SDCARD not a persona
11-06 04:07:26.612 31393 31393 W SELinux : Function: selinux_compare_spd_ram, index[1], priority [2], priority version is VE=SEPF_SECMOBILE_6.0.1_0004
11-06 04:07:26.612 31393 31393 E Zygote  : accessInfo : 0
11-06 04:07:26.629  2968  2991 E MP-Decision: Error(-22) changing core 3 status to offline
11-06 04:07:26.676   888  1385 D ConnectivityService: updateCapabilities: oldCap = [ Transports: WIFI Capabilities: INTERNET&NOT_RESTRICTED&TRUSTED&NOT_VPN&VALIDATED LinkUpBandwidth>=1048576Kbps LinkDnBandwidth>=1048576Kbps SignalStrength: -63], newCap = [ Transports: WIFI Capabilities: INTERNET&NOT_RESTRICTED&TRUSTED&NOT_VPN LinkUpBandwidth>=1048576Kbps LinkDnBandwidth>=1048576Kbps SignalStrength: -69]
11-06 04:07:26.676   888  1385 D ConnectivityService: rematching NetworkAgentInfo [WIFI () - 747]
11-06 04:07:26.676   888  1385 D ConnectivityService:  network has: NetworkAgentInfo{ ni{[type: WIFI[] - WIFI, state: CONNECTED/CONNECTED, reason: (unspecified), extra: "IPHONE", roaming: false, failover: false, isAvailable: true]}  network{747}  lp{{InterfaceName: wlan0 LinkAddresses: [fe80::12a5:d0ff:fe54:4129/64,10.130.6.9/16,]  Routes: [fe80::/64 -> :: wlan0,10.130.0.0/16 -> 0.0.0.0 wlan0,0.0.0.0/0 -> 10.130.0.1 wlan0,] DnsAddresses: [10.99.0.17,10.99.0.1,] Domains: lums.net MTU: 0 TcpBufferSizes: 524288,1048576,4525824,524288,1048576,4525824}}  nc{[ Transports: WIFI Capabilities: INTERNET&NOT_RESTRICTED&TRUSTED&NOT_VPN&VALIDATED LinkUpBandwidth>=1048576Kbps LinkDnBandwidth>=1048576Kbps SignalStrength: -69]}  Score{60}  everValidated{true}  lastValidated{true}  created{true} lingering{false} explicitlySelected{true} acceptUnvalidated{false} everCaptivePortalDetected{false} lastCaptivePortalDetected{false} }
11-06 04:07:26.676   888  1385 D ConnectivityService:   checking if request is: NetworkRequest [ id=270, legacyType=-1, [ Capabilities: INTERNET&NOT_RESTRICTED&TRUSTED&NOT_VPN] ] satisfies: true nri.isRequest: false
11-06 04:07:26.676   888  1385 D ConnectivityService:   checking if request is: NetworkRequest [ id=284, legacyType=-1, [ Capabilities: INTERNET&NOT_RESTRICTED&TRUSTED] ] satisfies: true nri.isRequest: false
11-06 04:07:26.676   888  1385 D ConnectivityService:   checking if request is: NetworkRequest [ id=278, legacyType=-1, [ Capabilities: INTERNET&NOT_RESTRICTED&TRUSTED] ] satisfies: true nri.isRequest: false
11-06 04:07:26.676   888  1385 D ConnectivityService: Network NetworkAgentInfo [WIFI () - 747] was already satisfying request 1. No change.
11-06 04:07:26.676   888  1385 D ConnectivityService:   checking if request is: NetworkRequest [ id=287, legacyType=-1, [ Capabilities: INTERNET&NOT_RESTRICTED&TRUSTED] ] satisfies: true nri.isRequest: false
11-06 04:07:26.679   888  1385 D ConnectivityService:   checking if request is: NetworkRequest [ id=5, legacyType=-1, [] ] satisfies: true nri.isRequest: false
11-06 04:07:26.679   888  1385 D ConnectivityService:   checking if request is: NetworkRequest [ id=4, legacyType=-1, [ Transports: WIFI Capabilities: INTERNET&NOT_RESTRICTED&TRUSTED&NOT_VPN] ] satisfies: true nri.isRequest: false
11-06 04:07:26.679   888  1385 D ConnectivityService:   checking if request is: NetworkRequest [ id=295, legacyType=-1, [ Capabilities: INTERNET&NOT_RESTRICTED&TRUSTED] ] satisfies: true nri.isRequest: false
11-06 04:07:26.679   888  1385 D ConnectivityService:   checking if request is: NetworkRequest [ id=294, legacyType=-1, [ Capabilities: INTERNET&NOT_RESTRICTED&TRUSTED] ] satisfies: true nri.isRequest: false
11-06 04:07:26.679   888  1385 D ConnectivityService:   checking if request is: NetworkRequest [ id=3, legacyType=-1, [ Transports: CELLULAR Capabilities: INTERNET&NOT_RESTRICTED&TRUSTED&NOT_VPN] ] satisfies: false nri.isRequest: false
11-06 04:07:26.679   888  1385 D ConnectivityService:   checking if request is: NetworkRequest [ id=286, legacyType=-1, [ Capabilities: INTERNET&NOT_RESTRICTED&TRUSTED] ] satisfies: true nri.isRequest: false
11-06 04:07:26.679   888  1385 D ConnectivityService:   checking if request is: NetworkRequest [ id=277, legacyType=-1, [ Capabilities: INTERNET&NOT_RESTRICTED&TRUSTED] ] satisfies: true nri.isRequest: false
11-06 04:07:26.679   888  1385 D ConnectivityService:   checking if request is: NetworkRequest [ id=300, legacyType=-1, [ Capabilities: INTERNET&NOT_RESTRICTED&TRUSTED&NOT_VPN] ] satisfies: true nri.isRequest: false
11-06 04:07:26.679   888  1385 D ConnectivityService: notifyType CAP_CHANGED for NetworkAgentInfo [WIFI () - 747]
11-06 04:07:26.679   888  1385 D ConnectivityService:  sending notification for NetworkRequest [ id=1, legacyType=-1, [ Capabilities: INTERNET&NOT_RESTRICTED&TRUSTED&NOT_VPN] ]
11-06 04:07:26.679   888  1385 D ConnectivityService:  sending notification for NetworkRequest [ id=4, legacyType=-1, [ Transports: WIFI Capabilities: INTERNET&NOT_RESTRICTED&TRUSTED&NOT_VPN] ]
11-06 04:07:26.682   888  1385 D ConnectivityService: sending notification CAP_CHANGED for NetworkRequest [ id=4, legacyType=-1, [ Transports: WIFI Capabilities: INTERNET&NOT_RESTRICTED&TRUSTED&NOT_VPN] ]
11-06 04:07:26.686   888  1385 D ConnectivityService:  sending notification for NetworkRequest [ id=5, legacyType=-1, [] ]
11-06 04:07:26.686   888  1385 D ConnectivityService: sending notification CAP_CHANGED for NetworkRequest [ id=5, legacyType=-1, [] ]
11-06 04:07:26.686   888  1385 D ConnectivityService:  sending notification for NetworkRequest [ id=270, legacyType=-1, [ Capabilities: INTERNET&NOT_RESTRICTED&TRUSTED&NOT_VPN] ]
11-06 04:07:26.686   888  1385 D ConnectivityService: sending notification CAP_CHANGED for NetworkRequest [ id=270, legacyType=-1, [ Capabilities: INTERNET&NOT_RESTRICTED&TRUSTED&NOT_VPN] ]
11-06 04:07:26.689   888  1385 D ConnectivityService:  sending notification for NetworkRequest [ id=277, legacyType=-1, [ Capabilities: INTERNET&NOT_RESTRICTED&TRUSTED] ]
11-06 04:07:26.689   888  1385 D ConnectivityService: sending notification CAP_CHANGED for NetworkRequest [ id=277, legacyType=-1, [ Capabilities: INTERNET&NOT_RESTRICTED&TRUSTED] ]
11-06 04:07:26.689   888  1385 D ConnectivityService:  sending notification for NetworkRequest [ id=278, legacyType=-1, [ Capabilities: INTERNET&NOT_RESTRICTED&TRUSTED] ]
11-06 04:07:26.689   888  1385 D ConnectivityService: sending notification CAP_CHANGED for NetworkRequest [ id=278, legacyType=-1, [ Capabilities: INTERNET&NOT_RESTRICTED&TRUSTED] ]
11-06 04:07:26.692   888  1385 D ConnectivityService:  sending notification for NetworkRequest [ id=284, legacyType=-1, [ Capabilities: INTERNET&NOT_RESTRICTED&TRUSTED] ]
11-06 04:07:26.692   888  1385 D ConnectivityService: sending notification CAP_CHANGED for NetworkRequest [ id=284, legacyType=-1, [ Capabilities: INTERNET&NOT_RESTRICTED&TRUSTED] ]
11-06 04:07:26.696   888  1385 D ConnectivityService:  sending notification for NetworkRequest [ id=286, legacyType=-1, [ Capabilities: INTERNET&NOT_RESTRICTED&TRUSTED] ]
11-06 04:07:26.696   888  1385 D ConnectivityService: sending notification CAP_CHANGED for NetworkRequest [ id=286, legacyType=-1, [ Capabilities: INTERNET&NOT_RESTRICTED&TRUSTED] ]
11-06 04:07:26.696   888  1385 D ConnectivityService:  sending notification for NetworkRequest [ id=287, legacyType=-1, [ Capabilities: INTERNET&NOT_RESTRICTED&TRUSTED] ]
11-06 04:07:26.696   888  1385 D ConnectivityService: sending notification CAP_CHANGED for NetworkRequest [ id=287, legacyType=-1, [ Capabilities: INTERNET&NOT_RESTRICTED&TRUSTED] ]
11-06 04:07:26.696   888  1385 D ConnectivityService:  sending notification for NetworkRequest [ id=294, legacyType=-1, [ Capabilities: INTERNET&NOT_RESTRICTED&TRUSTED] ]
11-06 04:07:26.696   888  1385 D ConnectivityService: sending notification CAP_CHANGED for NetworkRequest [ id=294, legacyType=-1, [ Capabilities: INTERNET&NOT_RESTRICTED&TRUSTED] ]
11-06 04:07:26.696   888  1385 D ConnectivityService:  sending notification for NetworkRequest [ id=295, legacyType=-1, [ Capabilities: INTERNET&NOT_RESTRICTED&TRUSTED] ]
11-06 04:07:26.696   888  1385 D ConnectivityService: sending notification CAP_CHANGED for NetworkRequest [ id=295, legacyType=-1, [ Capabilities: INTERNET&NOT_RESTRICTED&TRUSTED] ]
11-06 04:07:26.696   888  1385 D ConnectivityService:  sending notification for NetworkRequest [ id=300, legacyType=-1, [ Capabilities: INTERNET&NOT_RESTRICTED&TRUSTED&NOT_VPN] ]
11-06 04:07:26.696   888  1385 D ConnectivityService: sending notification CAP_CHANGED for NetworkRequest [ id=300, legacyType=-1, [ Capabilities: INTERNET&NOT_RESTRICTED&TRUSTED&NOT_VPN] ]
11-06 04:07:26.719  1453  1976 D NetworkController: onReceive: intent=Intent { act=android.net.wifi.RSSI_CHANGED flg=0x4000010 bqHint=4 (has extras) }
11-06 04:07:26.729 31393 31393 W ResourcesManager: getTopLevelResources: /system/app/TuiService/TuiService.apk / 1.0 running in com.trustonic.tuiservice rsrc of package com.trustonic.tuiservice
11-06 04:07:26.732 31393 31393 I InjectionManager: Inside getClassLibPath + mLibMap{0=, 1=}
11-06 04:07:26.732   888  2223 I InjectionManagerService -AppFeature: getCoreFeaturePkgList :[]
11-06 04:07:26.732 31393 31393 D ResourcesManager: For user 0 new overlays fetched Null
11-06 04:07:26.736 31393 31393 I InjectionManager: Inside getClassLibPath caller 
11-06 04:07:26.746  1453  1453 D QSTileView: handleLabelStateChanged() label = Wi-Fi cellWidth 179
11-06 04:07:26.752 31393 31393 D InjectionManager: InjectionManager
11-06 04:07:26.752 31393 31393 D InjectionManager: fillFeatureStoreMap com.trustonic.tuiservice
11-06 04:07:26.756 31393 31393 I InjectionManager: Constructor com.trustonic.tuiservice, Feature store :{}
11-06 04:07:26.756 31393 31393 I InjectionManager: featureStore :{}
11-06 04:07:26.769 31393 31393 I TlcTuiJni: JNI_OnLoad;256
11-06 04:07:26.769 31393 31393 I TlcTuiJni: JNI_OnLoad: TuiTlcWrapperClass = 200021;270
11-06 04:07:26.769 31393 31393 I TlcTuiJni: JNI_OnLoad: gVm = B47B4000 vm = B47B4000;283
11-06 04:07:26.769 31393 31393 I TlcTuiJni: calling tlcLaunch();228
11-06 04:07:26.772 31393 31406 I TlcTui  : mainThread: TlcTui start!;76
11-06 04:07:26.772 31393 31406 I TlcTui  : mainThread: open k-tlc device failed with errno No such file or directory.;99
11-06 04:07:26.806   888  2068 I ActivityManager: Process com.trustonic.tuiservice (pid 31393)(adj 5) has died(84,757)
11-06 04:07:26.806   888  2068 D ActivityManager: isAutoRunBlockedApp:: com.trustonic.tuiservice, Auto Run ON
11-06 04:07:26.806   888  2068 I ActivityManager: isWidgetUsingPkg : com.trustonic.tuiservice no widget is using.
11-06 04:07:26.806   888  2068 W ActivityManager: Scheduling restart of crashed service com.trustonic.tuiservice/.TuiService in 1000ms
11-06 04:07:26.812   350   350 I Zygote  : Process 31393 exited cleanly (1)
11-06 04:07:26.979  2968  2991 E MP-Decision: Error(-22) changing core 3 status to offline
11-06 04:07:26.982   888   977 E AutomaticBrightnessController: [DAB] printLastLightSensorEvent : lastLightSensorEventTime = 161250536 lastLightSensorValue = 0.0
11-06 04:07:27.032  2968  2991 E MP-Decision: Error(-22) changing core 3 status to offline
11-06 04:07:27.082  2968  2991 E MP-Decision: Error(-22) changing core 3 status to offline
11-06 04:07:27.136  2968  2991 E MP-Decision: Error(-22) changing core 3 status to offline
11-06 04:07:27.176 31407 31407 F libc    : page record for 0xb6f1a01c was not found (block_size=16)
11-06 04:07:27.182  2968  2991 E MP-Decision: Error(-22) changing core 3 status to offline
11-06 04:07:27.236  2968  2991 E MP-Decision: Error(-22) changing core 3 status to offline
11-06 04:07:27.286  2968  2991 E MP-Decision: Error(-22) changing core 3 status to offline
11-06 04:07:27.336  2968  2991 E MP-Decision: Error(-22) changing core 3 status to offline
11-06 04:07:27.389  2968  2991 E MP-Decision: Error(-22) changing core 3 status to offline
11-06 04:07:27.439  2968  2991 E MP-Decision: Error(-22) changing core 3 status to offline
11-06 04:07:27.486  2968  2991 E MP-Decision: Error(-22) changing core 3 status to offline
11-06 04:07:27.539  2968  2991 E MP-Decision: Error(-22) changing core 3 status to offline
11-06 04:07:27.569  1453  1976 D NetworkController.MobileSignalController(0/1): onSignalStrengthsChanged signalStrength=SignalStrength: 12 99 -120 -160 -120 -1 -1 99 2147483647 2147483647 2147483647 -1 2147483647 0x6 gsm|lte level=4
11-06 04:07:27.569  1453  1976 D NetworkController.MobileSignalController(0/1): getMobileIconGroup(): 10
11-06 04:07:27.589  2968  2991 E MP-Decision: Error(-22) changing core 3 status to offline
11-06 04:07:27.639  2968  2991 E MP-Decision: Error(-22) changing core 3 status to offline
11-06 04:07:27.692  2968  2991 E MP-Decision: Error(-22) changing core 3 status to offline
11-06 04:07:27.739  2968  2991 E MP-Decision: Error(-22) changing core 3 status to offline
11-06 04:07:27.792  2968  2991 E MP-Decision: Error(-22) changing core 3 status to offline
11-06 04:07:27.842  2968  2991 E MP-Decision: Error(-22) changing core 3 status to offline
11-06 04:07:27.869   888   954 I ActivityManager: Start proc 31408:com.trustonic.tuiservice/1000 for service com.trustonic.tuiservice/.TuiService
11-06 04:07:27.872 31408 31408 E Zygote  : v2
11-06 04:07:27.872 31408 31408 I libpersona: KNOX_SDCARD checking this for 1000
11-06 04:07:27.872 31408 31408 I libpersona: KNOX_SDCARD not a persona
11-06 04:07:27.876 31408 31408 W SELinux : Function: selinux_compare_spd_ram, index[1], priority [2], priority version is VE=SEPF_SECMOBILE_6.0.1_0004
11-06 04:07:27.879 31408 31408 E Zygote  : accessInfo : 0
11-06 04:07:27.952 31408 31408 I InjectionManager: Inside getClassLibPath + mLibMap{0=, 1=}
11-06 04:07:27.952 31408 31408 W ResourcesManager: getTopLevelResources: /system/app/TuiService/TuiService.apk / 1.0 running in com.trustonic.tuiservice rsrc of package com.trustonic.tuiservice
11-06 04:07:27.952   888  2661 I InjectionManagerService -AppFeature: getCoreFeaturePkgList :[]
11-06 04:07:27.956 31408 31408 D ResourcesManager: For user 0 new overlays fetched Null
11-06 04:07:27.959 31408 31408 I InjectionManager: Inside getClassLibPath caller 
11-06 04:07:27.969 31408 31408 D InjectionManager: InjectionManager
11-06 04:07:27.969 31408 31408 D InjectionManager: fillFeatureStoreMap com.trustonic.tuiservice
11-06 04:07:27.969 31408 31408 I InjectionManager: Constructor com.trustonic.tuiservice, Feature store :{}
11-06 04:07:27.969 31408 31408 I InjectionManager: featureStore :{}
11-06 04:07:27.976 31408 31408 I TlcTuiJni: JNI_OnLoad;256
11-06 04:07:27.976 31408 31408 I TlcTuiJni: JNI_OnLoad: TuiTlcWrapperClass = 200021;270
11-06 04:07:27.976 31408 31408 I TlcTuiJni: JNI_OnLoad: gVm = B47B4000 vm = B47B4000;283
11-06 04:07:27.979 31408 31408 I TlcTuiJni: calling tlcLaunch();228
11-06 04:07:27.986 31408 31432 I TlcTui  : mainThread: TlcTui start!;76
11-06 04:07:27.986 31408 31432 I TlcTui  : mainThread: open k-tlc device failed with errno No such file or directory.;99
11-06 04:07:28.022   888  2068 I ActivityManager: Process com.trustonic.tuiservice (pid 31408)(adj 5) has died(84,757)
11-06 04:07:28.022   888  2068 D ActivityManager: isAutoRunBlockedApp:: com.trustonic.tuiservice, Auto Run ON
11-06 04:07:28.022   888  2068 I ActivityManager: isWidgetUsingPkg : com.trustonic.tuiservice no widget is using.
11-06 04:07:28.026   888  2068 W ActivityManager: Scheduling restart of crashed service com.trustonic.tuiservice/.TuiService in 1000ms
11-06 04:07:28.039   350   350 I Zygote  : Process 31408 exited cleanly (1)
11-06 04:07:28.246  2968  2991 E MP-Decision: Error(-22) changing core 3 status to offline
11-06 04:07:28.296  2968  2991 E MP-Decision: Error(-22) changing core 3 status to offline
11-06 04:07:28.346  2968  2991 E MP-Decision: Error(-22) changing core 3 status to offline
11-06 04:07:28.399  2968  2991 E MP-Decision: Error(-22) changing core 3 status to offline
11-06 04:07:28.449  2968  2991 E MP-Decision: Error(-22) changing core 3 status to offline
11-06 04:07:28.499  2968  2991 E MP-Decision: Error(-22) changing core 3 status to offline
11-06 04:07:28.552  2968  2991 E MP-Decision: Error(-22) changing core 3 status to offline
11-06 04:07:28.599  2968  2991 E MP-Decision: Error(-22) changing core 3 status to offline
11-06 04:07:28.652  2968  2991 E MP-Decision: Error(-22) changing core 3 status to offline
11-06 04:07:28.702  2968  2991 E MP-Decision: Error(-22) changing core 3 status to offline
11-06 04:07:28.752  2968  2991 E MP-Decision: Error(-22) changing core 3 status to offline
11-06 04:07:28.806  2968  2991 E MP-Decision: Error(-22) changing core 3 status to offline
11-06 04:07:28.852  1453  1976 D NetworkController.MobileSignalController(0/1): onSignalStrengthsChanged signalStrength=SignalStrength: 12 99 -120 -160 -120 -1 -1 99 2147483647 2147483647 2147483647 -1 2147483647 0x6 gsm|lte level=4
11-06 04:07:28.852  1453  1976 D NetworkController.MobileSignalController(0/1): getMobileIconGroup(): 10
11-06 04:07:28.852  2968  2991 E MP-Decision: Error(-22) changing core 3 status to offline
11-06 04:07:28.906  2968  2991 E MP-Decision: Error(-22) changing core 3 status to offline
11-06 04:07:28.956  2968  2991 E MP-Decision: Error(-22) changing core 3 status to offline
11-06 04:07:29.009  2968  2991 E MP-Decision: Error(-22) changing core 3 status to offline
11-06 04:07:29.056  2968  2991 E MP-Decision: Error(-22) changing core 3 status to offline
11-06 04:07:29.082   888   954 I ActivityManager: Start proc 31433:com.trustonic.tuiservice/1000 for service com.trustonic.tuiservice/.TuiService
11-06 04:07:29.096 31433 31433 E Zygote  : v2
11-06 04:07:29.096 31433 31433 I libpersona: KNOX_SDCARD checking this for 1000
11-06 04:07:29.096 31433 31433 I libpersona: KNOX_SDCARD not a persona
11-06 04:07:29.099 31433 31433 W SELinux : Function: selinux_compare_spd_ram, index[1], priority [2], priority version is VE=SEPF_SECMOBILE_6.0.1_0004
11-06 04:07:29.099 31433 31433 E Zygote  : accessInfo : 0
11-06 04:07:29.106  2968  2991 E MP-Decision: Error(-22) changing core 3 status to offline
11-06 04:07:29.176 31433 31433 I InjectionManager: Inside getClassLibPath + mLibMap{0=, 1=}
11-06 04:07:29.176 31433 31433 W ResourcesManager: getTopLevelResources: /system/app/TuiService/TuiService.apk / 1.0 running in com.trustonic.tuiservice rsrc of package com.trustonic.tuiservice
11-06 04:07:29.176   888  2662 I InjectionManagerService -AppFeature: getCoreFeaturePkgList :[]
11-06 04:07:29.179 31433 31433 D ResourcesManager: For user 0 new overlays fetched Null
11-06 04:07:29.182 31433 31433 I InjectionManager: Inside getClassLibPath caller 
11-06 04:07:29.189 31433 31433 D InjectionManager: InjectionManager
11-06 04:07:29.189 31433 31433 D InjectionManager: fillFeatureStoreMap com.trustonic.tuiservice
11-06 04:07:29.192 31433 31433 I InjectionManager: Constructor com.trustonic.tuiservice, Feature store :{}
11-06 04:07:29.192 31433 31433 I InjectionManager: featureStore :{}
11-06 04:07:29.199 31433 31433 I TlcTuiJni: JNI_OnLoad;256
11-06 04:07:29.199 31433 31433 I TlcTuiJni: JNI_OnLoad: TuiTlcWrapperClass = 200021;270
11-06 04:07:29.199 31433 31433 I TlcTuiJni: JNI_OnLoad: gVm = B47B4000 vm = B47B4000;283
11-06 04:07:29.199 31433 31433 I TlcTuiJni: calling tlcLaunch();228
11-06 04:07:29.202 31433 31456 I TlcTui  : mainThread: TlcTui start!;76
11-06 04:07:29.202 31433 31456 I TlcTui  : mainThread: open k-tlc device failed with errno No such file or directory.;99
11-06 04:07:29.236   888  2661 I ActivityManager: Process com.trustonic.tuiservice (pid 31433)(adj 5) has died(84,757)
11-06 04:07:29.236   888  2661 D ActivityManager: isAutoRunBlockedApp:: com.trustonic.tuiservice, Auto Run ON
11-06 04:07:29.236   888  2661 I ActivityManager: isWidgetUsingPkg : com.trustonic.tuiservice no widget is using.
11-06 04:07:29.236   888  2661 W ActivityManager: Scheduling restart of crashed service com.trustonic.tuiservice/.TuiService in 1000ms
11-06 04:07:29.246   350   350 I Zygote  : Process 31433 exited cleanly (1)
11-06 04:07:29.409  2968  2991 E MP-Decision: Error(-22) changing core 3 status to offline
11-06 04:07:29.462  2968  2991 E MP-Decision: Error(-22) changing core 3 status to offline
11-06 04:07:29.512  2968  2991 E MP-Decision: Error(-22) changing core 3 status to offline
11-06 04:07:29.559  2968  2991 E MP-Decision: Error(-22) changing core 3 status to offline
11-06 04:07:29.609  2968  2991 E MP-Decision: Error(-22) changing core 3 status to offline
11-06 04:07:29.662  2968  2991 E MP-Decision: Error(-22) changing core 3 status to offline
11-06 04:07:29.712  2968  2991 E MP-Decision: Error(-22) changing core 3 status to offline
11-06 04:07:29.762  2968  2991 E MP-Decision: Error(-22) changing core 3 status to offline
11-06 04:07:29.816  2968  2991 E MP-Decision: Error(-22) changing core 3 status to offline
11-06 04:07:29.866  2968  2991 E MP-Decision: Error(-22) changing core 3 status to offline
11-06 04:07:29.916  2968  2991 E MP-Decision: Error(-22) changing core 3 status to offline
11-06 04:07:29.966  2968  2991 E MP-Decision: Error(-22) changing core 3 status to offline
11-06 04:07:30.019  2968  2991 E MP-Decision: Error(-22) changing core 3 status to offline
11-06 04:07:30.066  2968  2991 E MP-Decision: Error(-22) changing core 3 status to offline
11-06 04:07:30.119  2968  2991 E MP-Decision: Error(-22) changing core 3 status to offline
11-06 04:07:30.146  1453  1976 D NetworkController.MobileSignalController(0/1): onSignalStrengthsChanged signalStrength=SignalStrength: 11 99 -120 -160 -120 -1 -1 99 2147483647 2147483647 2147483647 -1 2147483647 0x5 gsm|lte level=4
11-06 04:07:30.146  1453  1976 D NetworkController.MobileSignalController(0/1): getMobileIconGroup(): 10
11-06 04:07:30.169  2968  2991 E MP-Decision: Error(-22) changing core 3 status to offline
11-06 04:07:30.219  2968  2991 E MP-Decision: Error(-22) changing core 3 status to offline
11-06 04:07:30.269  2968  2991 E MP-Decision: Error(-22) changing core 3 status to offline
11-06 04:07:30.309   888   954 I ActivityManager: Start proc 31457:com.trustonic.tuiservice/1000 for service com.trustonic.tuiservice/.TuiService
11-06 04:07:30.316 31457 31457 E Zygote  : v2
11-06 04:07:30.316 31457 31457 W SELinux : Function: selinux_compare_spd_ram, index[1], priority [2], priority version is VE=SEPF_SECMOBILE_6.0.1_0004
11-06 04:07:30.316 31457 31457 I libpersona: KNOX_SDCARD checking this for 1000
11-06 04:07:30.316 31457 31457 I libpersona: KNOX_SDCARD not a persona
11-06 04:07:30.319 31457 31457 E Zygote  : accessInfo : 0
11-06 04:07:30.319  2968  2991 E MP-Decision: Error(-22) changing core 3 status to offline
11-06 04:07:30.359  1453  1976 D NetworkController.MobileSignalController(0/1): onSignalStrengthsChanged signalStrength=SignalStrength: 11 99 -120 -160 -120 -1 -1 99 2147483647 2147483647 2147483647 -1 2147483647 0x5 gsm|lte level=4
11-06 04:07:30.359  1453  1976 D NetworkController.MobileSignalController(0/1): getMobileIconGroup(): 10
11-06 04:07:30.429 31457 31457 W ResourcesManager: getTopLevelResources: /system/app/TuiService/TuiService.apk / 1.0 running in com.trustonic.tuiservice rsrc of package com.trustonic.tuiservice
11-06 04:07:30.429   888  2084 I InjectionManagerService -AppFeature: getCoreFeaturePkgList :[]
11-06 04:07:30.432 31457 31457 I InjectionManager: Inside getClassLibPath + mLibMap{0=, 1=}
11-06 04:07:30.432 31457 31457 D ResourcesManager: For user 0 new overlays fetched Null
11-06 04:07:30.436 31457 31457 I InjectionManager: Inside getClassLibPath caller 
11-06 04:07:30.446 31457 31457 D InjectionManager: InjectionManager
11-06 04:07:30.446 31457 31457 D InjectionManager: fillFeatureStoreMap com.trustonic.tuiservice
11-06 04:07:30.446 31457 31457 I InjectionManager: Constructor com.trustonic.tuiservice, Feature store :{}
11-06 04:07:30.446 31457 31457 I InjectionManager: featureStore :{}
11-06 04:07:30.452 31457 31457 I TlcTuiJni: JNI_OnLoad;256
11-06 04:07:30.452 31457 31457 I TlcTuiJni: JNI_OnLoad: TuiTlcWrapperClass = 200021;270
11-06 04:07:30.452 31457 31457 I TlcTuiJni: JNI_OnLoad: gVm = B47B4000 vm = B47B4000;283
11-06 04:07:30.452 31457 31457 I TlcTuiJni: calling tlcLaunch();228
11-06 04:07:30.459 31457 31475 I TlcTui  : mainThread: TlcTui start!;76
11-06 04:07:30.459 31457 31475 I TlcTui  : mainThread: open k-tlc device failed with errno No such file or directory.;99
11-06 04:07:30.482   888  1980 D SensorService: SensorEventConnection::SocketBufferSize, SystemSocketBufferSize - 102400, 2097152
11-06 04:07:30.482   888  5684 E Sensors : Pressure old sensor_state 8705, new sensor_state : 8737 en : 1
11-06 04:07:30.489  1453  1453 D SensorManager: registerListener :: 4, Barometer Sensor, 200000, 0,  
11-06 04:07:30.502   888  2068 I ActivityManager: Process com.trustonic.tuiservice (pid 31457)(adj 5) has died(84,757)
11-06 04:07:30.502   888  2068 D ActivityManager: isAutoRunBlockedApp:: com.trustonic.tuiservice, Auto Run ON
11-06 04:07:30.502   888  2068 I ActivityManager: isWidgetUsingPkg : com.trustonic.tuiservice no widget is using.
11-06 04:07:30.506   888  2068 W ActivityManager: Scheduling restart of crashed service com.trustonic.tuiservice/.TuiService in 1000ms
11-06 04:07:30.512   350   350 I Zygote  : Process 31457 exited cleanly (1)
11-06 04:07:30.549   888  2223 E Sensors : Pressure old sensor_state 8737, new sensor_state : 8705 en : 0
11-06 04:07:30.556  1453  1453 D SensorManager: unregisterListener ::   
11-06 04:07:30.722  2968  2991 E MP-Decision: Error(-22) changing core 3 status to offline
11-06 04:07:30.776  2968  2991 E MP-Decision: Error(-22) changing core 3 status to offline
11-06 04:07:30.826  2968  2991 E MP-Decision: Error(-22) changing core 3 status to offline
11-06 04:07:30.876  2968  2991 E MP-Decision: Error(-22) changing core 3 status to offline
11-06 04:07:30.926  2968  2991 E MP-Decision: Error(-22) changing core 3 status to offline
11-06 04:07:30.976  2968  2991 E MP-Decision: Error(-22) changing core 3 status to offline
11-06 04:07:31.029  2968  2991 E MP-Decision: Error(-22) changing core 3 status to offline
11-06 04:07:31.076  2968  2991 E MP-Decision: Error(-22) changing core 3 status to offline
11-06 04:07:31.129  2968  2991 E MP-Decision: Error(-22) changing core 3 status to offline
11-06 04:07:31.179  2968  2991 E MP-Decision: Error(-22) changing core 3 status to offline
11-06 04:07:31.229  2968  2991 E MP-Decision: Error(-22) changing core 3 status to offline
11-06 04:07:31.282  2968  2991 E MP-Decision: Error(-22) changing core 3 status to offline
11-06 04:07:31.329  2968  2991 E MP-Decision: Error(-22) changing core 3 status to offline
11-06 04:07:31.382  2968  2991 E MP-Decision: Error(-22) changing core 3 status to offline
11-06 04:07:31.419 31477 31477 F libc    : page record for 0xb6e5c01c was not found (block_size=16)
11-06 04:07:31.426  1453  1976 D NetworkController.MobileSignalController(0/1): onSignalStrengthsChanged signalStrength=SignalStrength: 11 99 -120 -160 -120 -1 -1 99 2147483647 2147483647 2147483647 -1 2147483647 0x5 gsm|lte level=4
11-06 04:07:31.426  1453  1976 D NetworkController.MobileSignalController(0/1): getMobileIconGroup(): 10
11-06 04:07:31.426  1453  1976 D NetworkController.MobileSignalController(0/1): onSignalStrengthsChanged signalStrength=SignalStrength: 11 99 -120 -160 -120 -1 -1 99 2147483647 2147483647 2147483647 -1 2147483647 0x5 gsm|lte level=4
11-06 04:07:31.426  1453  1976 D NetworkController.MobileSignalController(0/1): getMobileIconGroup(): 10
11-06 04:07:31.432  2968  2991 E MP-Decision: Error(-22) changing core 3 status to offline
11-06 04:07:31.482  2968  2991 E MP-Decision: Error(-22) changing core 3 status to offline
11-06 04:07:31.526   888   954 I ActivityManager: Start proc 31478:com.trustonic.tuiservice/1000 for service com.trustonic.tuiservice/.TuiService
11-06 04:07:31.532 31478 31478 E Zygote  : v2
11-06 04:07:31.532  2968  2991 E MP-Decision: Error(-22) changing core 3 status to offline
11-06 04:07:31.532 31478 31478 I libpersona: KNOX_SDCARD checking this for 1000
11-06 04:07:31.532 31478 31478 I libpersona: KNOX_SDCARD not a persona
11-06 04:07:31.536 31478 31478 W SELinux : Function: selinux_compare_spd_ram, index[1], priority [2], priority version is VE=SEPF_SECMOBILE_6.0.1_0004
11-06 04:07:31.539 31478 31478 E Zygote  : accessInfo : 0
11-06 04:07:31.616 31478 31478 W ResourcesManager: getTopLevelResources: /system/app/TuiService/TuiService.apk / 1.0 running in com.trustonic.tuiservice rsrc of package com.trustonic.tuiservice
11-06 04:07:31.619 31478 31478 I InjectionManager: Inside getClassLibPath + mLibMap{0=, 1=}
11-06 04:07:31.619   888  1538 I InjectionManagerService -AppFeature: getCoreFeaturePkgList :[]
11-06 04:07:31.622 31478 31478 D ResourcesManager: For user 0 new overlays fetched Null
11-06 04:07:31.626 31478 31478 I InjectionManager: Inside getClassLibPath caller 
11-06 04:07:31.632 31478 31478 D InjectionManager: InjectionManager
11-06 04:07:31.632 31478 31478 D InjectionManager: fillFeatureStoreMap com.trustonic.tuiservice
11-06 04:07:31.632 31478 31478 I InjectionManager: Constructor com.trustonic.tuiservice, Feature store :{}
11-06 04:07:31.632 31478 31478 I InjectionManager: featureStore :{}
11-06 04:07:31.639 31478 31478 I TlcTuiJni: JNI_OnLoad;256
11-06 04:07:31.639 31478 31478 I TlcTuiJni: JNI_OnLoad: TuiTlcWrapperClass = 200021;270
11-06 04:07:31.639 31478 31478 I TlcTuiJni: JNI_OnLoad: gVm = B47B4000 vm = B47B4000;283
11-06 04:07:31.639 31478 31478 I TlcTuiJni: calling tlcLaunch();228
11-06 04:07:31.646 31478 31491 I TlcTui  : mainThread: TlcTui start!;76
11-06 04:07:31.646 31478 31491 I TlcTui  : mainThread: open k-tlc device failed with errno No such file or directory.;99
11-06 04:07:31.679   888  1366 I ActivityManager: Process com.trustonic.tuiservice (pid 31478)(adj 5) has died(84,757)
11-06 04:07:31.682   888  1366 D ActivityManager: isAutoRunBlockedApp:: com.trustonic.tuiservice, Auto Run ON
11-06 04:07:31.682   888  1366 I ActivityManager: isWidgetUsingPkg : com.trustonic.tuiservice no widget is using.
11-06 04:07:31.682   888  1366 W ActivityManager: Scheduling restart of crashed service com.trustonic.tuiservice/.TuiService in 1000ms
11-06 04:07:31.689   350   350 I Zygote  : Process 31478 exited cleanly (1)
11-06 04:07:31.886  2968  2991 E MP-Decision: Error(-22) changing core 3 status to offline
11-06 04:07:31.936  2968  2991 E MP-Decision: Error(-22) changing core 3 status to offline
11-06 04:07:31.989  2968  2991 E MP-Decision: Error(-22) changing core 3 status to offline
11-06 04:07:32.039  2968  2991 E MP-Decision: Error(-22) changing core 3 status to offline
11-06 04:07:32.089  2968  2991 E MP-Decision: Error(-22) changing core 3 status to offline
11-06 04:07:32.136  2968  2991 E MP-Decision: Error(-22) changing core 3 status to offline
11-06 04:07:32.189  2968  2991 E MP-Decision: Error(-22) changing core 3 status to offline
11-06 04:07:32.239  2968  2991 E MP-Decision: Error(-22) changing core 3 status to offline
11-06 04:07:32.289  2968  2991 E MP-Decision: Error(-22) changing core 3 status to offline
11-06 04:07:32.342  2968  2991 E MP-Decision: Error(-22) changing core 3 status to offline
11-06 04:07:32.392  2968  2991 E MP-Decision: Error(-22) changing core 3 status to offline
11-06 04:07:32.419   888  1221 E TemperatureHumiditySensor: mCompEngine is NULL
11-06 04:07:32.429   888   977 E AutomaticBrightnessController: [DAB] printLastLightSensorEvent : lastLightSensorEventTime = 161255982 lastLightSensorValue = 0.0
11-06 04:07:32.446  2968  2991 E MP-Decision: Error(-22) changing core 3 status to offline
11-06 04:07:32.479 31492 31492 F libc    : page record for 0xb6f1101c was not found (block_size=16)
11-06 04:07:32.499  2968  2991 E MP-Decision: Error(-22) changing core 3 status to offline
11-06 04:07:32.549  2968  2991 E MP-Decision: Error(-22) changing core 3 status to offline
11-06 04:07:32.599  2968  2991 E MP-Decision: Error(-22) changing core 3 status to offline
11-06 04:07:32.649  2968  2991 E MP-Decision: Error(-22) changing core 3 status to offline
11-06 04:07:32.696  2968  2991 E MP-Decision: Error(-22) changing core 3 status to offline
11-06 04:07:32.712  1453  1976 D NetworkController.MobileSignalController(0/1): onSignalStrengthsChanged signalStrength=SignalStrength: 10 99 -120 -160 -120 -1 -1 99 2147483647 2147483647 2147483647 -1 2147483647 0x5 gsm|lte level=4
11-06 04:07:32.712  1453  1976 D NetworkController.MobileSignalController(0/1): getMobileIconGroup(): 10
11-06 04:07:32.719 31493 31493 E Zygote  : v2
11-06 04:07:32.719 31493 31493 W SELinux : Function: selinux_compare_spd_ram, index[1], priority [2], priority version is VE=SEPF_SECMOBILE_6.0.1_0004
11-06 04:07:32.719 31493 31493 I libpersona: KNOX_SDCARD checking this for 1000
11-06 04:07:32.719 31493 31493 I libpersona: KNOX_SDCARD not a persona
11-06 04:07:32.726 31493 31493 E Zygote  : accessInfo : 0
11-06 04:07:32.729   888   954 I ActivityManager: Start proc 31493:com.trustonic.tuiservice/1000 for service com.trustonic.tuiservice/.TuiService
11-06 04:07:32.806 31493 31493 W ResourcesManager: getTopLevelResources: /system/app/TuiService/TuiService.apk / 1.0 running in com.trustonic.tuiservice rsrc of package com.trustonic.tuiservice
11-06 04:07:32.809 31493 31493 I InjectionManager: Inside getClassLibPath + mLibMap{0=, 1=}
11-06 04:07:32.809   888  2066 I InjectionManagerService -AppFeature: getCoreFeaturePkgList :[]
11-06 04:07:32.809 31493 31493 D ResourcesManager: For user 0 new overlays fetched Null
11-06 04:07:32.812 31493 31493 I InjectionManager: Inside getClassLibPath caller 
11-06 04:07:32.822 31493 31493 D InjectionManager: InjectionManager
11-06 04:07:32.822 31493 31493 D InjectionManager: fillFeatureStoreMap com.trustonic.tuiservice
11-06 04:07:32.822 31493 31493 I InjectionManager: Constructor com.trustonic.tuiservice, Feature store :{}
11-06 04:07:32.822 31493 31493 I InjectionManager: featureStore :{}
11-06 04:07:32.829 31493 31493 I TlcTuiJni: JNI_OnLoad;256
11-06 04:07:32.829 31493 31493 I TlcTuiJni: JNI_OnLoad: TuiTlcWrapperClass = 200021;270
11-06 04:07:32.829 31493 31493 I TlcTuiJni: JNI_OnLoad: gVm = B47B4000 vm = B47B4000;283
11-06 04:07:32.829 31493 31493 I TlcTuiJni: calling tlcLaunch();228
11-06 04:07:32.832 31493 31509 I TlcTui  : mainThread: TlcTui start!;76
11-06 04:07:32.832 31493 31509 I TlcTui  : mainThread: open k-tlc device failed with errno No such file or directory.;99
11-06 04:07:32.866   888  2068 I ActivityManager: Process com.trustonic.tuiservice (pid 31493)(adj 5) has died(84,757)
11-06 04:07:32.866   888  2068 D ActivityManager: isAutoRunBlockedApp:: com.trustonic.tuiservice, Auto Run ON
11-06 04:07:32.866   888  2068 I ActivityManager: isWidgetUsingPkg : com.trustonic.tuiservice no widget is using.
11-06 04:07:32.866   888  2068 W ActivityManager: Scheduling restart of crashed service com.trustonic.tuiservice/.TuiService in 1000ms
11-06 04:07:32.876   350   350 I Zygote  : Process 31493 exited cleanly (1)
11-06 04:07:33.099  2968  2991 E MP-Decision: Error(-22) changing core 3 status to offline
11-06 04:07:33.152  2968  2991 E MP-Decision: Error(-22) changing core 3 status to offline
11-06 04:07:33.202  2968  2991 E MP-Decision: Error(-22) changing core 3 status to offline
11-06 04:07:33.249  2968  2991 E MP-Decision: Error(-22) changing core 3 status to offline
11-06 04:07:33.299  2968  2991 E MP-Decision: Error(-22) changing core 3 status to offline
11-06 04:07:33.316   888  5684 D BatteryService: !@BatteryListener : batteryPropertiesChanged!
11-06 04:07:33.316   888  5684 D BatteryService: level:100, scale:100, status:5, health:2, present:true, voltage: 4332, temperature: 295, technology: Li-ion, AC powered:false, USB powered:true, POGO powered:false, Wireless powered:false, icon:17303444, invalid charger:0, maxChargingCurrent:0
11-06 04:07:33.316   888  5684 D BatteryService: online:4, current avg:450, charge type:1, power sharing:false, high voltage charger:false, capacity:280000, batterySWSelfDischarging:false, current_now:450
11-06 04:07:33.316   888   888 D BatteryService: Sending ACTION_BATTERY_CHANGED.
11-06 04:07:33.329   888   888 I MotionRecognitionService: Plugged
11-06 04:07:33.329   888   888 D MotionRecognitionService:   cableConnection= 1
11-06 04:07:33.329   888   888 D MotionRecognitionService: setPowerConnected | current backoffstate  = 1024 , state =1024
11-06 04:07:33.329   888   888 D MotionRecognitionService: skip setTransmitPower. 
11-06 04:07:33.349  2968  2991 E MP-Decision: Error(-22) changing core 3 status to offline
11-06 04:07:33.362  1453  1453 D KeyguardUpdateMonitor: received broadcast android.intent.action.BATTERY_CHANGED
11-06 04:07:33.362  1453  1453 D PowerUI : priorPlugType = 2 mPlugType =  2
11-06 04:07:33.366  1453  1453 D battbar : stop anim
11-06 04:07:33.366  1453  1453 D battbar : stop anim
11-06 04:07:33.366  1453  1453 D BatteryMeterView: ACTION_BATTERY_CHANGED : level:100 status:5 health:2
11-06 04:07:33.366  1453  1453 D BatteryMeterView: ACTION_BATTERY_CHANGED : level:100 status:5 health:2
11-06 04:07:33.382  1453  1453 D KeyguardUpdateMonitor: handleBatteryUpdate
11-06 04:07:33.382 10577 10577 I DownloadManagerWrapper: onReceive() : Charging = true
11-06 04:07:33.452  2968  2991 E MP-Decision: Error(-22) changing core 3 status to offline
11-06 04:07:33.486   888   977 E AutomaticBrightnessController: [DAB] printLastLightSensorEvent : lastLightSensorEventTime = 161257038 lastLightSensorValue = 0.0
11-06 04:07:33.502  2968  2991 E MP-Decision: Error(-22) changing core 3 status to offline
11-06 04:07:33.606  2968  2991 E MP-Decision: Error(-22) changing core 3 status to offline
11-06 04:07:33.656  2968  2991 E MP-Decision: Error(-22) changing core 3 status to offline
11-06 04:07:33.706  2968  2991 E MP-Decision: Error(-22) changing core 3 status to offline
11-06 04:07:33.756  2968  2991 E MP-Decision: Error(-22) changing core 3 status to offline
11-06 04:07:33.802  2968  2991 E MP-Decision: Error(-22) changing core 3 status to offline
11-06 04:07:33.856  2968  2991 E MP-Decision: Error(-22) changing core 3 status to offline
11-06 04:07:33.906  2968  2991 E MP-Decision: Error(-22) changing core 3 status to offline
11-06 04:07:33.926   888   954 I ActivityManager: Start proc 31510:com.trustonic.tuiservice/1000 for service com.trustonic.tuiservice/.TuiService
11-06 04:07:33.932 31510 31510 E Zygote  : v2
11-06 04:07:33.932 31510 31510 W SELinux : Function: selinux_compare_spd_ram, index[1], priority [2], priority version is VE=SEPF_SECMOBILE_6.0.1_0004
11-06 04:07:33.932 31510 31510 I libpersona: KNOX_SDCARD checking this for 1000
11-06 04:07:33.932 31510 31510 I libpersona: KNOX_SDCARD not a persona
11-06 04:07:33.939 31510 31510 E Zygote  : accessInfo : 0
11-06 04:07:34.029 31510 31510 W ResourcesManager: getTopLevelResources: /system/app/TuiService/TuiService.apk / 1.0 running in com.trustonic.tuiservice rsrc of package com.trustonic.tuiservice
11-06 04:07:34.032 31510 31510 I InjectionManager: Inside getClassLibPath + mLibMap{0=, 1=}
11-06 04:07:34.032   888  2084 I InjectionManagerService -AppFeature: getCoreFeaturePkgList :[]
11-06 04:07:34.036 31510 31510 I InjectionManager: Inside getClassLibPath caller 
11-06 04:07:34.036 31510 31510 D ResourcesManager: For user 0 new overlays fetched Null
11-06 04:07:34.046 31510 31510 D InjectionManager: InjectionManager
11-06 04:07:34.046 31510 31510 D InjectionManager: fillFeatureStoreMap com.trustonic.tuiservice
11-06 04:07:34.049 31510 31510 I InjectionManager: Constructor com.trustonic.tuiservice, Feature store :{}
11-06 04:07:34.049 31510 31510 I InjectionManager: featureStore :{}
11-06 04:07:34.052 31510 31510 I TlcTuiJni: JNI_OnLoad;256
11-06 04:07:34.052 31510 31510 I TlcTuiJni: JNI_OnLoad: TuiTlcWrapperClass = 200021;270
11-06 04:07:34.052 31510 31510 I TlcTuiJni: JNI_OnLoad: gVm = B47B4000 vm = B47B4000;283
11-06 04:07:34.056 31510 31510 I TlcTuiJni: calling tlcLaunch();228
11-06 04:07:34.059 31510 31524 I TlcTui  : mainThread: TlcTui start!;76
11-06 04:07:34.059 31510 31524 I TlcTui  : mainThread: open k-tlc device failed with errno No such file or directory.;99
11-06 04:07:34.099   888  2661 I ActivityManager: Process com.trustonic.tuiservice (pid 31510)(adj 5) has died(84,757)
11-06 04:07:34.099   888  2661 D ActivityManager: isAutoRunBlockedApp:: com.trustonic.tuiservice, Auto Run ON
11-06 04:07:34.099   888  2661 I ActivityManager: isWidgetUsingPkg : com.trustonic.tuiservice no widget is using.
11-06 04:07:34.099   888  2661 W ActivityManager: Scheduling restart of crashed service com.trustonic.tuiservice/.TuiService in 1000ms
11-06 04:07:34.106   350   350 I Zygote  : Process 31510 exited cleanly (1)
11-06 04:07:34.309  2968  2991 E MP-Decision: Error(-22) changing core 3 status to offline
11-06 04:07:34.359  2968  2991 E MP-Decision: Error(-22) changing core 3 status to offline
11-06 04:07:34.409  2968  2991 E MP-Decision: Error(-22) changing core 3 status to offline
11-06 04:07:34.459  2968  2991 E MP-Decision: Error(-22) changing core 3 status to offline
11-06 04:07:34.509  2968  2991 E MP-Decision: Error(-22) changing core 3 status to offline
11-06 04:07:34.559  2968  2991 E MP-Decision: Error(-22) changing core 3 status to offline
11-06 04:07:34.609  2968  2991 E MP-Decision: Error(-22) changing core 3 status to offline
11-06 04:07:34.659  2968  2991 E MP-Decision: Error(-22) changing core 3 status to offline
11-06 04:07:34.712  2968  2991 E MP-Decision: Error(-22) changing core 3 status to offline
11-06 04:07:34.762  2968  2991 E MP-Decision: Error(-22) changing core 3 status to offline
11-06 04:07:34.772 24969 25087 D com.facebook.a.a: Got unexpected exception: java.io.WriteAbortedException: Read an exception; java.io.NotSerializableException: org.json.JSONObject
11-06 04:07:34.816  2968  2991 E MP-Decision: Error(-22) changing core 3 status to offline
11-06 04:07:34.862  2968  2991 E MP-Decision: Error(-22) changing core 3 status to offline
11-06 04:07:34.916  2968  2991 E MP-Decision: Error(-22) changing core 3 status to offline
11-06 04:07:34.966  2968  2991 E MP-Decision: Error(-22) changing core 3 status to offline
11-06 04:07:35.016  2968  2991 E MP-Decision: Error(-22) changing core 3 status to offline
11-06 04:07:35.069  2968  2991 E MP-Decision: Error(-22) changing core 3 status to offline
11-06 04:07:35.116  2968  2991 E MP-Decision: Error(-22) changing core 3 status to offline
11-06 04:07:35.116   888  1428 D AutomaticBrightnessController: applyLightSensorMeasurementSEC : mIsLockZone = false
11-06 04:07:35.122   888   954 I ActivityManager: Start proc 31525:com.trustonic.tuiservice/1000 for service com.trustonic.tuiservice/.TuiService
11-06 04:07:35.126 31525 31525 E Zygote  : v2
11-06 04:07:35.126 31525 31525 W SELinux : Function: selinux_compare_spd_ram, index[1], priority [2], priority version is VE=SEPF_SECMOBILE_6.0.1_0004
11-06 04:07:35.126 31525 31525 I libpersona: KNOX_SDCARD checking this for 1000
11-06 04:07:35.126 31525 31525 I libpersona: KNOX_SDCARD not a persona
11-06 04:07:35.129 31525 31525 E Zygote  : accessInfo : 0
11-06 04:07:35.206 31525 31525 W ResourcesManager: getTopLevelResources: /system/app/TuiService/TuiService.apk / 1.0 running in com.trustonic.tuiservice rsrc of package com.trustonic.tuiservice
11-06 04:07:35.209 31525 31525 I InjectionManager: Inside getClassLibPath + mLibMap{0=, 1=}
11-06 04:07:35.209   888  2662 I InjectionManagerService -AppFeature: getCoreFeaturePkgList :[]
11-06 04:07:35.209 31525 31525 D ResourcesManager: For user 0 new overlays fetched Null
11-06 04:07:35.212 31525 31525 I InjectionManager: Inside getClassLibPath caller 
11-06 04:07:35.222 31525 31525 D InjectionManager: InjectionManager
11-06 04:07:35.222 31525 31525 D InjectionManager: fillFeatureStoreMap com.trustonic.tuiservice
11-06 04:07:35.222 31525 31525 I InjectionManager: Constructor com.trustonic.tuiservice, Feature store :{}
11-06 04:07:35.222 31525 31525 I InjectionManager: featureStore :{}
11-06 04:07:35.239  1453  1976 D NetworkController.MobileSignalController(0/1): onSignalStrengthsChanged signalStrength=SignalStrength: 8 99 -120 -160 -120 -1 -1 99 2147483647 2147483647 2147483647 -1 2147483647 0x5 gsm|lte level=4
11-06 04:07:35.239  1453  1976 D NetworkController.MobileSignalController(0/1): getMobileIconGroup(): 10
11-06 04:07:35.239  1453  1976 D NetworkController.MobileSignalController(0/1): onSignalStrengthsChanged signalStrength=SignalStrength: 8 99 -120 -160 -120 -1 -1 99 2147483647 2147483647 2147483647 -1 2147483647 0x5 gsm|lte level=4
11-06 04:07:35.239  1453  1976 D NetworkController.MobileSignalController(0/1): getMobileIconGroup(): 10
11-06 04:07:35.242 31525 31525 I TlcTuiJni: JNI_OnLoad;256
11-06 04:07:35.242 31525 31525 I TlcTuiJni: JNI_OnLoad: TuiTlcWrapperClass = 200021;270
11-06 04:07:35.242 31525 31525 I TlcTuiJni: JNI_OnLoad: gVm = B47B4000 vm = B47B4000;283
11-06 04:07:35.242 31525 31525 I TlcTuiJni: calling tlcLaunch();228
11-06 04:07:35.246 31525 31538 I TlcTui  : mainThread: TlcTui start!;76
11-06 04:07:35.246 31525 31538 I TlcTui  : mainThread: open k-tlc device failed with errno No such file or directory.;99
11-06 04:07:35.279   888  1496 I ActivityManager: Process com.trustonic.tuiservice (pid 31525)(adj 5) has died(84,757)
11-06 04:07:35.279   888  1496 D ActivityManager: isAutoRunBlockedApp:: com.trustonic.tuiservice, Auto Run ON
11-06 04:07:35.279   888  1496 I ActivityManager: isWidgetUsingPkg : com.trustonic.tuiservice no widget is using.
11-06 04:07:35.279   888  1496 W ActivityManager: Scheduling restart of crashed service com.trustonic.tuiservice/.TuiService in 1000ms
11-06 04:07:35.286   350   350 I Zygote  : Process 31525 exited cleanly (1)
11-06 04:07:35.469  2968  2991 E MP-Decision: Error(-22) changing core 3 status to offline
11-06 04:07:35.509   888  5503 D SensorService: SensorEventConnection::SocketBufferSize, SystemSocketBufferSize - 102400, 2097152
11-06 04:07:35.509   888  2068 E Sensors : Pressure old sensor_state 8705, new sensor_state : 8737 en : 1
11-06 04:07:35.519  2968  2991 E MP-Decision: Error(-22) changing core 3 status to offline
11-06 04:07:35.526  1453  1453 D SensorManager: registerListener :: 4, Barometer Sensor, 200000, 0,  
11-06 04:07:35.529 31539 31539 F libc    : page record for 0xb6eb201c was not found (block_size=16)
11-06 04:07:35.572  2968  2991 E MP-Decision: Error(-22) changing core 3 status to offline
11-06 04:07:35.619  2968  2991 E MP-Decision: Error(-22) changing core 3 status to offline
11-06 04:07:35.672  2968  2991 E MP-Decision: Error(-22) changing core 3 status to offline
11-06 04:07:35.719  2968  2991 E MP-Decision: Error(-22) changing core 3 status to offline
11-06 04:07:35.769  2968  2991 E MP-Decision: Error(-22) changing core 3 status to offline
11-06 04:07:35.822  2968  2991 E MP-Decision: Error(-22) changing core 3 status to offline
11-06 04:07:35.872  2968  2991 E MP-Decision: Error(-22) changing core 3 status to offline
11-06 04:07:35.922  2968  2991 E MP-Decision: Error(-22) changing core 3 status to offline
11-06 04:07:35.976  2968  2991 E MP-Decision: Error(-22) changing core 3 status to offline
11-06 04:07:36.022  2968  2991 E MP-Decision: Error(-22) changing core 3 status to offline
11-06 04:07:36.076  2968  2991 E MP-Decision: Error(-22) changing core 3 status to offline
11-06 04:07:36.126  2968  2991 E MP-Decision: Error(-22) changing core 3 status to offline
11-06 04:07:36.179  2968  2991 E MP-Decision: Error(-22) changing core 3 status to offline
11-06 04:07:36.229  2968  2991 E MP-Decision: Error(-22) changing core 3 status to offline
11-06 04:07:36.279  2968  2991 E MP-Decision: Error(-22) changing core 3 status to offline
11-06 04:07:36.302   888   977 E AutomaticBrightnessController: [DAB] printLastLightSensorEvent : lastLightSensorEventTime = 161259848 lastLightSensorValue = 0.0
11-06 04:07:36.329  2968  2991 E MP-Decision: Error(-22) changing core 3 status to offline
11-06 04:07:36.332   888   954 I ActivityManager: Start proc 31540:com.trustonic.tuiservice/1000 for service com.trustonic.tuiservice/.TuiService
11-06 04:07:36.349 31540 31540 E Zygote  : v2
11-06 04:07:36.349 31540 31540 W SELinux : Function: selinux_compare_spd_ram, index[1], priority [2], priority version is VE=SEPF_SECMOBILE_6.0.1_0004
11-06 04:07:36.349 31540 31540 I libpersona: KNOX_SDCARD checking this for 1000
11-06 04:07:36.349 31540 31540 I libpersona: KNOX_SDCARD not a persona
11-06 04:07:36.352 31540 31540 E Zygote  : accessInfo : 0
11-06 04:07:36.422 31540 31540 W ResourcesManager: getTopLevelResources: /system/app/TuiService/TuiService.apk / 1.0 running in com.trustonic.tuiservice rsrc of package com.trustonic.tuiservice
11-06 04:07:36.426 31540 31540 I InjectionManager: Inside getClassLibPath + mLibMap{0=, 1=}
11-06 04:07:36.426   888  5503 I InjectionManagerService -AppFeature: getCoreFeaturePkgList :[]
11-06 04:07:36.426 31540 31540 D ResourcesManager: For user 0 new overlays fetched Null
11-06 04:07:36.429 31540 31540 I InjectionManager: Inside getClassLibPath caller 
